0	1
1	1.0001
2	1.0002
3	1.0003
4	1.0004
5	1.0005
6	1.0006
7	1.0007
8	1.0008
9	1.0009
10	1.1087
11	1.1088
12	1.121
13	1.1211
14	1.1212
15	1.1213
16	1.1214
17	1.1215
18	1.1216
19	1.1612
20	1.1763
21	1.2298
22	1.2299
23	1.23
24	1.2349
25	1.235
26	1.2351
27	1.2352
28	1.2353
29	1.2354
30	1.3366
31	1.3403
32	1.3404
33	1.3405
34	1.3406
35	1.3471
36	1.3472
37	1.3473
38	1.3957
39	1.3958
40	1.4541
41	1.4542
42	1.4543
43	1.4545
44	1.4546
45	1.4547
46	1.50279
47	1.50289
48	1.50299
49	1.55609
50	1.55619
51	1.55629
52	1.56789
53	1.56799
54	1.56809
55	1.56819
56	1.56829
57	1.66319
58	1.66329
59	1.66479
60	1.66489
61	1.66499
62	1.66509
63	1.66519
64	1.66529
65	1.66539
66	1.72859
67	1.82349
68	1.82359
69	1.82519
70	1.82559
71	1.82569
72	1.82579
73	1.82589
74	1.82599
75	1.82609
76	1.83549
77	1.85029
78	1.93749
79	1.93759
80	1.93769
81	1.93779
82	1.95749
83	1.95759
84	1.95769
85	1.95779
86	1.95789
87	1.95799
88	2.06989
89	2.07009
90	2.07019
91	2.07029
92	2.07039
93	2.07049
94	2.07059
95	2.07069
96	2.11829
97	2.11839
98	2.17859
99	2.17869
100	2.17879
101	2.17889
102	2.17899
103	2.23079
104	2.23089
105	2.23099
106	2.23109
107	2.23119
108	2.23129
109	2.28559
110	2.28729
111	2.28899
112	2.29069
113	2.33949
114	2.33959
115	2.33969
116	2.33979
117	2.39159
118	2.39169
119	2.39429
120	2.39439
121	2.39479
122	2.44829
123	2.44839
124	2.44849
125	2.50008
126	2.50018
127	2.50198
128	2.50208
129	2.50218
130	2.50228
131	2.55508
132	2.60718
133	2.60728
134	2.60738
135	2.60748
136	2.60758
137	2.66258
138	2.66268
139	2.66278
140	2.66288
141	2.66298
142	2.71588
143	2.71598
144	2.71608
145	2.71618
146	2.76788
147	2.77128
148	2.77138
149	2.77148
150	2.82328
151	2.82338
152	2.82348
153	2.82358
154	2.82368
155	2.82378
156	2.87828
157	2.87838
158	2.87848
159	2.87858
160	2.93198
161	2.93208
162	2.98398
163	2.98408
164	2.98418
165	2.98428
166	2.98438
167	2.98448
168	2.99038
169	2.99048
170	3.09238
171	3.09248
172	3.09448
173	3.09458
174	3.09468
175	3.10308
176	3.10318
177	3.10328
178	3.10338
179	3.10348
180	3.20108
181	3.20118
182	3.20128
183	3.20618
184	3.20628
185	3.20638
186	3.21348
187	3.21358
188	3.26378
189	3.26388
190	3.36158
191	3.36168
192	3.36178
193	3.36668
194	3.36678
195	3.36688
196	3.36698
197	3.37388
198	3.37398
199	3.37408
200	3.47028
201	3.47038
202	3.47048
203	3.47058
204	3.47068
205	3.47078
206	3.48088
207	3.48098
208	3.48428
209	3.48438
210	3.57897
211	3.57907
212	3.59127
213	3.59147
214	3.59177
215	3.59187
216	3.59197
217	3.59207
218	3.59217
219	3.59227
220	3.64487
221	3.69837
222	3.69847
223	3.70517
224	3.70527
225	3.70537
226	3.70547
227	3.70557
228	3.75257
229	3.75267
230	3.80517
231	3.80527
232	3.81217
233	3.81227
234	3.81237
235	3.81907
236	3.81917
237	3.81927
238	3.86127
239	3.86137
240	3.86147
241	3.86157
242	3.92087
243	3.92097
244	3.92107
245	3.92117
246	3.92127
247	3.96847
248	3.96857
249	3.96867
250	4.02177
251	4.02187
252	4.08157
253	4.08167
254	4.08177
255	4.08187
256	4.08197
257	4.12897
258	4.12907
259	4.12917
260	4.16357
261	4.16367
262	4.24207
263	4.24217
264	4.24227
265	4.24237
266	4.24247
267	4.28947
268	4.28957
269	4.28967
270	4.32397
271	4.32407
272	4.40277
273	4.40287
274	4.40297
275	4.40307
276	4.40317
277	4.44997
278	4.45007
279	4.45017
280	4.48437
281	4.48447
282	4.56346
283	4.56356
284	4.56366
285	4.56376
286	4.56386
287	4.61046
288	4.61056
289	4.61066
290	4.64476
291	4.64486
292	4.72416
293	4.72426
294	4.72436
295	4.72446
296	4.72456
297	4.77096
298	4.77106
299	4.77116
300	4.80476
301	4.80516
302	4.81266
303	4.81436
304	4.88486
305	4.88496
306	4.88506
307	4.88516
308	4.92166
309	4.92176
310	4.92186
311	4.92196
312	4.97296
313	4.97466
314	4.97476
315	4.97486
316	4.97496
317	5.02866
318	5.02876
319	5.02886
320	5.02896
321	5.02906
322	5.13326
323	5.13526
324	5.13536
325	5.13546
326	5.13556
327	5.14096
328	5.14106
329	5.14116
330	5.14126
331	5.18936
332	5.18946
333	5.18956
334	5.18966
335	5.18976
336	5.25266
337	5.25276
338	5.25286
339	5.25296
340	5.29806
341	5.29816
342	5.29826
343	5.29836
344	5.35006
345	5.35016
346	5.36486
347	5.36496
348	5.36506
349	5.36516
350	5.36526
351	5.41016
352	5.41026
353	5.41036
354	5.45876
355	5.45886
356	5.45896
357	5.45906
358	5.52055
359	5.52095
360	5.52105
361	5.52115
362	5.52125
363	5.52135
364	5.56745
365	5.56755
366	5.57085
367	5.57095
368	5.57585
369	5.57595
370	5.57605
371	5.63435
372	5.63445
373	5.67785
374	5.67805
375	5.67815
376	5.67825
377	5.68285
378	5.68295
379	5.68305
380	5.68315
381	5.74305
382	5.74315
383	5.74325
384	5.79165
385	5.79185
386	5.79195
387	5.79205
388	5.79505
389	5.79515
390	5.79525
391	5.79535
392	5.79545
393	5.79555
394	5.90035
395	5.90045
396	5.90055
397	5.90065
398	5.90075
399	5.90895
400	5.90905
401	5.90915
402	5.91395
403	5.91405
404	6.00725
405	6.06075
406	6.06105
407	6.06115
408	6.06125
409	6.06925
410	6.06935
411	6.06945
412	6.06955
413	6.07435
414	6.07445
415	6.08755
416	6.17285
417	6.17295
418	6.17305
419	6.17615
420	6.17785
421	6.22985
422	6.22995
423	6.23465
424	6.23475
425	6.24785
426	6.24795
427	6.28685
428	6.28695
429	6.28705
430	6.28715
431	6.28725
432	6.28735
433	6.34335
434	6.34345
435	6.34355
436	6.34365
437	6.34375
438	6.34385
439	6.34395
440	6.34405
441	6.34415
442	6.34425
443	6.40205
444	6.45565
445	6.45575
446	6.45585
447	6.45595
448	6.45605
449	6.45615
450	6.50434
451	6.50444
452	6.50454
453	6.50894
454	6.51434
455	6.51604
456	6.51774
457	6.51784
458	6.57114
459	6.57124
460	6.57134
461	6.57144
462	6.61664
463	6.61674
464	6.61684
465	6.61694
466	6.67804
467	6.67814
468	6.67824
469	6.67834
470	6.72364
471	6.72374
472	6.72384
473	6.72704
474	6.72714
475	6.72724
476	6.72734
477	6.72744
478	6.72754
479	6.72764
480	6.75044
481	6.79254
482	6.84614
483	6.84624
484	6.84634
485	6.84664
486	6.84674
487	6.84684
488	6.84694
489	6.84704
490	6.85734
491	6.95284
492	6.95294
493	6.95304
494	6.95824
495	6.95834
496	6.96164
497	6.96174
498	6.96684
499	6.96694
500	6.96704
501	7.06154
502	7.06164
503	7.06704
504	7.06714
505	7.06724
506	7.07394
507	7.07404
508	7.07414
509	7.12734
510	7.12744
511	7.17764
512	7.17774
513	7.17784
514	7.17794
515	7.17804
516	7.18444
517	7.18454
518	7.18464
519	7.28774
520	7.28784
521	7.28804
522	7.28814
523	7.28824
524	7.28834
525	7.33834
526	7.33844
527	7.34484
528	7.34494
529	7.34504
530	7.34514
531	7.34524
532	7.44864
533	7.44874
534	7.44884
535	7.49874
536	7.49884
537	7.49894
538	7.50533
539	7.50543
540	7.50553
541	7.50563
542	7.60913
543	7.60923
544	7.60933
545	7.65923
546	7.65933
547	7.65943
548	7.66593
549	7.66603
550	7.66613
551	7.66623
552	7.76963
553	7.76973
554	7.76983
555	7.81973
556	7.81983
557	7.81993
558	7.82653
559	7.82663
560	7.82673
561	7.82683
562	7.93013
563	7.93023
564	7.93033
565	7.98023
566	7.98033
567	7.98043
568	7.98713
569	7.98723
570	7.98733
571	7.98743
572	8.09063
573	8.09073
574	8.09083
575	8.14063
576	8.14073
577	8.14083
578	8.14763
579	8.14773
580	8.14783
581	8.14793
582	8.24763
583	8.24783
584	8.24793
585	8.24803
586	8.24813
587	8.24823
588	8.24833
589	8.25803
590	8.25813
591	8.30823
592	8.36313
593	8.36333
594	8.36353
595	8.36363
596	8.36373
597	8.36383
598	8.36393
599	8.36403
600	8.36503
601	8.46853
602	8.46863
603	8.46873
604	8.47893
605	8.47903
606	8.47913
607	8.47923
608	8.48203
609	8.48213
610	8.52532
611	8.54102
612	8.54272
613	8.54442
614	8.59482
615	8.59512
616	8.59522
617	8.59532
618	8.59542
619	8.59552
620	8.59562
621	8.59572
622	8.59582
623	8.70472
624	8.70702
625	8.70712
626	8.70722
627	8.70732
628	8.70742
629	8.71212
630	8.71222
631	8.71232
632	8.75612
633	8.76232
634	8.81582
635	8.81592
636	8.81602
637	8.81612
638	8.81622
639	8.82592
640	8.82602
641	8.82612
642	8.82622
643	8.92262
644	8.92272
645	8.92282
646	8.92292
647	8.92302
648	8.93482
649	8.93492
650	8.93502
651	8.93512
652	8.98652
653	9.03312
654	9.03322
655	9.03332
656	9.03342
657	9.08332
658	9.09532
659	9.09542
660	9.09552
661	9.09562
662	9.09572
663	9.14192
664	9.14202
665	9.14212
666	9.14222
667	9.14232
668	9.15232
669	9.15402
670	9.15412
671	9.20912
672	9.20922
673	9.20932
674	9.20942
675	9.20952
676	9.20962
677	9.30262
678	9.31262
679	9.31442
680	9.31452
681	9.31462
682	9.31612
683	9.36962
684	9.36992
685	9.37002
686	9.37012
687	9.37022
688	9.37142
689	9.37312
690	9.37482
691	9.37492
692	9.37502
693	9.39642
694	9.39812
695	9.42832
696	9.42842
697	9.42852
698	9.43512
699	9.43682
700	9.43692
701	9.43702
702	9.43712
703	9.50511
704	9.50521
705	9.50531
706	9.50541
707	9.50551
708	9.54381
709	9.54391
710	9.59741
711	9.59751
712	9.59761
713	9.61561
714	9.61571
715	9.61581
716	9.66581
717	9.66591
718	9.70411
719	9.70421
720	9.75781
721	9.75791
722	9.75801
723	9.75811
724	9.75821
725	9.75831
726	9.81301
727	9.81311
728	9.81321
729	9.81331
730	9.81341
731	9.87171
732	9.87181
733	9.87191
734	9.87201
735	9.87211
736	9.92691
737	9.92711
738	9.92721
739	9.92731
740	9.92741
741	9.98221
742	9.98231
743	9.98241
744	10.0323
745	10.0324
746	10.0325
747	10.0326
748	10.0327
749	10.0342
750	10.0359
751	10.0909
752	10.091
753	10.0911
754	10.0912
755	10.1446
756	10.1447
757	10.1448
758	10.1478
759	10.1479
760	10.1962
761	10.1963
762	10.2014
763	10.2015
764	10.2515
765	10.2551
766	10.2552
767	10.2553
768	10.2554
769	10.2555
770	10.2556
771	10.2557
772	10.2558
773	10.3051
774	10.3052
775	10.369
776	10.3691
777	10.3692
778	10.3693
779	10.3694
780	10.4122
781	10.4123
782	10.4124
783	10.4125
784	10.4126
785	10.4794
786	10.4795
787	10.4796
788	10.4797
789	10.5261
790	10.5262
791	10.5264
792	10.5265
793	10.5266
794	10.5267
795	10.6368
796	10.637
797	10.6371
798	10.6372
799	10.6373
800	10.6374
801	10.6375
802	10.6376
803	10.6377
804	10.6378
805	10.7877
806	10.7878
807	10.7879
808	10.7928
809	10.7929
810	10.7978
811	10.798
812	10.7981
813	10.7982
814	10.7983
815	10.9482
816	10.9483
817	10.9484
818	10.9532
819	10.9533
820	10.9581
821	10.9586
822	10.9587
823	10.9588
824	10.9589
825	11.1087
826	11.1088
827	11.1089
828	11.1136
829	11.1137
830	11.1184
831	11.1192
832	11.1193
833	11.1194
834	11.1195
835	11.2692
836	11.2693
837	11.2694
838	11.274
839	11.2741
840	11.2787
841	11.2798
842	11.2799
843	11.28
844	11.2801
845	11.4295
846	11.4296
847	11.4297
848	11.4298
849	11.4344
850	11.439
851	11.4391
852	11.4392
853	11.4393
854	11.4394
855	11.5478
856	11.548
857	11.5482
858	11.5483
859	11.5484
860	11.5485
861	11.5486
862	11.5487
863	11.5488
864	11.5489
865	11.6082
866	11.6619
867	11.662
868	11.6621
869	11.6622
870	11.6668
871	11.6669
872	11.667
873	11.6671
874	11.7092
875	11.7151
876	11.7172
877	11.7173
878	11.7174
879	11.7257
880	11.7274
881	11.7793
882	11.7794
883	11.8162
884	11.8163
885	11.8242
886	11.8243
887	11.8244
888	11.8245
889	11.8246
890	11.8863
891	11.8864
892	11.8865
893	11.9231
894	11.9766
895	11.9849
896	11.985
897	11.9851
898	11.9852
899	11.9853
900	12.0468
901	12.0469
902	12.047
903	12.0834
904	12.1369
905	12.137
906	12.1456
907	12.1457
908	12.1458
909	12.1459
910	12.146
911	12.1461
912	12.1462
913	12.1903
914	12.1904
915	12.1905
916	12.263
917	12.2631
918	12.2633
919	12.2634
920	12.2635
921	12.2636
922	12.2637
923	12.3015
924	12.3016
925	12.3508
926	12.3509
927	12.351
928	12.3511
929	12.3512
930	12.3513
931	12.3803
932	12.3804
933	12.4619
934	12.462
935	12.4621
936	12.4622
937	12.4631
938	12.4632
939	12.4633
940	12.4634
941	12.5407
942	12.5408
943	12.5812
944	12.5813
945	12.5814
946	12.5815
947	12.5816
948	12.5817
949	12.5818
950	12.6237
951	12.6238
952	12.6239
953	12.6917
954	12.6918
955	12.6919
956	12.6968
957	12.6969
958	12.697
959	12.6971
960	12.7342
961	12.7343
962	12.7344
963	12.8073
964	12.8074
965	12.8076
966	12.8077
967	12.8078
968	12.8079
969	12.808
970	12.846
971	12.8477
972	12.8494
973	12.8643
974	12.866
975	12.8661
976	12.9247
977	12.9248
978	12.9249
979	12.925
980	12.9251
981	12.9252
982	12.9253
983	12.973
984	12.9731
985	12.9732
986	13.0351
987	13.0352
988	13.0353
989	13.0354
990	13.0355
991	13.0356
992	13.0357
993	13.0358
994	13.0359
995	13.036
996	13.1523
997	13.1527
998	13.1528
999	13.1529
1000	13.153
1001	13.1531
1002	13.1532
1003	13.1557
1004	13.1558
1005	13.1963
1006	13.261
1007	13.2611
1008	13.2612
1009	13.2734
1010	13.2735
1011	13.2736
1012	13.2737
1013	13.2738
1014	13.2739
1015	13.274
1016	13.3697
1017	13.3698
1018	13.4215
1019	13.4338
1020	13.4342
1021	13.4343
1022	13.4344
1023	13.4345
1024	13.4346
1025	13.4347
1026	13.4766
1027	13.5301
1028	13.5426
1029	13.5427
1030	13.5428
1031	13.5429
1032	13.5477
1033	13.5478
1034	13.5479
1035	13.548
1036	13.5481
1037	13.5569
1038	13.5694
1039	13.6566
1040	13.6567
1041	13.6568
1042	13.6569
1043	13.657
1044	13.6651
1045	13.6652
1046	13.6653
1047	13.6654
1048	13.6763
1049	13.7119
1050	13.712
1051	13.7153
1052	13.7154
1053	13.7204
1054	13.7739
1055	13.774
1056	13.7834
1057	13.7835
1058	13.7836
1059	13.7837
1060	13.8224
1061	13.8225
1062	13.8757
1063	13.8758
1064	13.8759
1065	13.876
1066	13.8761
1067	13.8762
1068	13.8763
1069	13.8764
1070	13.8765
1071	13.9828
1072	13.9829
1073	13.9879
1074	13.988
1075	13.9881
1076	14.0368
1077	14.0369
1078	14.037
1079	14.0371
1080	14.0372
1081	14.1432
1082	14.1433
1083	14.1483
1084	14.1484
1085	14.1485
1086	14.1975
1087	14.1976
1088	14.1977
1089	14.1978
1090	14.1979
1091	14.3036
1092	14.3037
1093	14.3088
1094	14.3089
1095	14.309
1096	14.3582
1097	14.3583
1098	14.3584
1099	14.3585
1100	14.3586
1101	14.464
1102	14.4641
1103	14.4693
1104	14.4694
1105	14.4695
1106	14.5189
1107	14.519
1108	14.5191
1109	14.5192
1110	14.5193
1111	14.6244
1112	14.6245
1113	14.6298
1114	14.6299
1115	14.63
1116	14.6796
1117	14.6797
1118	14.6798
1119	14.6799
1120	14.68
1121	14.7126
1122	14.7848
1123	14.7849
1124	14.785
1125	14.7851
1126	14.803
1127	14.8031
1128	14.8032
1129	14.8033
1130	14.8034
1131	14.8195
1132	14.9151
1133	14.9156
1134	14.9157
1135	14.9158
1136	14.9159
1137	14.916
1138	14.9161
1139	14.9162
1140	14.9163
1141	14.9164
1142	15.0274
1143	15.0275
1144	15.0276
1145	15.0277
1146	15.0278
1147	15.0279
1148	15.028
1149	15.0281
1150	15.0282
1151	15.0767
1152	15.0768
1153	15.1378
1154	15.1379
1155	15.138
1156	15.1481
1157	15.1484
1158	15.1485
1159	15.1486
1160	15.1487
1161	15.1488
1162	15.1489
1163	15.2569
1164	15.2571
1165	15.2572
1166	15.2573
1167	15.2574
1168	15.2602
1169	15.2603
1170	15.2604
1171	15.2605
1172	15.3092
1173	15.3093
1174	15.3139
1175	15.314
1176	15.3141
1177	15.3224
1178	15.376
1179	15.3761
1180	15.3762
1181	15.4208
1182	15.4297
1183	15.4298
1184	15.4299
1185	15.43
1186	15.4301
1187	15.4302
1188	15.5363
1189	15.5365
1190	15.5366
1191	15.5367
1192	15.5403
1193	15.5404
1194	15.5405
1195	15.5435
1196	15.5436
1197	15.5905
1198	15.5906
1199	15.6001
1200	15.6536
1201	15.6539
1202	15.654
1203	15.6541
1204	15.6542
1205	15.7039
1206	15.704
1207	15.7509
1208	15.751
1209	15.7604
1210	15.7674
1211	15.7676
1212	15.7677
1213	15.7678
1214	15.7679
1215	15.768
1216	15.7681
1217	15.8779
1218	15.878
1219	15.8782
1220	15.8783
1221	15.8784
1222	15.8785
1223	15.8786
1224	15.8787
1225	15.8788
1226	15.9284
1227	15.9866
1228	15.9867
1229	15.9868
1230	15.9985
1231	15.9986
1232	15.9988
1233	15.9989
1234	15.999
1235	15.9991
1236	16.0886
1237	16.0887
1238	16.0969
1239	16.097
1240	16.0971
1241	16.0972
1242	16.0973
1243	16.0974
1244	16.0975
1245	16.0976
1246	16.2039
1247	16.204
1248	16.2041
1249	16.2073
1250	16.2074
1251	16.216
1252	16.2161
1253	16.2162
1254	16.2163
1255	16.2164
1256	16.323
1257	16.3234
1258	16.3235
1259	16.3236
1260	16.3237
1261	16.3238
1262	16.3239
1263	16.324
1264	16.3767
1265	16.3768
1266	16.4317
1267	16.4318
1268	16.4368
1269	16.4369
1270	16.437
1271	16.4402
1272	16.4403
1273	16.4404
1274	16.5371
1275	16.5372
1276	16.5373
1277	16.5374
1278	16.5525
1279	16.5527
1280	16.5528
1281	16.5529
1282	16.553
1283	16.5531
1284	16.5639
1285	16.6492
1286	16.6493
1287	16.6494
1288	16.6495
1289	16.6496
1290	16.6497
1291	16.6663
1292	16.6664
1293	16.6709
1294	16.671
1295	16.676
1296	16.7596
1297	16.7597
1298	16.7598
1299	16.7599
1300	16.775
1301	16.7751
1302	16.7752
1303	16.8312
1304	16.8313
1305	16.8314
1306	16.8315
1307	16.9202
1308	16.9203
1309	16.9204
1310	16.9354
1311	16.9355
1312	16.9356
1313	16.9399
1314	16.94
1315	16.9918
1316	16.9919
1317	17.0306
1318	17.0307
1319	17.0308
1320	17.0957
1321	17.0959
1322	17.096
1323	17.0961
1324	17.0962
1325	17.0963
1326	17.1393
1327	17.1394
1328	17.1395
1329	17.1396
1330	17.1397
1331	17.1398
1332	17.1399
1333	17.14
1334	17.1401
1335	17.1402
1336	17.1661
1337	17.2515
1338	17.2516
1339	17.2517
1340	17.3005
1341	17.3006
1342	17.3007
1343	17.3008
1344	17.3009
1345	17.301
1346	17.3264
1347	17.348
1348	17.4119
1349	17.412
1350	17.4608
1351	17.4613
1352	17.4614
1353	17.4615
1354	17.4616
1355	17.4617
1356	17.4867
1357	17.5083
1358	17.5723
1359	17.5724
1360	17.6211
1361	17.622
1362	17.6221
1363	17.6222
1364	17.6223
1365	17.6224
1366	17.647
1367	17.6686
1368	17.7327
1369	17.7328
1370	17.7814
1371	17.7827
1372	17.7828
1373	17.7829
1374	17.783
1375	17.7831
1376	17.8073
1377	17.8289
1378	17.8931
1379	17.8932
1380	17.9417
1381	17.9434
1382	17.9435
1383	17.9436
1384	17.9437
1385	17.9438
1386	17.9676
1387	17.9892
1388	18.0535
1389	18.0536
1390	18.0537
1391	18.1037
1392	18.104
1393	18.1041
1394	18.1042
1395	18.1043
1396	18.1044
1397	18.1045
1398	18.1622
1399	18.1623
1400	18.1624
1401	18.1625
1402	18.1626
1403	18.1627
1404	18.1628
1405	18.1629
1406	18.163
1407	18.2648
1408	18.2649
1409	18.2762
1410	18.2763
1411	18.2764
1412	18.2765
1413	18.2811
1414	18.2812
1415	18.2813
1416	18.3233
1417	18.3735
1418	18.3736
1419	18.3737
1420	18.3738
1421	18.3739
1422	18.39
1423	18.3901
1424	18.4304
1425	18.4305
1426	18.4306
1427	18.4822
1428	18.4823
1429	18.4824
1430	18.4874
1431	18.4875
1432	18.4876
1433	18.4877
1434	18.4878
1435	18.4879
1436	18.5909
1437	18.5927
1438	18.5928
1439	18.5929
1440	18.593
1441	18.6012
1442	18.6013
1443	18.6014
1444	18.6015
1445	18.6482
1446	18.7117
1447	18.7119
1448	18.712
1449	18.7121
1450	18.7122
1451	18.7123
1452	18.7124
1453	18.7125
1454	18.7126
1455	18.7127
1456	18.8204
1457	18.8205
1458	18.8206
1459	18.8207
1460	18.8208
1461	18.8209
1462	18.8325
1463	18.8326
1464	18.8327
1465	18.8328
1466	18.9291
1467	18.9292
1468	18.9325
1469	18.9326
1470	18.9327
1471	18.9412
1472	18.9413
1473	18.9414
1474	18.9415
1475	18.9416
1476	19.0537
1477	19.0538
1478	19.054
1479	19.0541
1480	19.0542
1481	19.0543
1482	19.0544
1483	19.0545
1484	19.0546
1485	19.0547
1486	19.0805
1487	19.0822
1488	19.0839
1489	19.1675
1490	19.1676
1491	19.1677
1492	19.1678
1493	19.1745
1494	19.1746
1495	19.1747
1496	19.1748
1497	19.2425
1498	19.2426
1499	19.2836
1500	19.2837
1501	19.2838
1502	19.2839
1503	19.284
1504	19.2841
1505	19.2842
1506	19.3351
1507	19.3907
1508	19.3908
1509	19.3909
1510	19.391
1511	19.4445
1512	19.4446
1513	19.4447
1514	19.4448
1515	19.4449
1516	19.4954
1517	19.5011
1518	19.5012
1519	19.5013
1520	19.5513
1521	19.5514
1522	19.555
1523	19.5551
1524	19.5552
1525	19.6052
1526	19.6557
1527	19.6558
1528	19.6585
1529	19.6586
1530	19.6587
1531	19.6588
1532	19.6589
1533	19.7123
1534	19.7124
1535	19.7125
1536	19.7644
1537	19.7645
1538	19.7646
1539	19.7647
1540	19.7712
1541	19.7713
1542	19.7714
1543	19.821
1544	19.8211
1545	19.8212
1546	19.8213
1547	19.8214
1548	19.8215
1549	19.8282
1550	19.8817
1551	19.8818
1552	19.8819
1553	19.9315
1554	19.9316
1555	19.9317
1556	19.9318
1557	19.9384
1558	19.9385
1559	19.9386
1560	19.9387
1561	19.9388
1562	20.0385
1563	20.0386
1564	20.0387
1565	20.0388
1566	20.0389
1567	20.0453
1568	20.047
1569	20.0989
1570	20.0991
1571	20.0992
1572	20.0993
1573	20.1507
1574	20.1508
1575	20.1509
1576	20.151
1577	20.1522
1578	20.2073
1579	20.2094
1580	20.2095
1581	20.2096
1582	20.2596
1583	20.2597
1584	20.2648
1585	20.2649
1586	20.265
1587	20.2651
1588	20.2652
1589	20.2653
1590	20.3698
1591	20.3699
1592	20.3754
1593	20.3755
1594	20.3756
1595	20.3757
1596	20.3758
1597	20.3786
1598	20.3787
1599	20.3788
1600	20.4251
1601	20.4252
1602	20.4859
1603	20.486
1604	20.4861
1605	20.4928
1606	20.4929
1607	20.493
1608	20.4931
1609	20.4932
1610	20.5338
1611	20.5339
1612	20.5619
1613	20.5636
1614	20.5637
1615	20.6535
1616	20.6536
1617	20.6537
1618	20.6538
1619	20.6539
1620	20.6942
1621	20.6943
1622	20.6944
1623	20.724
1624	20.7241
1625	20.8142
1626	20.8143
1627	20.8144
1628	20.8145
1629	20.8146
1630	20.8547
1631	20.8548
1632	20.8549
1633	20.8844
1634	20.8845
1635	20.9749
1636	20.975
1637	20.9751
1638	20.9752
1639	20.9753
1640	21.0152
1641	21.0153
1642	21.0154
1643	21.0448
1644	21.0449
1645	21.1356
1646	21.1357
1647	21.1358
1648	21.1359
1649	21.136
1650	21.1757
1651	21.1758
1652	21.1759
1653	21.2052
1654	21.2053
1655	21.2932
1656	21.2949
1657	21.2963
1658	21.2964
1659	21.2965
1660	21.336
1661	21.3362
1662	21.3363
1663	21.3364
1664	21.3656
1665	21.3657
1666	21.4483
1667	21.4484
1668	21.4485
1669	21.4487
1670	21.4488
1671	21.4489
1672	21.449
1673	21.4491
1674	21.4743
1675	21.4744
1676	21.4751
1677	21.4768
1678	21.4785
1679	21.4802
1680	21.5638
1681	21.5639
1682	21.564
1683	21.5849
1684	21.585
1685	21.5851
1686	21.5852
1687	21.6371
1688	21.6388
1689	21.6405
1690	21.6743
1691	21.6744
1692	21.6745
1693	21.6746
1694	21.6972
1695	21.6973
1696	21.6974
1697	21.7458
1698	21.7459
1699	21.7847
1700	21.7848
1701	21.7849
1702	21.785
1703	21.8076
1704	21.8078
1705	21.8079
1706	21.808
1707	21.8545
1708	21.8546
1709	21.8934
1710	21.8935
1711	21.8936
1712	21.9147
1713	21.9148
1714	21.9149
1715	21.915
1716	21.9151
1717	21.9152
1718	22.0149
1719	22.015
1720	22.0539
1721	22.054
1722	22.0541
1723	22.0751
1724	22.0753
1725	22.0755
1726	22.0756
1727	22.0757
1728	22.0758
1729	22.1627
1730	22.1628
1731	22.1629
1732	22.163
1733	22.1855
1734	22.1856
1735	22.1857
1736	22.1858
1737	22.1859
1738	22.186
1739	22.2225
1740	22.2226
1741	22.3013
1742	22.3015
1743	22.3016
1744	22.3017
1745	22.3018
1746	22.3019
1747	22.302
1748	22.3021
1749	22.3414
1750	22.3415
1751	22.4118
1752	22.4119
1753	22.412
1754	22.4185
1755	22.4187
1756	22.4188
1757	22.4189
1758	22.419
1759	22.4191
1760	22.5018
1761	22.5019
1762	22.502
1763	22.5723
1764	22.5788
1765	22.5794
1766	22.5795
1767	22.5796
1768	22.5797
1769	22.5798
1770	22.6622
1771	22.6623
1772	22.6624
1773	22.6876
1774	22.6877
1775	22.6878
1776	22.74
1777	22.7401
1778	22.7402
1779	22.7403
1780	22.7404
1781	22.7405
1782	22.7406
1783	22.7407
1784	22.7408
1785	22.7409
1786	22.8487
1787	22.8488
1788	22.8489
1789	22.901
1790	22.9012
1791	22.9013
1792	22.9014
1793	22.9015
1794	22.9016
1795	22.9017
1796	22.9574
1797	22.9575
1798	22.9576
1799	23.0097
1800	23.0098
1801	23.0131
1802	23.0132
1803	23.0133
1804	23.0134
1805	23.062
1806	23.0621
1807	23.1168
1808	23.1169
1809	23.117
1810	23.1171
1811	23.1737
1812	23.1738
1813	23.1739
1814	23.174
1815	23.2224
1816	23.2225
1817	23.2226
1818	23.2227
1819	23.2774
1820	23.2775
1821	23.2824
1822	23.2825
1823	23.3342
1824	23.3343
1825	23.3347
1826	23.3348
1827	23.3349
1828	23.335
1829	23.3861
1830	23.3862
1831	23.3863
1832	23.3864
1833	23.3912
1834	23.4447
1835	23.4448
1836	23.4449
1837	23.445
1838	23.4953
1839	23.4966
1840	23.4967
1841	23.4968
1842	23.4969
1843	23.497
1844	23.5489
1845	23.6026
1846	23.6027
1847	23.6028
1848	23.6029
1849	23.6093
1850	23.6094
1851	23.6095
1852	23.6096
1853	23.6559
1854	23.656
1855	23.7203
1856	23.7204
1857	23.7205
1858	23.7206
1859	23.7207
1860	23.7208
1861	23.7209
1862	23.7699
1863	23.77
1864	23.7701
1865	23.8788
1866	23.8793
1867	23.8794
1868	23.8795
1869	23.8796
1870	23.8797
1871	23.8798
1872	23.8799
1873	23.88
1874	23.8801
1875	24.0391
1876	24.0398
1877	24.04
1878	24.0404
1879	24.0405
1880	24.0406
1881	24.0407
1882	24.0408
1883	24.0409
1884	24.041
1885	24.1994
1886	24.2001
1887	24.2003
1888	24.2013
1889	24.2014
1890	24.2015
1891	24.2016
1892	24.2017
1893	24.2018
1894	24.2019
1895	24.3597
1896	24.3604
1897	24.3606
1898	24.3622
1899	24.3623
1900	24.3624
1901	24.3625
1902	24.3626
1903	24.3627
1904	24.3628
1905	24.52
1906	24.5207
1907	24.5209
1908	24.5231
1909	24.5232
1910	24.5233
1911	24.5234
1912	24.5235
1913	24.5236
1914	24.5237
1915	24.6803
1916	24.681
1917	24.6812
1918	24.6813
1919	24.6835
1920	24.6838
1921	24.6839
1922	24.684
1923	24.6841
1924	24.6842
1925	24.7071
1926	24.739
1927	24.7407
1928	24.7408
1929	24.7409
1930	24.7975
1931	24.7976
1932	24.8444
1933	24.8445
1934	24.8446
1935	24.846
1936	24.8461
1937	24.8494
1938	24.8495
1939	24.9012
1940	24.9013
1941	24.9014
1942	24.9531
1943	24.9532
1944	24.9533
1945	24.9534
1946	25.0064
1947	25.0098
1948	25.0099
1949	25.01
1950	25.0101
1951	25.0115
1952	25.0618
1953	25.0619
1954	25.062
1955	25.0621
1956	25.1168
1957	25.1169
1958	25.122
1959	25.1221
1960	25.1222
1961	25.1223
1962	25.1723
1963	25.1724
1964	25.1725
1965	25.2224
1966	25.2225
1967	25.2226
1968	25.2793
1969	25.2795
1970	25.2796
1971	25.2797
1972	25.2798
1973	25.3295
1974	25.3296
1975	25.3297
1976	25.3328
1977	25.3329
1978	25.3363
1979	25.338
1980	25.3381
1981	25.3831
1982	25.4366
1983	25.4367
1984	25.445
1985	25.4451
1986	25.4453
1987	25.4454
1988	25.4455
1989	25.4456
1990	25.4466
1991	25.49
1992	25.4901
1993	25.5622
1994	25.5624
1995	25.5625
1996	25.5626
1997	25.5628
1998	25.5629
1999	25.563
2000	25.5631
2001	25.6504
2002	25.6505
2003	25.6506
2004	25.6745
2005	25.6746
2006	25.6747
2007	25.6748
2008	25.7233
2009	25.7234
2010	25.7235
2011	25.7815
2012	25.7816
2013	25.7817
2014	25.7818
2015	25.832
2016	25.8321
2017	25.8322
2018	25.8323
2019	25.8324
2020	25.8838
2021	25.8856
2022	25.9392
2023	25.9393
2024	25.9394
2025	25.9395
2026	25.9396
2027	25.9397
2028	25.9398
2029	25.9908
2030	25.9909
2031	26.0458
2032	26.0459
2033	26.046
2034	26.0548
2035	26.0549
2036	26.055
2037	26.0551
2038	26.0552
2039	26.0553
2040	26.0977
2041	26.1101
2042	26.1638
2043	26.1639
2044	26.164
2045	26.1641
2046	26.1642
2047	26.1687
2048	26.1688
2049	26.2047
2050	26.2048
2051	26.2704
2052	26.2705
2053	26.2743
2054	26.2744
2055	26.2745
2056	26.3245
2057	26.3246
2058	26.3247
2059	26.3651
2060	26.3652
2061	26.3653
2062	26.3654
2063	26.3831
2064	26.3832
2065	26.4332
2066	26.4333
2067	26.4334
2068	26.4335
2069	26.4739
2070	26.474
2071	26.4741
2072	26.5257
2073	26.5419
2074	26.5421
2075	26.5422
2076	26.5423
2077	26.5424
2078	26.5425
2079	26.5426
2080	26.5806
2081	26.5823
2082	26.5824
2083	26.6342
2084	26.6878
2085	26.6881
2086	26.6882
2087	26.6883
2088	26.6884
2089	26.6885
2090	26.6886
2091	26.6887
2092	26.7412
2093	26.7413
2094	26.7465
2095	26.8001
2096	26.8002
2097	26.8003
2098	26.8051
2099	26.8052
2100	26.8053
2101	26.8054
2102	26.9016
2103	26.9017
2104	26.9068
2105	26.9069
2106	26.907
2107	26.9071
2108	26.9072
2109	26.9156
2110	26.9157
2111	26.9657
2112	27.0103
2113	27.0104
2114	27.0105
2115	27.0191
2116	27.0192
2117	27.0193
2118	27.0243
2119	27.0244
2120	27.0245
2121	27.1191
2122	27.1192
2123	27.1193
2124	27.1194
2125	27.1195
2126	27.1196
2127	27.1314
2128	27.1315
2129	27.1848
2130	27.1849
2131	27.185
2132	27.259
2133	27.2591
2134	27.2592
2135	27.2593
2136	27.2799
2137	27.2918
2138	27.2919
2139	27.3292
2140	27.3453
2141	27.3454
2142	27.4196
2143	27.4197
2144	27.4198
2145	27.4199
2146	27.4402
2147	27.4522
2148	27.4523
2149	27.4895
2150	27.5057
2151	27.5058
2152	27.5802
2153	27.5803
2154	27.5804
2155	27.5805
2156	27.6005
2157	27.6126
2158	27.6127
2159	27.6498
2160	27.6661
2161	27.6662
2162	27.7408
2163	27.7409
2164	27.741
2165	27.7411
2166	27.7608
2167	27.773
2168	27.7731
2169	27.8101
2170	27.8265
2171	27.8266
2172	27.9011
2173	27.9014
2174	27.9015
2175	27.9016
2176	27.908
2177	27.9267
2178	27.9284
2179	27.9285
2180	27.9385
2181	27.9386
2182	27.9387
2183	28.0358
2184	28.0359
2185	28.036
2186	28.0361
2187	28.0362
2188	28.0363
2189	28.0364
2190	28.0365
2191	28.099
2192	28.0991
2193	28.0992
2194	28.0993
2195	28.1013
2196	28.103
2197	28.1047
2198	28.155
2199	28.1551
2200	28.1552
2201	28.1553
2202	28.2112
2203	28.2113
2204	28.2114
2205	28.2163
2206	28.2164
2207	28.2165
2208	28.3156
2209	28.3157
2210	28.3158
2211	28.3159
2212	28.3199
2213	28.32
2214	28.3233
2215	28.3234
2216	28.3235
2217	28.3768
2218	28.4295
2219	28.4297
2220	28.4298
2221	28.4299
2222	28.43
2223	28.4346
2224	28.4347
2225	28.4348
2226	28.4838
2227	28.5365
2228	28.5366
2229	28.5468
2230	28.5469
2231	28.5471
2232	28.5472
2233	28.5473
2234	28.5474
2235	28.5951
2236	28.6441
2237	28.6574
2238	28.6575
2239	28.6576
2240	28.6577
2241	28.6578
2242	28.6579
2243	28.658
2244	28.7021
2245	28.7022
2246	28.7023
2247	28.7661
2248	28.7662
2249	28.7663
2250	28.773
2251	28.7731
2252	28.7732
2253	28.7733
2254	28.7734
2255	28.8626
2256	28.8627
2257	28.8628
2258	28.8629
2259	28.863
2260	28.8853
2261	28.8854
2262	28.8855
2263	28.8856
2264	28.8857
2265	28.8894
2266	28.973
2267	28.9731
2268	28.9732
2269	28.9733
2270	28.9734
2271	28.9976
2272	28.9977
2273	28.9978
2274	28.9979
2275	28.998
2276	29.0329
2277	29.033
2278	29.0331
2279	29.0332
2280	29.0512
2281	29.0513
2282	29.0514
2283	29.0515
2284	29.0516
2285	29.0916
2286	29.1453
2287	29.1454
2288	29.1455
2289	29.1456
2290	29.1457
2291	29.165
2292	29.1652
2293	29.1653
2294	29.1654
2295	29.2519
2296	29.252
2297	29.2521
2298	29.2741
2299	29.2742
2300	29.2743
2301	29.2744
2302	29.2745
2303	29.3257
2304	29.3258
2305	29.3606
2306	29.3607
2307	29.3847
2308	29.3848
2309	29.3849
2310	29.385
2311	29.3851
2312	29.3852
2313	29.486
2314	29.4861
2315	29.4918
2316	29.4919
2317	29.492
2318	29.5455
2319	29.5456
2320	29.5457
2321	29.5458
2322	29.5459
2323	29.546
2324	29.5989
2325	29.599
2326	29.6523
2327	29.6524
2328	29.6525
2329	29.6526
2330	29.6576
2331	29.6577
2332	29.7063
2333	29.7064
2334	29.7593
2335	29.7594
2336	29.7595
2337	29.7596
2338	29.8129
2339	29.813
2340	29.8131
2341	29.8132
2342	29.8133
2343	29.8663
2344	29.8664
2345	29.8665
2346	29.8666
2347	29.9199
2348	29.9252
2349	29.9253
2350	29.9254
2351	29.9255
2352	29.9736
2353	29.9768
2354	29.9769
2355	29.977
2356	30.0269
2357	30.0322
2358	30.0323
2359	30.0374
2360	30.0375
2361	30.0376
2362	30.0805
2363	30.1373
2364	30.1374
2365	30.1375
2366	30.1376
2367	30.1462
2368	30.1464
2369	30.1465
2370	30.1466
2371	30.1467
2372	30.1468
2373	30.2533
2374	30.2534
2375	30.2535
2376	30.2536
2377	30.2537
2378	30.2601
2379	30.2602
2380	30.2603
2381	30.2604
2382	30.3071
2383	30.312
2384	30.3137
2385	30.3656
2386	30.3657
2387	30.414
2388	30.4141
2389	30.4207
2390	30.4208
2391	30.4209
2392	30.4674
2393	30.4723
2394	30.474
2395	30.526
2396	30.5261
2397	30.5568
2398	30.5569
2399	30.557
2400	30.5571
2401	30.5812
2402	30.6277
2403	30.6278
2404	30.6279
2405	30.6864
2406	30.6865
2407	30.7174
2408	30.7175
2409	30.7176
2410	30.7177
2411	30.7415
2412	30.7882
2413	30.7883
2414	30.7884
2415	30.8468
2416	30.8469
2417	30.878
2418	30.8781
2419	30.8782
2420	30.8783
2421	30.9018
2422	30.9487
2423	30.9488
2424	30.9489
2425	31.0072
2426	31.0073
2427	31.0386
2428	31.0387
2429	31.0388
2430	31.0389
2431	31.0621
2432	31.1092
2433	31.1093
2434	31.1094
2435	31.1676
2436	31.1677
2437	31.1992
2438	31.1993
2439	31.1994
2440	31.1995
2441	31.2224
2442	31.2225
2443	31.2697
2444	31.2698
2445	31.3098
2446	31.3099
2447	31.31
2448	31.3101
2449	31.3296
2450	31.3297
2451	31.3298
2452	31.3828
2453	31.3829
2454	31.4222
2455	31.4223
2456	31.4224
2457	31.4225
2458	31.4226
2459	31.4227
2460	31.4228
2461	31.4229
2462	31.423
2463	31.5309
2464	31.531
2465	31.5311
2466	31.5312
2467	31.5361
2468	31.5362
2469	31.5363
2470	31.5833
2471	31.5834
2472	31.5835
2473	31.6447
2474	31.6448
2475	31.6449
2476	31.645
2477	31.6451
2478	31.6481
2479	31.6482
2480	31.7436
2481	31.7438
2482	31.7439
2483	31.7621
2484	31.7624
2485	31.7625
2486	31.7626
2487	31.7627
2488	31.7628
2489	31.7629
2490	31.8157
2491	31.8693
2492	31.8694
2493	31.8695
2494	31.8776
2495	31.8777
2496	31.8779
2497	31.878
2498	31.8781
2499	31.8782
2500	31.976
2501	31.9761
2502	31.9846
2503	31.9847
2504	31.9848
2505	31.9849
2506	31.985
2507	31.9851
2508	31.9852
2509	31.9853
2510	32.0847
2511	32.0848
2512	32.095
2513	32.0951
2514	32.0952
2515	32.1002
2516	32.1003
2517	32.1004
2518	32.1035
2519	32.1036
2520	32.1115
2521	32.1132
2522	32.2055
2523	32.2056
2524	32.2057
2525	32.2123
2526	32.2124
2527	32.2125
2528	32.2126
2529	32.2639
2530	32.2718
2531	32.2735
2532	32.3212
2533	32.3213
2534	32.3214
2535	32.3215
2536	32.3216
2537	32.3217
2538	32.3729
2539	32.3788
2540	32.3789
2541	32.4282
2542	32.4283
2543	32.4284
2544	32.4368
2545	32.4369
2546	32.437
2547	32.4371
2548	32.4875
2549	32.4876
2550	32.4877
2551	32.5386
2552	32.5387
2553	32.5388
2554	32.5472
2555	32.5473
2556	32.5474
2557	32.5963
2558	32.5964
2559	32.5965
2560	32.5966
2561	32.656
2562	32.6562
2563	32.6563
2564	32.6564
2565	32.6565
2566	32.6566
2567	32.6567
2568	32.6568
2569	32.6569
2570	32.657
2571	32.7647
2572	32.7648
2573	32.7766
2574	32.7767
2575	32.777
2576	32.7771
2577	32.7772
2578	32.7773
2579	32.7774
2580	32.7775
2581	32.894
2582	32.8942
2583	32.8945
2584	32.8946
2585	32.8947
2586	32.8948
2587	32.8949
2588	32.895
2589	32.8951
2590	32.9378
2591	32.9379
2592	33.008
2593	33.0081
2594	33.0082
2595	33.0083
2596	33.0084
2597	33.0085
2598	33.0086
2599	33.0466
2600	33.0467
2601	33.0468
2602	33.0469
2603	33.1235
2604	33.1238
2605	33.1239
2606	33.124
2607	33.1241
2608	33.1242
2609	33.1606
2610	33.1607
2611	33.1608
2612	33.1609
2613	33.2838
2614	33.2842
2615	33.2843
2616	33.2844
2617	33.2845
2618	33.2846
2619	33.2847
2620	33.2848
2621	33.3211
2622	33.3212
2623	33.3925
2624	33.3926
2625	33.3993
2626	33.3994
2627	33.3995
2628	33.3996
2629	33.3997
2630	33.4312
2631	33.4313
2632	33.4314
2633	33.4563
2634	33.5098
2635	33.51
2636	33.5101
2637	33.5102
2638	33.5103
2639	33.5104
2640	33.5468
2641	33.5485
2642	33.5502
2643	33.6166
2644	33.6167
2645	33.6203
2646	33.6204
2647	33.6205
2648	33.6575
2649	33.6576
2650	33.6577
2651	33.6578
2652	33.6579
2653	33.7253
2654	33.7254
2655	33.7255
2656	33.7808
2657	33.7809
2658	33.8182
2659	33.8183
2660	33.8184
2661	33.8185
2662	33.8186
2663	33.8686
2664	33.8687
2665	33.8688
2666	33.9412
2667	33.9413
2668	33.9789
2669	33.979
2670	33.9791
2671	33.9792
2672	33.9793
2673	34.0291
2674	34.0292
2675	34.0293
2676	34.1016
2677	34.1017
2678	34.1396
2679	34.1397
2680	34.1398
2681	34.1399
2682	34.14
2683	34.1896
2684	34.1897
2685	34.1898
2686	34.262
2687	34.2621
2688	34.3003
2689	34.3004
2690	34.3005
2691	34.3006
2692	34.3007
2693	34.3501
2694	34.3502
2695	34.3503
2696	34.4224
2697	34.4225
2698	34.461
2699	34.4611
2700	34.4612
2701	34.4613
2702	34.4614
2703	34.5105
2704	34.5106
2705	34.5107
2706	34.5828
2707	34.5829
2708	34.583
2709	34.6072
2710	34.6073
2711	34.6074
2712	34.6175
2713	34.6176
2714	34.6177
2715	34.671
2716	34.6711
2717	34.6933
2718	34.6934
2719	34.6935
2720	34.7176
2721	34.7177
2722	34.7252
2723	34.778
2724	34.7781
2725	34.7797
2726	34.7798
2727	34.7799
2728	34.78
2729	34.8538
2730	34.8539
2731	34.878
2732	34.8855
2733	34.8856
2734	34.8857
2735	34.8858
2736	34.8859
2737	34.886
2738	34.9403
2739	34.9404
2740	35.001
2741	35.0014
2742	35.0015
2743	35.0016
2744	35.0017
2745	35.0018
2746	35.0019
2747	35.002
2748	35.1007
2749	35.1008
2750	35.1009
2751	35.101
2752	35.1011
2753	35.1165
2754	35.1166
2755	35.1167
2756	35.1168
2757	35.1169
2758	35.2111
2759	35.2112
2760	35.2113
2761	35.2145
2762	35.2146
2763	35.2147
2764	35.2235
2765	35.277
2766	35.2772
2767	35.2773
2768	35.3233
2769	35.3234
2770	35.3235
2771	35.3236
2772	35.3237
2773	35.3238
2774	35.3838
2775	35.3839
2776	35.384
2777	35.4303
2778	35.4304
2779	35.4841
2780	35.4842
2781	35.4843
2782	35.4844
2783	35.4845
2784	35.4846
2785	35.4942
2786	35.4943
2787	35.5907
2788	35.5908
2789	35.5964
2790	35.5965
2791	35.5966
2792	35.5967
2793	35.6449
2794	35.645
2795	35.6545
2796	35.6546
2797	35.6547
2798	35.6977
2799	35.7538
2800	35.754
2801	35.7541
2802	35.7542
2803	35.7543
2804	35.7544
2805	35.7545
2806	35.815
2807	35.8151
2808	35.858
2809	35.8581
2810	35.8582
2811	35.8583
2812	35.9148
2813	35.9149
2814	35.915
2815	35.9151
2816	35.9152
2817	35.9754
2818	35.9755
2819	36.0183
2820	36.0185
2821	36.0186
2822	36.0187
2823	36.0188
2824	36.0754
2825	36.0755
2826	36.0756
2827	36.0757
2828	36.1254
2829	36.1255
2830	36.1256
2831	36.1305
2832	36.1306
2833	36.1791
2834	36.1858
2835	36.1859
2836	36.186
2837	36.1861
2838	36.2359
2839	36.236
2840	36.2361
2841	36.2362
2842	36.2363
2843	36.2364
2844	36.2365
2845	36.2445
2846	36.2462
2847	36.2463
2848	36.3446
2849	36.3447
2850	36.3448
2851	36.3449
2852	36.345
2853	36.3451
2854	36.3452
2855	36.3583
2856	36.3584
2857	36.3585
2858	36.3714
2859	36.425
2860	36.4786
2861	36.4792
2862	36.4793
2863	36.4794
2864	36.4795
2865	36.4796
2866	36.4797
2867	36.4798
2868	36.4799
2869	36.48
2870	36.6389
2871	36.6396
2872	36.6397
2873	36.64
2874	36.6401
2875	36.6403
2876	36.6404
2877	36.6405
2878	36.6406
2879	36.6407
2880	36.7493
2881	36.7494
2882	36.7495
2883	36.7496
2884	36.7578
2885	36.758
2886	36.7581
2887	36.7582
2888	36.7583
2889	36.7584
2890	36.8598
2891	36.8599
2892	36.86
2893	36.8601
2894	36.8602
2895	36.8649
2896	36.8666
2897	36.8683
2898	36.9186
2899	36.9187
2900	36.9188
2901	36.9189
2902	36.9719
2903	36.972
2904	36.9721
2905	36.9788
2906	36.9789
2907	36.979
2908	36.9791
2909	36.9792
2910	37.0255
2911	37.079
2912	37.0791
2913	37.1324
2914	37.1325
2915	37.1395
2916	37.1396
2917	37.1397
2918	37.1398
2919	37.1399
2920	37.14
2921	37.2394
2922	37.2395
2923	37.2928
2924	37.2929
2925	37.3003
2926	37.3004
2927	37.3005
2928	37.3006
2929	37.3007
2930	37.3008
2931	37.3998
2932	37.3999
2933	37.4532
2934	37.4533
2935	37.4611
2936	37.4612
2937	37.4613
2938	37.4614
2939	37.4615
2940	37.4616
2941	37.5602
2942	37.5603
2943	37.6136
2944	37.6137
2945	37.6219
2946	37.622
2947	37.6221
2948	37.6222
2949	37.6223
2950	37.6224
2951	37.7206
2952	37.7207
2953	37.774
2954	37.7741
2955	37.7827
2956	37.7828
2957	37.7829
2958	37.783
2959	37.7831
2960	37.7832
2961	37.881
2962	37.8811
2963	37.898
2964	37.8981
2965	37.8982
2966	37.9432
2967	37.9433
2968	37.9434
2969	37.9435
2970	37.9436
2971	37.9437
2972	38.005
2973	38.0051
2974	38.0084
2975	38.0085
2976	38.0086
2977	38.1039
2978	38.104
2979	38.1041
2980	38.1042
2981	38.1043
2982	38.1044
2983	38.1154
2984	38.1155
2985	38.1156
2986	38.1689
2987	38.2144
2988	38.2145
2989	38.2146
2990	38.2147
2991	38.2148
2992	38.2149
2993	38.2261
2994	38.2262
2995	38.2263
2996	38.3248
2997	38.325
2998	38.3251
2999	38.3252
3000	38.3349
3001	38.3351
3002	38.3352
3003	38.3353
3004	38.3354
3005	38.3355
3006	38.3801
3007	38.3802
3008	38.3803
3009	38.4419
3010	38.442
3011	38.4421
3012	38.4422
3013	38.4423
3014	38.4504
3015	38.4505
3016	38.4906
3017	38.4907
3018	38.4908
3019	38.5023
3020	38.556
3021	38.5561
3022	38.5562
3023	38.5563
3024	38.5564
3025	38.5565
3026	38.5566
3027	38.5567
3028	38.5977
3029	38.6092
3030	38.6647
3031	38.6648
3032	38.6649
3033	38.665
3034	38.6651
3035	38.6652
3036	38.6653
3037	38.6654
3038	38.6655
3039	38.7695
3040	38.7696
3041	38.7768
3042	38.7769
3043	38.777
3044	38.8255
3045	38.8258
3046	38.8259
3047	38.826
3048	38.8261
3049	38.8262
3050	38.8263
3051	38.9372
3052	38.9373
3053	38.9374
3054	38.9375
3055	38.9394
3056	38.9396
3057	38.9397
3058	38.9398
3059	38.9866
3060	38.9867
3061	39.0477
3062	39.0478
3063	39.0479
3064	39.048
3065	39.0528
3066	39.0529
3067	39.053
3068	39.1001
3069	39.1469
3070	39.147
3071	39.1471
3072	39.1472
3073	39.1473
3074	39.1474
3075	39.1649
3076	39.165
3077	39.1651
3078	39.1652
3079	39.2556
3080	39.2557
3081	39.2625
3082	39.2626
3083	39.2627
3084	39.2628
3085	39.2629
3086	39.263
3087	39.2631
3088	39.2721
3089	39.2824
3090	39.3246
3091	39.3781
3092	39.3785
3093	39.3786
3094	39.3787
3095	39.3788
3096	39.3789
3097	39.4234
3098	39.4324
3099	39.4427
3100	39.4849
3101	39.4886
3102	39.4887
3103	39.4888
3104	39.5304
3105	39.5306
3106	39.5307
3107	39.5308
3108	39.5309
3109	39.531
3110	39.5311
3111	39.6374
3112	39.6375
3113	39.6376
3114	39.6377
3115	39.6378
3116	39.6379
3117	39.638
3118	39.6477
3119	39.6478
3120	39.6479
3121	39.7461
3122	39.7462
3123	39.7463
3124	39.7464
3125	39.7529
3126	39.753
3127	39.7563
3128	39.7564
3129	39.8082
3130	39.8083
3131	39.8084
3132	39.9066
3133	39.9067
3134	39.9068
3135	39.9133
3136	39.9134
3137	39.9152
3138	39.9153
3139	39.9154
3140	39.9155
3141	39.9687
3142	39.9688
3143	40.0204
3144	40.0205
3145	40.0206
3146	40.0207
3147	40.0208
3148	40.0222
3149	40.0239
3150	40.0256
3151	40.0257
3152	40.0258
3153	40.1345
3154	40.1346
3155	40.1347
3156	40.1348
3157	40.1349
3158	40.135
3159	40.1393
3160	40.1394
3161	40.1395
3162	40.1396
3163	40.1932
3164	40.2467
3165	40.2468
3166	40.2469
3167	40.247
3168	40.2471
3169	40.2472
3170	40.2473
3171	40.2474
3172	40.2999
3173	40.3
3174	40.3626
3175	40.3627
3176	40.3628
3177	40.3629
3178	40.363
3179	40.3631
3180	40.3632
3181	40.3865
3182	40.3866
3183	40.4603
3184	40.5232
3185	40.5234
3186	40.5235
3187	40.5236
3188	40.5237
3189	40.5238
3190	40.5239
3191	40.5283
3192	40.5469
3193	40.6206
3194	40.6835
3195	40.6842
3196	40.6843
3197	40.6844
3198	40.6845
3199	40.6846
3200	40.6847
3201	40.6886
3202	40.7072
3203	40.7809
3204	40.8438
3205	40.845
3206	40.8451
3207	40.8452
3208	40.8453
3209	40.8454
3210	40.8455
3211	40.8489
3212	40.8675
3213	40.9412
3214	41.0041
3215	41.0058
3216	41.0059
3217	41.006
3218	41.0061
3219	41.0062
3220	41.0063
3221	41.0092
3222	41.0278
3223	41.1015
3224	41.1644
3225	41.1645
3226	41.1646
3227	41.1647
3228	41.1648
3229	41.1649
3230	41.1666
3231	41.1695
3232	41.1881
3233	41.2618
3234	41.2619
3235	41.2766
3236	41.2767
3237	41.2768
3238	41.2835
3239	41.2836
3240	41.2837
3241	41.2838
3242	41.2839
3243	41.3854
3244	41.3855
3245	41.3856
3246	41.3857
3247	41.3858
3248	41.4439
3249	41.4442
3250	41.4443
3251	41.4444
3252	41.4445
3253	41.4959
3254	41.496
3255	41.4961
3256	41.5461
3257	41.5462
3258	41.6042
3259	41.6043
3260	41.6046
3261	41.6048
3262	41.6049
3263	41.605
3264	41.6051
3265	41.6052
3266	41.6053
3267	41.6054
3268	41.7129
3269	41.713
3270	41.7131
3271	41.7199
3272	41.72
3273	41.7201
3274	41.7202
3275	41.7655
3276	41.7657
3277	41.7658
3278	41.7659
3279	41.766
3280	41.7661
3281	41.7662
3282	41.8727
3283	41.8728
3284	41.8729
3285	41.873
3286	41.9265
3287	41.9266
3288	41.9267
3289	41.9268
3290	41.9269
3291	41.927
3292	42.0331
3293	42.0332
3294	42.0333
3295	42.0334
3296	42.0335
3297	42.037
3298	42.0371
3299	42.0372
3300	42.0872
3301	42.0873
3302	42.0874
3303	42.1471
3304	42.1472
3305	42.1473
3306	42.1474
3307	42.1973
3308	42.1975
3309	42.1976
3310	42.1977
3311	42.1978
3312	42.1979
3313	42.2041
3314	42.2058
3315	42.2059
3316	42.306
3317	42.3061
3318	42.3062
3319	42.3063
3320	42.3064
3321	42.3065
3322	42.3066
3323	42.3162
3324	42.3163
3325	42.3662
3326	42.3663
3327	42.3664
3328	42.3665
3329	42.4232
3330	42.4233
3331	42.4234
3332	42.4235
3333	42.4236
3334	42.4733
3335	42.4734
3336	42.4735
3337	42.5267
3338	42.5268
3339	42.5269
3340	42.5336
3341	42.5337
3342	42.5338
3343	42.5339
3344	42.534
3345	42.6337
3346	42.6339
3347	42.634
3348	42.6341
3349	42.6424
3350	42.6425
3351	42.6426
3352	42.6457
3353	42.6458
3354	42.6459
3355	42.696
3356	42.7496
3357	42.7497
3358	42.7498
3359	42.7499
3360	42.75
3361	42.8029
3362	42.8031
3363	42.8032
3364	42.8033
3365	42.8034
3366	42.8601
3367	42.8602
3368	42.8603
3369	42.9099
3370	42.91
3371	42.9101
3372	42.9634
3373	42.9635
3374	42.9637
3375	42.9638
3376	42.9639
3377	43.0206
3378	43.0207
3379	43.0702
3380	43.0703
3381	43.0704
3382	43.0705
3383	43.1238
3384	43.124
3385	43.1241
3386	43.1242
3387	43.1243
3388	43.1772
3389	43.1773
3390	43.2306
3391	43.2308
3392	43.2309
3393	43.2841
3394	43.2845
3395	43.2846
3396	43.2847
3397	43.2848
3398	43.3376
3399	43.3377
3400	43.3393
3401	43.3394
3402	43.3395
3403	43.4444
3404	43.445
3405	43.4451
3406	43.4452
3407	43.4453
3408	43.4454
3409	43.4481
3410	43.4482
3411	43.4483
3412	43.4998
3413	43.5549
3414	43.555
3415	43.5551
3416	43.5552
3417	43.5618
3418	43.5619
3419	43.562
3420	43.5621
3421	43.6086
3422	43.6601
3423	43.6602
3424	43.6654
3425	43.6655
3426	43.6705
3427	43.6706
3428	43.6707
3429	43.6739
3430	43.674
3431	43.6741
3432	43.8205
3433	43.8206
3434	43.8258
3435	43.8259
3436	43.8308
3437	43.831
3438	43.8311
3439	43.8312
3440	43.8313
3441	43.8314
3442	43.9809
3443	43.981
3444	43.9862
3445	43.9863
3446	43.9911
3447	43.9917
3448	43.9918
3449	43.9919
3450	43.992
3451	43.9921
3452	44.1413
3453	44.1414
3454	44.1466
3455	44.1467
3456	44.1514
3457	44.1524
3458	44.1525
3459	44.1526
3460	44.1527
3461	44.1528
3462	44.3017
3463	44.3018
3464	44.307
3465	44.3071
3466	44.3117
3467	44.3131
3468	44.3132
3469	44.3133
3470	44.3134
3471	44.3135
3472	44.3991
3473	44.4621
3474	44.4673
3475	44.4674
3476	44.4675
3477	44.4676
3478	44.4677
3479	44.4736
3480	44.4737
3481	44.4738
3482	44.4739
3483	44.4889
3484	44.576
3485	44.5761
3486	44.5762
3487	44.5763
3488	44.5764
3489	44.5765
3490	44.5766
3491	44.5767
3492	44.596
3493	44.5961
3494	44.6028
3495	44.6881
3496	44.6882
3497	44.6883
3498	44.6884
3499	44.6932
3500	44.6933
3501	44.7048
3502	44.7049
3503	44.705
3504	44.7097
3505	44.7149
3506	44.8003
3507	44.8004
3508	44.8005
3509	44.8006
3510	44.8119
3511	44.812
3512	44.8169
3513	44.817
3514	44.8171
3515	44.8218
3516	44.8271
3517	44.9125
3518	44.9126
3519	44.9127
3520	44.9128
3521	44.9239
3522	44.924
3523	44.929
3524	44.9291
3525	44.9292
3526	44.9293
3527	44.9393
3528	45.0247
3529	45.0248
3530	45.0249
3531	45.025
3532	45.0251
3533	45.0252
3534	45.0466
3535	45.0467
3536	45.0468
3537	45.0469
3538	45.0515
3539	45.0532
3540	45.1368
3541	45.1369
3542	45.137
3543	45.1371
3544	45.1571
3545	45.1572
3546	45.1573
3547	45.1574
3548	45.1575
3549	45.1601
3550	45.2455
3551	45.2456
3552	45.2457
3553	45.2458
3554	45.2459
3555	45.246
3556	45.2692
3557	45.2693
3558	45.2694
3559	45.3204
3560	45.3764
3561	45.3766
3562	45.3767
3563	45.3768
3564	45.3769
3565	45.377
3566	45.3771
3567	45.3772
3568	45.3773
3569	45.3774
3570	45.4885
3571	45.4887
3572	45.4888
3573	45.4889
3574	45.489
3575	45.4972
3576	45.4973
3577	45.4974
3578	45.4975
3579	45.4976
3580	45.6006
3581	45.6008
3582	45.6009
3583	45.601
3584	45.606
3585	45.6061
3586	45.6062
3587	45.6578
3588	45.6579
3589	45.658
3590	45.7161
3591	45.7163
3592	45.7165
3593	45.7166
3594	45.7167
3595	45.7168
3596	45.7169
3597	45.7647
3598	45.8183
3599	45.8184
3600	45.8248
3601	45.8249
3602	45.825
3603	45.8251
3604	45.8268
3605	45.8285
3606	45.8772
3607	45.925
3608	45.9251
3609	45.9252
3610	45.9253
3611	45.9352
3612	45.9353
3613	45.9354
3614	45.9403
3615	45.9404
3616	45.9405
3617	46.0421
3618	46.0424
3619	46.0425
3620	46.0426
3621	46.0427
3622	46.0955
3623	46.0956
3624	46.0957
3625	46.1007
3626	46.1008
3627	46.2024
3628	46.203
3629	46.2031
3630	46.2032
3631	46.2033
3632	46.2034
3633	46.2035
3634	46.2077
3635	46.2078
3636	46.2611
3637	46.3111
3638	46.3112
3639	46.3113
3640	46.3114
3641	46.3115
3642	46.3116
3643	46.3638
3644	46.3681
3645	46.3682
3646	46.3683
3647	46.3684
3648	46.4215
3649	46.4216
3650	46.4249
3651	46.425
3652	46.4251
3653	46.5241
3654	46.5285
3655	46.5286
3656	46.5288
3657	46.5289
3658	46.529
3659	46.5319
3660	46.532
3661	46.5321
3662	46.5322
3663	46.6372
3664	46.6373
3665	46.6374
3666	46.6375
3667	46.6376
3668	46.6474
3669	46.6476
3670	46.6477
3671	46.6478
3672	46.6479
3673	46.7459
3674	46.746
3675	46.7493
3676	46.7494
3677	46.7561
3678	46.7562
3679	46.7563
3680	46.7564
3681	46.7565
3682	46.8082
3683	46.8083
3684	46.8084
3685	46.8085
3686	46.8086
3687	46.9153
3688	46.9156
3689	46.9157
3690	46.9158
3691	46.9159
3692	46.916
3693	46.9161
3694	46.9162
3695	46.9163
3696	46.9689
3697	47.0543
3698	47.0544
3699	47.0545
3700	47.0546
3701	47.0547
3702	47.0548
3703	47.0549
3704	47.055
3705	47.0551
3706	47.1292
3707	47.2154
3708	47.2155
3709	47.2156
3710	47.2157
3711	47.2158
3712	47.2159
3713	47.216
3714	47.2161
3715	47.2162
3716	47.2895
3717	47.3765
3718	47.3766
3719	47.3767
3720	47.3768
3721	47.3769
3722	47.377
3723	47.3771
3724	47.3772
3725	47.3773
3726	47.4498
3727	47.5376
3728	47.5377
3729	47.5378
3730	47.5379
3731	47.538
3732	47.5381
3733	47.5382
3734	47.5383
3735	47.5384
3736	47.6101
3737	47.6979
3738	47.6987
3739	47.6988
3740	47.6989
3741	47.699
3742	47.6991
3743	47.6992
3744	47.6993
3745	47.6994
3746	47.7091
3747	47.7277
3748	47.7294
3749	47.8163
3750	47.8165
3751	47.8166
3752	47.8167
3753	47.8367
3754	47.8368
3755	47.8369
3756	47.837
3757	47.8371
3758	47.8372
3759	47.9284
3760	47.9286
3761	47.9287
3762	47.9288
3763	47.9436
3764	47.9453
3765	47.947
3766	47.9487
3767	47.9975
3768	47.9976
3769	47.9977
3770	48.0544
3771	48.0545
3772	48.0546
3773	48.0547
3774	48.0548
3775	48.0549
3776	48.1063
3777	48.1064
3778	48.1065
3779	48.158
3780	48.1665
3781	48.1667
3782	48.1668
3783	48.1669
3784	48.167
3785	48.1671
3786	48.1672
3787	48.2167
3788	48.2168
3789	48.2753
3790	48.2754
3791	48.2755
3792	48.2786
3793	48.2787
3794	48.2788
3795	48.3257
3796	48.3258
3797	48.3259
3798	48.326
3799	48.4357
3800	48.4358
3801	48.4359
3802	48.436
3803	48.4391
3804	48.4392
3805	48.4393
3806	48.4394
3807	48.4395
3808	48.4863
3809	48.4864
3810	48.4978
3811	48.5515
3812	48.5516
3813	48.5517
3814	48.5518
3815	48.5546
3816	48.5547
3817	48.5548
3818	48.595
3819	48.5951
3820	48.6047
3821	48.6048
3822	48.6049
3823	48.6153
3824	48.617
3825	48.669
3826	48.6691
3827	48.6692
3828	48.7154
3829	48.7155
3830	48.7156
3831	48.7157
3832	48.7158
3833	48.7159
3834	48.716
3835	48.8225
3836	48.8226
3837	48.8227
3838	48.8228
3839	48.8258
3840	48.8259
3841	48.826
3842	48.8261
3843	48.8762
3844	48.8763
3845	48.8764
3846	48.8812
3847	48.9347
3848	48.9348
3849	48.938
3850	48.9381
3851	48.9382
3852	48.9833
3853	48.9834
3854	48.9835
3855	48.9883
3856	48.9884
3857	49.0434
3858	49.0435
3859	49.0436
3860	49.0437
3861	49.0438
3862	49.092
3863	49.0921
3864	49.0954
3865	49.0955
3866	49.0956
3867	49.0957
3868	49.1004
3869	49.1005
3870	49.1572
3871	49.1573
3872	49.1574
3873	49.2061
3874	49.2062
3875	49.2063
3876	49.2064
3877	49.2065
3878	49.2066
3879	49.2608
3880	49.2609
3881	49.261
3882	49.3131
3883	49.3132
3884	49.3133
3885	49.3134
3886	49.3669
3887	49.367
3888	49.3671
3889	49.3672
3890	49.4203
3891	49.4204
3892	49.4205
3893	49.4235
3894	49.4236
3895	49.4237
3896	49.4774
3897	49.4775
3898	49.4776
3899	49.4777
3900	49.4807
3901	49.5344
3902	49.5345
3903	49.5346
3904	49.5347
3905	49.5348
3906	49.5349
3907	49.638
3908	49.6381
3909	49.6382
3910	49.641
3911	49.6411
3912	49.6414
3913	49.6949
3914	49.6952
3915	49.6953
3916	49.6954
3917	49.7503
3918	49.7504
3919	49.7505
3920	49.7506
3921	49.7535
3922	49.7536
3923	49.7537
3924	49.7538
3925	49.8557
3926	49.8558
3927	49.8559
3928	49.8626
3929	49.8627
3930	49.8628
3931	49.8658
3932	49.8659
3933	49.866
3934	49.8661
3935	49.8825
3936	49.8842
3937	49.8859
3938	49.9713
3939	49.9714
3940	49.9781
3941	49.9782
3942	49.9783
3943	49.9784
3944	49.9785
3945	49.9931
3946	49.9932
3947	49.9933
3948	50.087
3949	50.0871
3950	50.0872
3951	50.0873
3952	50.0919
3953	50.092
3954	50.0921
3955	50.1018
3956	50.1019
3957	50.1536
3958	50.1537
3959	50.1538
3960	50.1991
3961	50.1992
3962	50.1993
3963	50.1994
3964	50.2105
3965	50.2106
3966	50.2107
3967	50.3079
3968	50.3081
3969	50.3082
3970	50.3083
3971	50.3084
3972	50.3355
3973	50.3356
3974	50.3357
3975	50.3397
3976	50.3398
3977	50.4682
3978	50.4687
3979	50.4688
3980	50.4689
3981	50.469
3982	50.496
3983	50.4961
3984	50.4962
3985	50.5001
3986	50.5002
3987	50.6285
3988	50.6293
3989	50.6294
3990	50.6295
3991	50.6296
3992	50.6565
3993	50.6566
3994	50.6567
3995	50.6605
3996	50.6606
3997	50.7888
3998	50.7899
3999	50.79
4000	50.7901
4001	50.7902
4002	50.817
4003	50.8171
4004	50.8172
4005	50.8209
4006	50.821
4007	50.9491
4008	50.9505
4009	50.9506
4010	50.9507
4011	50.9508
4012	50.9775
4013	50.9776
4014	50.9777
4015	50.9813
4016	50.9814
4017	51.1094
4018	51.1097
4019	51.1098
4020	51.1099
4021	51.11
4022	51.1101
4023	51.1102
4024	51.1103
4025	51.1162
4026	51.1163
4027	51.1362
4028	51.2216
4029	51.2217
4030	51.2218
4031	51.2219
4032	51.222
4033	51.2283
4034	51.2284
4035	51.2285
4036	51.2433
4037	51.2434
4038	51.2484
4039	51.282
4040	51.3355
4041	51.3356
4042	51.3357
4043	51.3358
4044	51.3359
4045	51.3503
4046	51.3504
4047	51.389
4048	51.3891
4049	51.3892
4050	51.3893
4051	51.3894
4052	51.4476
4053	51.4477
4054	51.4573
4055	51.4574
4056	51.4995
4057	51.4996
4058	51.4997
4059	51.4998
4060	51.5497
4061	51.5498
4062	51.5563
4063	51.5564
4064	51.6066
4065	51.6067
4066	51.6068
4067	51.6117
4068	51.6118
4069	51.6119
4070	51.612
4071	51.6121
4072	51.6122
4073	51.6619
4074	51.6636
4075	51.6637
4076	51.6638
4077	51.6639
4078	51.7721
4079	51.7723
4080	51.7727
4081	51.7728
4082	51.7729
4083	51.773
4084	51.7731
4085	51.7732
4086	51.7733
4087	51.7734
4088	51.8274
4089	51.8275
4090	51.886
4091	51.8861
4092	51.8862
4093	51.9337
4094	51.9338
4095	51.9339
4096	51.934
4097	51.9341
4098	51.9343
4099	51.9878
4100	51.9879
4101	52.0408
4102	52.0409
4103	52.041
4104	52.0411
4105	52.0412
4106	52.0425
4107	52.0944
4108	52.0945
4109	52.0946
4110	52.0947
4111	52.0948
4112	52.1512
4113	52.1513
4114	52.1514
4115	52.1515
4116	52.2014
4117	52.2015
4118	52.2048
4119	52.2049
4120	52.205
4121	52.2051
4122	52.2599
4123	52.26
4124	52.2601
4125	52.3118
4126	52.3119
4127	52.312
4128	52.3651
4129	52.3654
4130	52.3655
4131	52.3656
4132	52.3657
4133	52.419
4134	52.4191
4135	52.4192
4136	52.4193
4137	52.4721
4138	52.4722
4139	52.4723
4140	52.4724
4141	52.5259
4142	52.526
4143	52.5277
4144	52.5278
4145	52.5279
4146	52.5791
4147	52.5792
4148	52.5793
4149	52.5794
4150	52.5795
4151	52.6346
4152	52.6347
4153	52.638
4154	52.6381
4155	52.6382
4156	52.6383
4157	52.6384
4158	52.6912
4159	52.6913
4160	52.7398
4161	52.7467
4162	52.7469
4163	52.747
4164	52.7471
4165	52.7472
4166	52.7983
4167	52.7984
4168	52.7985
4169	52.8516
4170	52.8537
4171	52.8538
4172	52.8588
4173	52.8589
4174	52.859
4175	52.8591
4176	52.8592
4177	52.9053
4178	52.9588
4179	52.9589
4180	52.959
4181	52.9591
4182	52.9693
4183	52.9694
4184	52.9695
4185	53.0195
4186	53.0196
4187	53.0656
4188	53.0657
4189	53.0798
4190	53.0799
4191	53.08
4192	53.0802
4193	53.0803
4194	53.0804
4195	53.0805
4196	53.1799
4197	53.1885
4198	53.1886
4199	53.1887
4200	53.1888
4201	53.1889
4202	53.189
4203	53.1891
4204	53.1892
4205	53.2408
4206	53.2955
4207	53.2956
4208	53.2957
4209	53.2958
4210	53.2959
4211	53.296
4212	53.2961
4213	53.2962
4214	53.2963
4215	53.2964
4216	53.3542
4217	53.4078
4218	53.4079
4219	53.408
4220	53.4081
4221	53.4127
4222	53.4128
4223	53.4129
4224	53.413
4225	53.4131
4226	53.4611
4227	53.5219
4228	53.522
4229	53.5221
4230	53.5222
4231	53.5223
4232	53.5224
4233	53.5734
4234	53.5735
4235	53.5736
4236	53.6214
4237	53.6827
4238	53.6828
4239	53.6829
4240	53.683
4241	53.6831
4242	53.6832
4243	53.6942
4244	53.7338
4245	53.7339
4246	53.7817
4247	53.8435
4248	53.8436
4249	53.8437
4250	53.8438
4251	53.8439
4252	53.844
4253	53.8545
4254	53.8942
4255	53.8943
4256	53.942
4257	54.0043
4258	54.0044
4259	54.0045
4260	54.0046
4261	54.0047
4262	54.0048
4263	54.0148
4264	54.0546
4265	54.0547
4266	54.1023
4267	54.1651
4268	54.1652
4269	54.1653
4270	54.1654
4271	54.1655
4272	54.1656
4273	54.1751
4274	54.215
4275	54.2151
4276	54.2626
4277	54.3143
4278	54.3255
4279	54.3256
4280	54.3257
4281	54.3258
4282	54.3259
4283	54.3354
4284	54.3754
4285	54.3755
4286	54.3756
4287	54.3842
4288	54.3859
4289	54.4379
4290	54.438
4291	54.4381
4292	54.4859
4293	54.4861
4294	54.4862
4295	54.4863
4296	54.4864
4297	54.5445
4298	54.5462
4299	54.5463
4300	54.5464
4301	54.5465
4302	54.5466
4303	54.5999
4304	54.6
4305	54.6001
4306	54.6002
4307	54.6003
4308	54.6004
4309	54.7067
4310	54.7068
4311	54.7069
4312	54.707
4313	54.7603
4314	54.7604
4315	54.7606
4316	54.7607
4317	54.7608
4318	54.7609
4319	54.8154
4320	54.8155
4321	54.8156
4322	54.8673
4323	54.869
4324	54.8691
4325	54.8692
4326	54.8693
4327	54.9212
4328	54.9213
4329	54.9259
4330	54.926
4331	54.9261
4332	54.9262
4333	54.9263
4334	54.9794
4335	54.9795
4336	54.9796
4337	54.9797
4338	55.0329
4339	55.033
4340	55.0398
4341	55.0399
4342	55.04
4343	55.0401
4344	55.0899
4345	55.09
4346	55.0901
4347	55.0902
4348	55.1469
4349	55.147
4350	55.1471
4351	55.1472
4352	55.1473
4353	55.1474
4354	55.1968
4355	55.2505
4356	55.2506
4357	55.2507
4358	55.2556
4359	55.2557
4360	55.2558
4361	55.2559
4362	55.2574
4363	55.3077
4364	55.3571
4365	55.3572
4366	55.3609
4367	55.361
4368	55.3611
4369	55.3612
4370	55.3696
4371	55.3697
4372	55.3698
4373	55.4146
4374	55.4179
4375	55.4196
4376	55.4213
4377	55.4716
4378	55.4717
4379	55.5218
4380	55.5219
4381	55.522
4382	55.5221
4383	55.5222
4384	55.5782
4385	55.5786
4386	55.5787
4387	55.5788
4388	55.5789
4389	55.6305
4390	55.6306
4391	55.6307
4392	55.6308
4393	55.6825
4394	55.6905
4395	55.6906
4396	55.6907
4397	55.6908
4398	55.6909
4399	55.691
4400	55.7427
4401	55.7428
4402	55.7429
4403	55.7509
4404	55.7526
4405	55.7543
4406	55.8047
4407	55.8048
4408	55.8049
4409	55.805
4410	55.8051
4411	55.8052
4412	55.8498
4413	55.8578
4414	55.9118
4415	55.9119
4416	55.912
4417	55.9121
4418	55.9122
4419	55.9123
4420	55.9569
4421	55.957
4422	55.9571
4423	55.9647
4424	55.9688
4425	55.9705
4426	55.9706
4427	55.9707
4428	56.0638
4429	56.0639
4430	56.064
4431	56.0672
4432	56.0673
4433	56.0674
4434	56.081
4435	56.0811
4436	56.0812
4437	56.0813
4438	56.1778
4439	56.1779
4440	56.178
4441	56.1781
4442	56.1782
4443	56.1783
4444	56.1897
4445	56.1898
4446	56.2416
4447	56.2417
4448	56.2985
4449	56.2986
4450	56.2987
4451	56.2989
4452	56.299
4453	56.2991
4454	56.2992
4455	56.2993
4456	56.3503
4457	56.3504
4458	56.3505
4459	56.4089
4460	56.409
4461	56.4091
4462	56.4092
4463	56.4576
4464	56.4577
4465	56.4578
4466	56.4579
4467	56.5107
4468	56.5108
4469	56.5109
4470	56.511
4471	56.5111
4472	56.5663
4473	56.5664
4474	56.5665
4475	56.5666
4476	56.6182
4477	56.6183
4478	56.623
4479	56.6231
4480	56.6232
4481	56.6233
4482	56.6768
4483	56.6769
4484	56.677
4485	56.6771
4486	56.6772
4487	56.73
4488	56.7301
4489	56.7302
4490	56.7836
4491	56.7837
4492	56.7907
4493	56.7908
4494	56.7909
4495	56.791
4496	56.7911
4497	56.7912
4498	56.7913
4499	56.7914
4500	56.8104
4501	56.8121
4502	56.8752
4503	56.8753
4504	56.9028
4505	56.9029
4506	56.9062
4507	56.9063
4508	56.9517
4509	56.9518
4510	56.9707
4511	56.9724
4512	57.0025
4513	57.0042
4514	57.0632
4515	57.0633
4516	57.0666
4517	57.0667
4518	57.1121
4519	57.1122
4520	57.131
4521	57.1327
4522	57.1628
4523	57.1645
4524	57.2236
4525	57.2237
4526	57.227
4527	57.2271
4528	57.2725
4529	57.2726
4530	57.2913
4531	57.293
4532	57.3231
4533	57.3248
4534	57.384
4535	57.3841
4536	57.3874
4537	57.3875
4538	57.4329
4539	57.433
4540	57.4516
4541	57.4533
4542	57.4834
4543	57.4851
4544	57.5444
4545	57.5445
4546	57.5478
4547	57.5479
4548	57.5933
4549	57.5934
4550	57.6119
4551	57.612
4552	57.6121
4553	57.6454
4554	57.651
4555	57.6527
4556	57.6528
4557	57.7082
4558	57.7128
4559	57.7129
4560	57.713
4561	57.7131
4562	57.7724
4563	57.7725
4564	57.8113
4565	57.8131
4566	57.8132
4567	57.8133
4568	57.8134
4569	57.8135
4570	57.8734
4571	57.8735
4572	57.8811
4573	57.8812
4574	57.9182
4575	57.92
4576	57.9735
4577	57.9738
4578	57.9739
4579	57.974
4580	57.9741
4581	57.9742
4582	57.9743
4583	57.9744
4584	58.0785
4585	58.0786
4586	58.0787
4587	58.0788
4588	58.0856
4589	58.0857
4590	58.0858
4591	58.1347
4592	58.1348
4593	58.1349
4594	58.135
4595	58.1906
4596	58.1907
4597	58.1908
4598	58.1909
4599	58.191
4600	58.2453
4601	58.2454
4602	58.2455
4603	58.2456
4604	58.2953
4605	58.3046
4606	58.3047
4607	58.3048
4608	58.3049
4609	58.305
4610	58.3051
4611	58.3557
4612	58.3558
4613	58.3559
4614	58.356
4615	58.4115
4616	58.4653
4617	58.4654
4618	58.4655
4619	58.4656
4620	58.4657
4621	58.4661
4622	58.4662
4623	58.4663
4624	58.4664
4625	58.5718
4626	58.5776
4627	58.5777
4628	58.5778
4629	58.5779
4630	58.578
4631	58.5781
4632	58.5782
4633	58.5783
4634	58.6267
4635	58.6363
4636	58.69
4637	58.6901
4638	58.6902
4639	58.6903
4640	58.7337
4641	58.7338
4642	58.7339
4643	58.734
4644	58.7341
4645	58.7966
4646	58.7967
4647	58.8446
4648	58.8447
4649	58.8448
4650	58.8449
4651	58.845
4652	58.8451
4653	58.8944
4654	58.8945
4655	58.9517
4656	58.9518
4657	58.9519
4658	58.952
4659	58.9567
4660	58.9568
4661	58.9601
4662	58.9602
4663	59.0013
4664	59.003
4665	59.0549
4666	59.1085
4667	59.1087
4668	59.109
4669	59.1091
4670	59.1092
4671	59.1093
4672	59.1094
4673	59.1095
4674	59.1619
4675	59.162
4676	59.1689
4677	59.2226
4678	59.2227
4679	59.2228
4680	59.2229
4681	59.2257
4682	59.2258
4683	59.2259
4684	59.226
4685	59.2261
4686	59.2262
4687	59.2494
4688	59.2796
4689	59.2797
4690	59.3364
4691	59.3365
4692	59.3366
4693	59.3863
4694	59.3866
4695	59.3867
4696	59.3868
4697	59.3869
4698	59.387
4699	59.3871
4700	59.4469
4701	59.447
4702	59.4471
4703	59.5038
4704	59.504
4705	59.5041
4706	59.5042
4707	59.5043
4708	59.5044
4709	59.5045
4710	59.5046
4711	59.5574
4712	59.5575
4713	59.5576
4714	59.5577
4715	59.5578
4716	59.5579
4717	59.6211
4718	59.6212
4719	59.6213
4720	59.6214
4721	59.6697
4722	59.6698
4723	59.6699
4724	59.67
4725	59.6701
4726	59.6702
4727	59.7332
4728	59.7333
4729	59.7334
4730	59.7335
4731	59.7336
4732	59.7337
4733	59.7338
4734	59.7339
4735	59.734
4736	59.7341
4737	59.7902
4738	59.7919
4739	59.792
4740	59.8521
4741	59.8523
4742	59.8524
4743	59.8525
4744	59.8526
4745	59.8527
4746	59.8944
4747	59.8945
4748	59.9006
4749	59.9007
4750	59.9108
4751	59.9125
4752	59.9644
4753	59.9645
