0	1.0285
2	1.0404
3	1.0405
4	1.0406
5	1.0407
6	1.0408
7	1.0409
9	1.081
10	1.1495
11	1.1496
12	1.1497
14	1.1546
15	1.1547
20	1.2564
21	1.26
22	1.2601
25	1.2668
26	1.2669
28	1.3154
29	1.3155
30	1.3739
31	1.374
32	1.3741
33	1.3742
34	1.3743
36	1.4225
37	1.4226
39	1.4759
42	1.4877
43	1.4878
47	1.58299
48	1.58309
49	1.58459
54	1.59979
56	1.64839
57	1.74329
58	1.74339
59	1.74489
60	1.74499
61	1.74509
62	1.74519
63	1.74529
64	1.74539
65	1.74549
66	1.80869
68	1.85709
69	1.85719
70	1.85729
72	1.87709
73	1.87719
74	1.87729
75	1.87739
76	1.87749
78	1.98939
79	1.98949
80	1.98959
81	1.98969
82	1.98979
83	1.98989
84	1.98999
86	2.03799
87	2.03809
88	2.09839
90	2.10179
93	2.15059
94	2.15069
95	2.15079
96	2.19839
97	2.19849
99	2.25879
100	2.25889
101	2.25899
102	2.25909
103	2.25929
105	2.31109
106	2.31119
107	2.31129
108	2.31139
109	2.31409
111	2.36799
112	2.36809
113	2.36819
115	2.41979
116	2.41989
117	2.42179
118	2.42189
121	2.47489
122	2.52688
123	2.52698
124	2.52708
126	2.58028
127	2.58208
128	2.58218
129	2.58228
130	2.58238
131	2.63518
132	2.63568
136	2.68768
137	2.69108
139	2.74288
140	2.74298
141	2.74308
142	2.74778
143	2.74788
144	2.74798
146	2.79808
150	2.85178
152	2.90358
153	2.90368
154	2.90378
155	2.90388
156	2.90678
158	2.91018
160	3.01208
161	3.01218
162	3.01418
163	3.01428
165	3.02268
166	3.02278
167	3.02288
168	3.02298
170	3.12088
173	3.12598
176	3.13328
178	3.18348
179	3.18358
180	3.28118
181	3.28128
182	3.28138
183	3.28628
184	3.28638
185	3.28648
186	3.29358
187	3.29368
188	3.34388
189	3.34398
190	3.39008
192	3.39348
196	3.40068
198	3.40408
200	3.49878
202	3.51107
203	3.51117
204	3.51127
205	3.51137
206	3.51147
207	3.51157
210	3.61807
211	3.61817
213	3.62487
214	3.62497
215	3.62507
217	3.67217
218	3.67227
219	3.67237
220	3.72497
222	3.73197
225	3.73877
226	3.73887
228	3.78107
230	3.83367
232	3.84067
235	3.88807
236	3.88817
237	3.88827
240	3.94157
241	3.94167
242	4.00097
243	4.00107
244	4.00117
245	4.00127
246	4.00137
247	4.04857
248	4.04867
249	4.04877
250	4.08337
252	4.16167
253	4.16177
254	4.16187
255	4.16197
256	4.16207
257	4.20907
258	4.20917
259	4.20927
260	4.24367
261	4.24377
262	4.32217
263	4.32227
264	4.32237
265	4.32247
266	4.32257
267	4.36957
268	4.36967
269	4.36977
270	4.40407
271	4.40417
272	4.48287
273	4.48297
274	4.48307
275	4.48317
276	4.48327
277	4.53006
278	4.53016
279	4.53026
280	4.56446
281	4.56456
282	4.64356
283	4.64366
284	4.64376
285	4.64386
286	4.64396
287	4.69056
288	4.69066
289	4.69076
290	4.72486
291	4.72496
292	4.80426
293	4.80436
294	4.80446
295	4.80456
296	4.80466
298	4.84126
299	4.84136
300	4.84146
302	4.89276
303	4.89446
304	4.91336
307	4.94846
310	4.95356
312	5.05306
313	5.05476
314	5.05486
315	5.05496
316	5.05506
317	5.06056
318	5.06066
319	5.06076
321	5.10916
326	5.17226
327	5.17236
328	5.17246
330	5.21786
331	5.21796
334	5.26976
335	5.26986
336	5.28456
337	5.28466
338	5.28476
341	5.32996
342	5.33006
344	5.37856
348	5.44036
349	5.44046
350	5.44056
351	5.44066
352	5.44076
354	5.48726
356	5.49066
358	5.54905
361	5.55415
363	5.59765
364	5.59775
365	5.59785
367	5.60265
370	5.65615
371	5.66285
374	5.71145
375	5.71155
376	5.71165
378	5.71485
380	5.76325
384	5.82015
386	5.82355
388	5.82865
389	5.82875
392	5.83375
394	5.98045
395	5.98055
396	5.98065
397	5.98075
398	5.98085
399	5.98905
400	5.98915
401	5.98925
402	5.99405
403	5.99415
406	6.09265
407	6.09275
409	6.14935
410	6.14945
411	6.14955
412	6.14965
413	6.15445
414	6.15455
415	6.16765
417	6.20645
418	6.20655
419	6.20665
421	6.25835
423	6.26315
425	6.27635
428	6.31705
433	6.37525
434	6.37535
435	6.37545
437	6.38035
438	6.38045
440	6.42415
441	6.42425
442	6.42435
443	6.48215
444	6.48755
445	6.48765
446	6.48775
448	6.49095
450	6.53624
451	6.53634
452	6.53644
456	6.59784
457	6.59794
458	6.59964
460	6.64344
461	6.64354
463	6.64684
471	6.76574
472	6.76584
473	6.76594
474	6.76604
475	6.76614
476	6.76624
477	6.76634
478	6.76644
480	6.83054
481	6.87264
482	6.87464
484	6.87804
486	6.88144
488	6.88654
489	6.88664
491	6.98134
493	6.98674
494	6.98684
496	6.99364
497	6.99374
499	7.04704
500	7.04714
501	7.09724
502	7.09734
503	7.09744
504	7.09754
506	7.10414
507	7.10424
509	7.20744
510	7.20754
511	7.20784
512	7.20794
515	7.25814
516	7.26454
517	7.26464
518	7.26474
522	7.36824
523	7.36834
524	7.36844
525	7.41844
526	7.41854
527	7.42494
528	7.42504
529	7.42514
530	7.42524
531	7.42534
532	7.52873
533	7.52883
534	7.52893
535	7.57883
536	7.57893
537	7.57903
538	7.58543
539	7.58553
540	7.58563
541	7.58573
542	7.68923
543	7.68933
544	7.68943
545	7.73933
546	7.73943
547	7.73953
548	7.74603
549	7.74613
550	7.74623
551	7.74633
552	7.84973
553	7.84983
554	7.84993
555	7.89983
556	7.89993
557	7.90003
558	7.90663
559	7.90673
560	7.90683
561	7.90693
562	8.01023
563	8.01033
564	8.01043
565	8.06033
566	8.06043
567	8.06053
568	8.06723
569	8.06733
570	8.06743
571	8.06753
572	8.16743
573	8.16753
574	8.16763
577	8.17443
579	8.17783
581	8.22803
582	8.28293
583	8.28303
584	8.28313
585	8.28323
586	8.28333
588	8.28633
590	8.33823
591	8.38833
593	8.39843
594	8.39853
595	8.39863
596	8.39873
598	8.40183
600	8.44513
601	8.51422
602	8.51432
603	8.51442
604	8.51452
605	8.51462
606	8.51472
607	8.51482
608	8.51492
613	8.62452
614	8.62672
615	8.62682
616	8.62692
618	8.63182
619	8.63192
622	8.67592
623	8.73552
624	8.73562
629	8.74572
630	8.74582
633	8.84242
634	8.84602
635	8.84612
637	8.85442
638	8.85452
639	8.85462
641	8.90622
642	8.90632
643	8.95282
644	8.95292
646	9.00302
647	9.00312
648	9.01492
649	9.01502
650	9.01512
651	9.01522
652	9.06162
653	9.06172
656	9.11012
658	9.12552
659	9.12562
661	9.12892
663	9.17042
667	9.22242
668	9.23242
669	9.23412
670	9.23422
672	9.28932
673	9.28942
674	9.28952
675	9.28962
676	9.28972
678	9.34462
679	9.34472
680	9.34482
685	9.40152
688	9.40832
689	9.40842
693	9.42492
696	9.45852
698	9.46362
700	9.51701
701	9.51711
702	9.51721
703	9.53531
704	9.53541
706	9.58551
707	9.58561
708	9.62391
709	9.62401
710	9.67751
711	9.67761
712	9.67771
713	9.69571
714	9.69581
715	9.69591
716	9.73261
717	9.73271
718	9.73281
721	9.79141
722	9.79151
723	9.79161
726	9.84661
727	9.84671
728	9.84681
729	9.84691
731	9.90191
732	9.90201
734	9.95211
735	9.95221
739	10.0074
740	10.0075
741	10.0107
743	10.0625
744	10.0642
745	10.0643
746	10.0644
748	10.0676
750	10.116
751	10.1211
752	10.1212
754	10.1713
755	10.1748
756	10.1749
758	10.1782
761	10.2282
763	10.2783
765	10.2887
766	10.2888
767	10.2889
768	10.289
770	10.3319
771	10.332
772	10.3321
774	10.3853
775	10.3992
776	10.3993
778	10.4458
779	10.4459
780	10.446
781	10.4461
782	10.4462
783	10.4463
785	10.5563
786	10.5564
787	10.5565
788	10.5566
789	10.5567
790	10.5568
793	10.5614
795	10.7075
798	10.7126
800	10.7175
801	10.7176
802	10.7177
803	10.7178
804	10.7179
805	10.8678
806	10.8679
807	10.868
808	10.8729
809	10.873
810	10.8779
811	10.8781
812	10.8782
813	10.8783
814	10.8784
815	11.0283
816	11.0284
817	11.0285
818	11.0333
819	11.0334
820	11.0382
821	11.0387
822	11.0388
823	11.0389
824	11.039
825	11.1888
826	11.1889
827	11.189
828	11.1937
829	11.1938
830	11.1985
831	11.1993
832	11.1994
833	11.1995
834	11.1996
835	11.3493
836	11.3494
837	11.3495
838	11.3541
839	11.3542
840	11.3588
841	11.3599
842	11.36
843	11.3601
844	11.3602
845	11.4675
846	11.4676
847	11.4677
848	11.4678
849	11.4679
850	11.468
855	11.5814
856	11.5815
857	11.5816
858	11.5817
860	11.5865
861	11.5866
864	11.629
865	11.6883
866	11.6904
869	11.6989
870	11.699
871	11.6991
873	11.736
875	11.744
880	11.8061
883	11.8963
884	11.8964
885	11.9043
886	11.9044
887	11.9045
888	11.9046
889	11.9047
890	11.9664
891	11.9665
892	11.9666
893	12.0032
894	12.0567
895	12.065
896	12.0651
897	12.0652
898	12.0653
899	12.0654
900	12.0753
903	12.1635
906	12.1826
907	12.1827
908	12.1828
909	12.1829
910	12.183
911	12.1831
913	12.2213
915	12.2706
916	12.2915
918	12.2949
920	12.3
921	12.3001
923	12.3816
924	12.3817
925	12.3827
926	12.3828
927	12.3829
931	12.4604
932	12.4605
933	12.5008
934	12.5009
935	12.501
936	12.5011
937	12.5012
938	12.5013
940	12.5435
943	12.6114
944	12.6115
946	12.6165
947	12.6166
950	12.6539
951	12.654
953	12.727
954	12.7271
955	12.7272
956	12.7273
957	12.7274
959	12.7772
960	12.8143
961	12.8144
962	12.8145
963	12.8375
964	12.8376
966	12.8443
967	12.8444
968	12.8445
973	12.8928
975	12.9462
976	12.9549
977	12.955
982	13.0015
983	13.0016
986	13.0721
987	13.0722
988	13.0723
989	13.0724
990	13.0725
991	13.0726
993	13.0755
995	13.1161
996	13.1808
998	13.1927
999	13.1928
1000	13.1929
1001	13.193
1002	13.1931
1003	13.1932
1006	13.2895
1008	13.3413
1009	13.3535
1010	13.3536
1011	13.3537
1012	13.3538
1013	13.3539
1014	13.354
1015	13.3541
1016	13.4498
1017	13.4499
1018	13.4623
1019	13.4624
1021	13.4674
1022	13.4675
1029	13.5762
1030	13.5763
1031	13.5764
1033	13.5847
1034	13.5848
1035	13.5849
1036	13.585
1038	13.6495
1039	13.6851
1041	13.6885
1043	13.6936
1044	13.6937
1046	13.7031
1047	13.7032
1049	13.7421
1050	13.7422
1052	13.7955
1053	13.8005
1054	13.8024
1057	13.8136
1061	13.9026
1062	13.9076
1063	13.9077
1064	13.9078
1066	13.9562
1067	13.9563
1068	13.9564
1069	13.9565
1070	13.9566
1071	14.0629
1072	14.063
1073	14.068
1074	14.0681
1075	14.0682
1076	14.1169
1077	14.117
1078	14.1171
1079	14.1172
1080	14.1173
1081	14.2233
1082	14.2234
1083	14.2284
1084	14.2285
1085	14.2286
1086	14.2776
1087	14.2777
1088	14.2778
1089	14.2779
1090	14.278
1091	14.3837
1092	14.3838
1093	14.3889
1094	14.389
1095	14.3891
1096	14.4383
1097	14.4384
1098	14.4385
1099	14.4386
1100	14.4387
1101	14.5441
1102	14.5442
1103	14.5494
1104	14.5495
1105	14.5496
1106	14.599
1107	14.5991
1108	14.5992
1109	14.5993
1110	14.5994
1111	14.7045
1112	14.7046
1113	14.7099
1114	14.71
1115	14.7101
1116	14.7228
1119	14.7278
1121	14.7927
1122	14.8349
1123	14.835
1124	14.8351
1125	14.8352
1126	14.8353
1127	14.8354
1128	14.8355
1130	14.8463
1132	14.947
1133	14.9471
1134	14.9472
1137	14.9521
1140	14.9964
1141	14.9965
1143	15.0576
1145	15.0678
1146	15.0679
1147	15.068
1148	15.0681
1149	15.0682
1153	15.1766
1154	15.1767
1155	15.1768
1156	15.1769
1158	15.18
1160	15.1834
1162	15.229
1164	15.2871
1167	15.2956
1168	15.2957
1169	15.2958
1171	15.3406
1172	15.3492
1173	15.3493
1174	15.3494
1175	15.3495
1176	15.3496
1178	15.4561
1179	15.4562
1180	15.4563
1181	15.4599
1182	15.46
1183	15.4601
1185	15.4633
1187	15.5103
1189	15.5733
1190	15.5734
1191	15.5735
1192	15.5736
1193	15.5737
1195	15.6236
1196	15.6237
1197	15.6706
1198	15.6707
1199	15.6802
1200	15.6872
1201	15.6873
1202	15.6874
1203	15.6875
1205	15.7324
1207	15.7976
1208	15.7977
1209	15.7978
1210	15.7979
1211	15.798
1213	15.801
1215	15.8481
1216	15.8482
1217	15.9064
1220	15.9183
1221	15.9184
1222	15.9185
1223	15.9186
1224	15.9187
1226	16.0084
1228	16.0167
1233	16.0337
1234	16.0338
1236	16.1237
1237	16.1238
1239	16.1271
1241	16.1356
1242	16.1357
1243	16.1358
1244	16.1359
1246	16.2428
1247	16.2429
1248	16.243
1249	16.2431
1250	16.2432
1253	16.2963
1254	16.2964
1255	16.2965
1256	16.3515
1258	16.3566
1259	16.3567
1261	16.36
1264	16.4568
1265	16.4569
1268	16.4721
1269	16.4722
1270	16.4723
1271	16.4724
1272	16.4725
1275	16.569
1276	16.5691
1279	16.5827
1281	16.5861
1283	16.5907
1286	16.6794
1288	16.6828
1290	16.6948
1291	16.6949
1293	16.751
1294	16.7511
1295	16.7561
1297	16.8398
1298	16.8399
1299	16.84
1300	16.8551
1301	16.8552
1302	16.8553
1303	16.8597
1305	16.9115
1306	16.9116
1307	16.9504
1308	16.9505
1310	17.0155
1311	17.0156
1312	17.0157
1313	17.0186
1314	17.0187
1316	17.0591
1317	17.0592
1327	17.1712
1328	17.1713
1330	17.2198
1331	17.2199
1332	17.22
1333	17.2201
1334	17.2202
1335	17.2203
1336	17.2462
1337	17.3316
1338	17.3317
1339	17.3318
1340	17.3806
1341	17.3807
1342	17.3808
1343	17.3809
1344	17.381
1345	17.3811
1346	17.4065
1347	17.4281
1348	17.492
1349	17.4921
1350	17.5409
1351	17.5414
1352	17.5415
1353	17.5416
1354	17.5417
1355	17.5418
1356	17.5668
1357	17.5884
1358	17.6524
1359	17.6525
1360	17.7012
1361	17.7021
1362	17.7022
1363	17.7023
1364	17.7024
1365	17.7025
1366	17.7271
1367	17.7487
1368	17.8128
1369	17.8129
1370	17.8615
1371	17.8628
1372	17.8629
1373	17.863
1374	17.8631
1375	17.8632
1376	17.8874
1377	17.909
1378	17.9732
1379	17.9733
1381	18.0235
1382	18.0236
1383	18.0237
1384	18.0238
1385	18.0239
1388	18.082
1390	18.1322
1391	18.1323
1393	18.1356
1397	18.1846
1399	18.1958
1400	18.1959
1401	18.196
1403	18.2009
1404	18.201
1406	18.2431
1407	18.2933
1409	18.3047
1412	18.3098
1414	18.3501
1415	18.3502
1417	18.402
1419	18.4071
1420	18.4072
1422	18.4185
1426	18.5107
1427	18.5124
1428	18.5125
1431	18.521
1432	18.5211
1433	18.5212
1435	18.568
1436	18.6314
1437	18.6315
1438	18.6316
1439	18.6317
1440	18.6318
1441	18.6319
1442	18.632
1446	18.7402
1451	18.7521
1452	18.7522
1453	18.7523
1455	18.7928
1456	18.8489
1458	18.8523
1461	18.861
1462	18.8611
1466	18.9731
1467	18.9732
1468	18.9733
1469	18.9734
1470	18.9735
1471	18.9736
1472	18.9737
1473	18.9738
1475	19.0217
1479	19.0873
1481	19.0941
1482	19.0942
1483	19.0943
1485	19.1073
1487	19.1623
1488	19.164
1489	19.203
1490	19.2031
1491	19.2032
1492	19.2033
1493	19.2034
1496	19.2549
1497	19.3104
1498	19.3105
1500	19.3638
1501	19.3639
1502	19.364
1503	19.3641
1504	19.3642
1505	19.3643
1506	19.4152
1507	19.4209
1508	19.421
1510	19.4711
1511	19.4747
1512	19.4748
1515	19.525
1516	19.5755
1517	19.5781
1518	19.5782
1519	19.5783
1521	19.5818
1523	19.632
1524	19.6321
1526	19.6842
1530	19.691
1533	19.7408
1539	19.8014
1540	19.8015
1541	19.8016
1543	19.8512
1544	19.8513
1546	19.858
1547	19.8581
1548	19.8582
1552	19.9583
1557	20.0185
1558	20.0186
1559	20.0187
1560	20.0188
1561	20.0189
1563	20.0704
1564	20.0705
1567	20.1254
1568	20.1271
1569	20.1291
1570	20.1292
1572	20.1794
1573	20.1843
1574	20.1844
1575	20.1845
1576	20.1846
1578	20.2362
1580	20.2896
1581	20.2897
1582	20.295
1583	20.2951
1584	20.2952
1585	20.2953
1587	20.2984
1590	20.3983
1592	20.4056
1593	20.4057
1595	20.4124
1596	20.4125
1597	20.4126
1600	20.4536
1602	20.5161
1603	20.5162
1605	20.5729
1606	20.573
1607	20.5731
1608	20.5732
1609	20.5733
1610	20.6139
1611	20.614
1612	20.642
1613	20.6437
1614	20.6438
1615	20.7336
1616	20.7337
1617	20.7338
1618	20.7339
1619	20.734
1620	20.7743
1621	20.7744
1622	20.7745
1623	20.8041
1624	20.8042
1625	20.8943
1626	20.8944
1627	20.8945
1628	20.8946
1629	20.8947
1630	20.9348
1631	20.9349
1632	20.935
1633	20.9645
1634	20.9646
1635	21.055
1636	21.0551
1637	21.0552
1638	21.0553
1639	21.0554
1640	21.0953
1641	21.0954
1642	21.0955
1643	21.1249
1644	21.125
1645	21.2157
1646	21.2158
1647	21.2159
1648	21.216
1649	21.2161
1650	21.2558
1651	21.2559
1652	21.256
1653	21.2853
1654	21.2854
1656	21.3679
1657	21.368
1658	21.3681
1659	21.3682
1660	21.3683
1661	21.3684
1662	21.3685
1664	21.3941
1670	21.4836
1673	21.5045
1674	21.5046
1675	21.5047
1677	21.5569
1678	21.5586
1679	21.5603
1680	21.594
1681	21.5941
1683	21.6168
1684	21.6169
1685	21.617
1687	21.6656
1689	21.7045
1690	21.7046
1691	21.7047
1693	21.7274
1694	21.7275
1695	21.7276
1697	21.7743
1699	21.8132
1701	21.8344
1702	21.8345
1704	21.8378
1708	21.9347
1709	21.9735
1710	21.9736
1711	21.9737
1712	21.9948
1713	21.9949
1714	21.995
1715	21.9951
1716	21.9952
1717	21.9953
1719	22.0824
1720	22.0825
1723	22.1053
1724	22.1054
1727	22.1104
1729	22.1912
1731	22.2208
1732	22.2209
1733	22.221
1734	22.2211
1735	22.2212
1736	22.2213
1737	22.2214
1739	22.2612
1741	22.3315
1742	22.3316
1744	22.3383
1745	22.3384
1746	22.3385
1750	22.4216
1753	22.4921
1754	22.4986
1755	22.4988
1756	22.4989
1757	22.499
1758	22.4991
1759	22.4992
1760	22.5819
1761	22.582
1762	22.5821
1763	22.6073
1764	22.6074
1766	22.6596
1767	22.6597
1768	22.6598
1769	22.6599
1776	22.7685
1779	22.8204
1780	22.8205
1781	22.8206
1782	22.8207
1783	22.8208
1784	22.8209
1785	22.821
1786	22.8772
1789	22.9295
1791	22.9329
1793	22.9363
1795	22.9818
1797	23.0365
1798	23.0366
1800	23.0899
1801	23.0932
1802	23.0933
1803	23.0934
1804	23.0935
1805	23.1421
1806	23.1422
1807	23.1453
1809	23.1971
1810	23.1972
1811	23.2022
1813	23.254
1814	23.2541
1815	23.2543
1816	23.2544
1817	23.2545
1819	23.3059
1823	23.3644
1824	23.3645
1826	23.3678
1828	23.4151
1829	23.4163
1830	23.4164
1832	23.4197
1834	23.5221
1835	23.5222
1836	23.5223
1837	23.5224
1839	23.5289
1840	23.529
1841	23.5291
1843	23.5757
1845	23.6396
1846	23.6397
1847	23.6398
1848	23.6399
1849	23.64
1850	23.6401
1852	23.6897
1853	23.736
1854	23.7361
1855	23.7984
1856	23.7985
1857	23.7986
1858	23.7987
1859	23.7988
1860	23.7989
1861	23.799
1862	23.7991
1865	23.9589
1866	23.9594
1867	23.9595
1868	23.9596
1869	23.9597
1870	23.9598
1871	23.9599
1872	23.96
1873	23.9601
1874	23.9602
1875	24.1192
1876	24.1199
1877	24.1201
1878	24.1205
1879	24.1206
1880	24.1207
1881	24.1208
1882	24.1209
1883	24.121
1884	24.1211
1885	24.2795
1886	24.2802
1887	24.2804
1888	24.2814
1889	24.2815
1890	24.2816
1891	24.2817
1892	24.2818
1893	24.2819
1894	24.282
1895	24.4398
1896	24.4405
1897	24.4407
1898	24.4423
1899	24.4424
1900	24.4425
1901	24.4426
1902	24.4427
1903	24.4428
1904	24.4429
1905	24.6001
1906	24.6008
1907	24.601
1908	24.6032
1909	24.6033
1910	24.6034
1911	24.6035
1912	24.6036
1913	24.6037
1914	24.6038
1916	24.7122
1917	24.7123
1920	24.7173
1922	24.7641
1923	24.7642
1924	24.7643
1925	24.7658
1927	24.7692
1929	24.821
1930	24.826
1932	24.8729
1934	24.9247
1935	24.9261
1936	24.9262
1937	24.9295
1938	24.9296
1939	24.9813
1940	24.9814
1941	24.9815
1942	24.9816
1944	24.985
1946	25.0366
1948	25.0417
1949	25.0418
1952	25.092
1953	25.0921
1955	25.1422
1958	25.1991
1959	25.1992
1960	25.1993
1961	25.1994
1963	25.2492
1964	25.2493
1966	25.2526
1968	25.3095
1969	25.3096
1971	25.3563
1972	25.3564
1974	25.3648
1975	25.3649
1976	25.365
1977	25.3651
1979	25.4181
1980	25.4182
1981	25.4632
1983	25.482
1984	25.4821
1985	25.4822
1986	25.4823
1987	25.4824
1988	25.4825
1989	25.4826
1991	25.5701
1992	25.5702
1993	25.5941
1994	25.5942
1995	25.5943
1998	25.643
1999	25.6431
2000	25.6432
2001	25.7013
2002	25.7014
2003	25.7015
2005	25.7518
2006	25.7519
2007	25.752
2008	25.7521
2010	25.8036
2011	25.8588
2012	25.8589
2013	25.859
2014	25.8591
2019	25.9106
2021	25.9657
2022	25.9677
2024	25.9745
2025	25.9746
2026	25.9747
2030	26.0709
2031	26.0833
2032	26.0834
2033	26.0835
2034	26.0836
2036	26.0884
2037	26.0885
2039	26.1245
2041	26.1902
2042	26.194
2043	26.1941
2045	26.2442
2046	26.2443
2047	26.2488
2048	26.2489
2049	26.2848
2050	26.2849
2052	26.3028
2053	26.3029
2055	26.353
2056	26.3531
2058	26.3936
2059	26.3937
2062	26.4455
2063	26.4617
2064	26.4618
2065	26.4619
2070	26.5525
2071	26.5526
2073	26.6074
2074	26.6075
2075	26.6076
2076	26.6077
2077	26.6078
2078	26.6079
2079	26.608
2082	26.661
2084	26.7197
2085	26.7198
2086	26.7199
2088	26.7248
2089	26.7249
2092	26.8213
2093	26.8214
2094	26.8266
2095	26.8286
2097	26.832
2099	26.8354
2101	26.8855
2102	26.9301
2104	26.9387
2105	26.9388
2106	26.9389
2108	26.9441
2109	26.9442
2111	27.0388
2112	27.0389
2114	27.0459
2116	27.0511
2117	27.0512
2119	27.1045
2120	27.1046
2122	27.1786
2123	27.1787
2124	27.1788
2126	27.1997
2127	27.2115
2128	27.2116
2129	27.2649
2130	27.265
2131	27.2651
2132	27.3391
2133	27.3392
2134	27.3393
2135	27.3394
2136	27.36
2137	27.3719
2138	27.372
2139	27.4093
2140	27.4254
2141	27.4255
2142	27.4997
2143	27.4998
2144	27.4999
2145	27.5
2146	27.5203
2147	27.5323
2148	27.5324
2149	27.5696
2150	27.5858
2151	27.5859
2152	27.6603
2153	27.6604
2154	27.6605
2155	27.6606
2156	27.6806
2157	27.6927
2158	27.6928
2159	27.7299
2160	27.7462
2161	27.7463
2162	27.8209
2163	27.821
2164	27.8211
2165	27.8212
2166	27.8409
2167	27.8531
2168	27.8532
2169	27.8902
2170	27.9066
2171	27.9067
2173	27.9552
2174	27.9553
2175	27.9554
2176	27.9555
2177	27.9556
2181	28.0187
2182	28.0188
2185	28.0745
2186	28.0746
2187	28.0747
2188	28.0748
2189	28.0749
2192	28.1309
2193	28.131
2195	28.136
2196	28.1361
2198	28.2351
2199	28.2352
2200	28.2353
2201	28.2354
2202	28.2397
2204	28.2431
2207	28.2966
2208	28.3492
2209	28.3493
2210	28.3494
2211	28.3495
2213	28.3543
2214	28.3544
2216	28.4036
2217	28.4563
2219	28.4665
2220	28.4666
2221	28.4667
2222	28.4668
2223	28.4669
2225	28.5149
2226	28.5639
2227	28.577
2228	28.5771
2229	28.5772
2230	28.5773
2234	28.6219
2237	28.6859
2240	28.6927
2241	28.6928
2245	28.7823
2246	28.7824
2250	28.8049
2251	28.805
2252	28.8051
2256	28.8928
2260	28.9172
2261	28.9173
2262	28.9174
2266	29.0015
2270	29.0244
2275	29.0648
2276	29.0649
2277	29.065
2278	29.0651
2281	29.0848
2282	29.0849
2283	29.085
2285	29.1717
2286	29.1935
2287	29.1936
2288	29.1937
2289	29.1938
2290	29.1939
2291	29.194
2293	29.2454
2294	29.2455
2295	29.2804
2297	29.3043
2298	29.3044
2299	29.3045
2301	29.3077
2303	29.4058
2304	29.4059
2305	29.4115
2306	29.4116
2308	29.4649
2309	29.465
2310	29.4651
2311	29.4652
2312	29.4653
2313	29.5186
2314	29.5187
2316	29.572
2317	29.5721
2318	29.574
2320	29.5774
2322	29.626
2323	29.6261
2324	29.679
2325	29.6791
2328	29.7326
2329	29.7327
2330	29.7331
2331	29.7332
2333	29.7861
2337	29.8397
2338	29.8448
2339	29.8449
2340	29.845
2342	29.8934
2343	29.8965
2344	29.8966
2346	29.9467
2347	29.952
2349	29.9571
2350	29.9572
2352	30.0537
2353	30.0569
2354	30.057
2355	30.0571
2356	30.0659
2357	30.066
2358	30.0661
2359	30.0662
2361	30.1073
2363	30.173
2364	30.1731
2365	30.1732
2366	30.1733
2368	30.1798
2369	30.1799
2370	30.18
2372	30.2269
2373	30.2852
2374	30.2853
2375	30.2854
2377	30.3338
2378	30.3402
2379	30.3403
2380	30.3404
2381	30.3405
2382	30.3872
2383	30.3921
2384	30.3938
2385	30.4457
2386	30.4458
2387	30.4764
2388	30.4765
2389	30.4766
2391	30.501
2392	30.5475
2393	30.5524
2394	30.5541
2395	30.6061
2396	30.6062
2397	30.6369
2398	30.637
2399	30.6371
2400	30.6372
2401	30.6613
2402	30.7078
2403	30.7079
2404	30.708
2405	30.7665
2406	30.7666
2407	30.7975
2408	30.7976
2409	30.7977
2410	30.7978
2411	30.8216
2412	30.8683
2413	30.8684
2414	30.8685
2415	30.9269
2416	30.927
2417	30.9581
2418	30.9582
2419	30.9583
2420	30.9584
2421	30.9819
2422	31.0288
2423	31.0289
2424	31.029
2425	31.0873
2426	31.0874
2427	31.1187
2428	31.1188
2429	31.1189
2430	31.119
2431	31.1422
2432	31.1893
2433	31.1894
2434	31.1895
2435	31.2295
2436	31.2296
2438	31.2492
2439	31.2493
2440	31.2494
2442	31.3026
2443	31.3417
2444	31.3418
2445	31.3419
2446	31.342
2447	31.3421
2453	31.4507
2454	31.4508
2456	31.4558
2457	31.4559
2460	31.5029
2461	31.503
2462	31.5031
2463	31.5645
2464	31.5646
2465	31.5647
2466	31.5648
2468	31.5679
2470	31.6634
2471	31.6635
2472	31.6636
2473	31.6817
2474	31.6818
2475	31.6819
2476	31.682
2477	31.6821
2478	31.6822
2480	31.7889
2481	31.789
2482	31.7891
2484	31.7974
2485	31.7975
2486	31.7976
2487	31.7977
2490	31.8958
2492	31.9044
2493	31.9045
2497	31.9129
2498	31.913
2500	32.0045
2502	32.0148
2503	32.0149
2505	32.0199
2506	32.02
2508	32.0233
2512	32.1252
2513	32.1253
2515	32.1321
2516	32.1322
2517	32.1323
2519	32.1837
2520	32.1916
2521	32.1933
2522	32.2408
2523	32.2409
2524	32.241
2525	32.2411
2527	32.2926
2528	32.2927
2529	32.2986
2531	32.348
2534	32.3565
2535	32.3566
2536	32.3567
2538	32.4073
2539	32.4074
2541	32.4584
2542	32.4585
2544	32.467
2545	32.4671
2547	32.516
2548	32.5161
2551	32.5757
2552	32.5758
2553	32.5759
2554	32.576
2558	32.6282
2559	32.6283
2561	32.6845
2563	32.6964
2564	32.6965
2565	32.6966
2566	32.6967
2567	32.6968
2568	32.6969
2570	32.7371
2571	32.8136
2572	32.8137
2573	32.8138
2574	32.8139
2575	32.814
2576	32.8141
2577	32.8142
2578	32.8143
2580	32.8576
2582	32.9276
2583	32.9277
2584	32.9278
2586	32.9327
2587	32.9328
2589	32.9663
2590	32.9664
2593	33.0433
2594	33.0434
2595	33.0435
2596	33.0436
2598	33.0803
2599	33.0804
2600	33.0805
2603	33.2036
2604	33.2039
2605	33.204
2606	33.2041
2607	33.2042
2608	33.2043
2609	33.2407
2610	33.2408
2611	33.2409
2612	33.241
2613	33.3123
2615	33.3191
2616	33.3192
2617	33.3193
2620	33.351
2623	33.4295
2624	33.4296
2625	33.4297
2626	33.4298
2629	33.4798
2630	33.5113
2631	33.5114
2632	33.5115
2633	33.5364
2634	33.54
2635	33.5401
2637	33.577
2638	33.5771
2639	33.5772
2640	33.5773
2641	33.5774
2643	33.6451
2646	33.7005
2647	33.7006
2648	33.7376
2649	33.7377
2650	33.7378
2651	33.7379
2652	33.738
2653	33.7883
2654	33.7884
2656	33.8609
2657	33.861
2658	33.8983
2659	33.8984
2660	33.8985
2661	33.8986
2662	33.8987
2663	33.9487
2664	33.9488
2665	33.9489
2666	34.0213
2667	34.0214
2668	34.059
2669	34.0591
2670	34.0592
2671	34.0593
2672	34.0594
2673	34.1092
2674	34.1093
2675	34.1094
2676	34.1817
2677	34.1818
2678	34.2197
2679	34.2198
2680	34.2199
2681	34.22
2682	34.2201
2683	34.2697
2684	34.2698
2685	34.2699
2686	34.3421
2687	34.3422
2688	34.3804
2689	34.3805
2690	34.3806
2691	34.3807
2692	34.3808
2693	34.4302
2694	34.4303
2695	34.4304
2696	34.5025
2697	34.5026
2698	34.5268
2699	34.5269
2700	34.527
2702	34.5373
2705	34.5908
2706	34.613
2707	34.6131
2710	34.6374
2712	34.6976
2713	34.6977
2714	34.6978
2715	34.6995
2717	34.7218
2719	34.7736
2720	34.7977
2721	34.7978
2722	34.8053
2723	34.8099
2724	34.81
2725	34.8101
2728	34.8601
2730	34.9208
2731	34.9209
2732	34.921
2733	34.9211
2734	34.9212
2735	34.9213
2736	34.9214
2738	35.0204
2739	35.0205
2741	35.0312
2743	35.0363
2744	35.0364
2746	35.0397
2748	35.1309
2749	35.131
2751	35.1343
2754	35.1967
2755	35.1968
2756	35.1969
2757	35.197
2758	35.243
2759	35.2431
2760	35.2432
2764	35.3036
2767	35.3501
2769	35.4035
2770	35.4036
2771	35.4037
2772	35.4038
2773	35.4039
2775	35.414
2777	35.5104
2778	35.5105
2779	35.516
2780	35.5161
2781	35.5162
2783	35.5646
2784	35.5647
2785	35.5743
2786	35.5744
2788	35.6709
2789	35.6734
2790	35.6735
2791	35.6736
2792	35.6737
2793	35.6738
2796	35.7347
2797	35.7348
2798	35.7778
2802	35.8343
2803	35.8344
2804	35.8345
2805	35.8346
2807	35.8952
2808	35.9381
2809	35.9382
2810	35.9383
2811	35.9384
2814	35.9951
2815	35.9952
2816	35.9953
2817	36.0451
2818	36.0452
2820	36.0502
2821	36.0503
2823	36.0989
2824	36.1056
2825	36.1057
2827	36.1556
2828	36.1557
2829	36.1558
2835	36.2177
2836	36.2178
2838	36.2644
2843	36.2729
2845	36.278
2846	36.2781
2849	36.3982
2850	36.3983
2851	36.3984
2852	36.3985
2853	36.3986
2854	36.3987
2855	36.3988
2856	36.3989
2857	36.399
2860	36.5587
2861	36.5593
2862	36.5594
2863	36.5595
2864	36.5596
2865	36.5597
2866	36.5598
2867	36.5599
2868	36.56
2869	36.5601
2870	36.6691
2871	36.6692
2874	36.6776
2875	36.6777
2876	36.6778
2880	36.7795
2881	36.7796
2885	36.8381
2886	36.8382
2887	36.8383
2888	36.8384
2889	36.8385
2890	36.8883
2892	36.8917
2894	36.8985
2895	36.8986
2896	36.8987
2900	36.9987
2901	36.9988
2903	37.0521
2904	37.0522
2905	37.0589
2906	37.059
2907	37.0591
2908	37.0592
2909	37.0593
2911	37.1591
2912	37.1592
2913	37.2125
2914	37.2126
2915	37.2196
2916	37.2197
2917	37.2198
2918	37.2199
2919	37.22
2920	37.2201
2921	37.3195
2922	37.3196
2923	37.3729
2924	37.373
2925	37.3804
2926	37.3805
2927	37.3806
2928	37.3807
2929	37.3808
2930	37.3809
2931	37.4799
2932	37.48
2933	37.5333
2934	37.5334
2935	37.5412
2936	37.5413
2937	37.5414
2938	37.5415
2939	37.5416
2940	37.5417
2941	37.6403
2942	37.6404
2943	37.6937
2944	37.6938
2945	37.702
2946	37.7021
2947	37.7022
2948	37.7023
2949	37.7024
2950	37.7025
2951	37.8007
2952	37.8008
2953	37.8178
2955	37.8628
2956	37.8629
2957	37.863
2958	37.8631
2959	37.8632
2960	37.8633
2962	37.9248
2964	37.9282
2967	38.0234
2968	38.0235
2969	38.0236
2970	38.0237
2971	38.0238
2973	38.0352
2976	38.0887
2977	38.1341
2978	38.1342
2981	38.1456
2982	38.1457
2983	38.1458
2984	38.1459
2986	38.2446
2987	38.2447
2988	38.2448
2990	38.2546
2991	38.2547
2992	38.2548
2993	38.2549
2996	38.3533
2999	38.3617
3001	38.3651
3004	38.3702
3006	38.4103
3007	38.4104
3009	38.4755
3010	38.4756
3011	38.4757
3012	38.4758
3018	38.5709
3019	38.5824
3020	38.5845
3023	38.5896
3029	38.6893
3031	38.6966
3032	38.6967
3034	38.7452
3035	38.7453
3036	38.7454
3037	38.7455
3038	38.7456
3039	38.798
3041	38.8569
3042	38.857
3043	38.8571
3044	38.8591
3045	38.8592
3046	38.8593
3047	38.8594
3049	38.9063
3050	38.9064
3051	38.9674
3052	38.9675
3054	38.9725
3055	38.9726
3057	39.0198
3058	39.0199
3059	39.0667
3060	39.0668
3065	39.0847
3066	39.0848
3069	39.1754
3071	39.1822
3072	39.1823
3073	39.1824
3075	39.1951
3076	39.1952
3078	39.2453
3080	39.2978
3081	39.2979
3082	39.298
3083	39.2981
3084	39.2982
3085	39.2983
3087	39.3432
3088	39.3522
3089	39.3625
3090	39.4047
3091	39.4083
3092	39.4084
3094	39.4502
3095	39.4503
3096	39.4504
3098	39.4695
3101	39.5572
3102	39.5573
3103	39.5574
3106	39.5623
3108	39.5674
3109	39.5675
3111	39.6659
3115	39.6727
3117	39.6761
3119	39.7279
3120	39.728
3122	39.8263
3123	39.8264
3124	39.8265
3125	39.833
3126	39.8331
3127	39.835
3128	39.8351
3130	39.8884
3131	39.8885
3133	39.9401
3134	39.9402
3138	39.9954
3139	39.9955
3140	39.9957
3143	40.054
3144	40.0541
3145	40.0542
3146	40.0543
3149	40.0591
3153	40.1664
3154	40.1665
3155	40.1666
3159	40.1732
3162	40.2197
3164	40.282
3165	40.2821
3166	40.2822
3167	40.2823
3168	40.2824
3171	40.3267
3173	40.3801
3174	40.4427
3175	40.4428
3176	40.4429
3177	40.443
3178	40.4431
3179	40.4432
3180	40.4433
3181	40.4666
3182	40.4667
3183	40.5404
3184	40.6033
3185	40.6035
3186	40.6036
3187	40.6037
3188	40.6038
3189	40.6039
3190	40.604
3191	40.6084
3192	40.627
3193	40.7007
3194	40.7636
3195	40.7643
3196	40.7644
3197	40.7645
3198	40.7646
3199	40.7647
3200	40.7648
3201	40.7687
3202	40.7873
3203	40.861
3204	40.9239
3205	40.9251
3206	40.9252
3207	40.9253
3208	40.9254
3209	40.9255
3210	40.9256
3211	40.929
3212	40.9476
3213	41.0213
3214	41.0842
3215	41.0859
3216	41.086
3217	41.0861
3218	41.0862
3219	41.0863
3220	41.0864
3221	41.0893
3222	41.1079
3223	41.1816
3224	41.1963
3225	41.1964
3226	41.1965
3228	41.2031
3229	41.2032
3230	41.2033
3233	41.3051
3234	41.3052
3235	41.3053
3238	41.3636
3239	41.3637
3240	41.3638
3241	41.3639
3242	41.364
3243	41.4156
3244	41.4157
3246	41.4658
3247	41.4659
3248	41.524
3249	41.5243
3250	41.5244
3251	41.5246
3252	41.5247
3253	41.5248
3258	41.6327
3260	41.6395
3261	41.6396
3262	41.6397
3265	41.6853
3266	41.6854
3267	41.6855
3272	41.7923
3273	41.7924
3274	41.7925
3276	41.8458
3277	41.8459
3278	41.846
3279	41.8461
3280	41.8462
3281	41.8463
3282	41.9528
3283	41.9529
3284	41.953
3285	41.9531
3286	41.9567
3287	41.9568
3290	42.007
3291	42.0071
3293	42.0667
3294	42.0668
3295	42.0669
3297	42.1171
3298	42.1172
3299	42.1173
3300	42.1673
3301	42.1674
3302	42.1675
3303	42.1773
3304	42.1774
3306	42.2258
3307	42.2259
3313	42.236
3315	42.286
3316	42.3345
3319	42.343
3320	42.3431
3321	42.3432
3323	42.393
3324	42.3931
3327	42.4465
3328	42.4466
3330	42.4534
3335	42.5535
3336	42.5537
3338	42.5621
3339	42.5622
3340	42.5623
3342	42.5655
3344	42.6141
3345	42.6692
3346	42.6693
3347	42.6694
3348	42.6695
3351	42.7227
3352	42.7228
3353	42.7229
3354	42.723
3356	42.7798
3357	42.7799
3359	42.8297
3360	42.8298
3362	42.8832
3363	42.8833
3364	42.8834
3365	42.8835
3367	42.9403
3368	42.9404
3369	42.99
3370	42.9901
3371	42.9902
3373	43.0436
3374	43.0438
3375	43.0439
3376	43.044
3378	43.097
3380	43.1504
3381	43.1505
3382	43.1506
3383	43.2039
3384	43.2041
3385	43.2042
3386	43.2043
3387	43.2044
3388	43.2573
3389	43.2574
3390	43.2591
3393	43.3642
3394	43.3646
3395	43.3647
3396	43.3648
3397	43.3649
3398	43.3678
3399	43.3679
3402	43.4196
3403	43.4746
3404	43.4747
3406	43.4814
3407	43.4815
3408	43.4816
3411	43.5284
3412	43.5799
3413	43.5851
3414	43.5852
3416	43.5903
3417	43.5904
3419	43.5937
3422	43.7402
3423	43.7403
3424	43.7455
3425	43.7456
3426	43.7506
3427	43.7507
3428	43.7508
3429	43.754
3430	43.7541
3431	43.7542
3432	43.9006
3433	43.9007
3434	43.9059
3435	43.906
3436	43.9109
3437	43.9111
3438	43.9112
3439	43.9113
3440	43.9114
3441	43.9115
3442	44.061
3443	44.0611
3444	44.0663
3445	44.0664
3446	44.0712
3447	44.0718
3448	44.0719
3449	44.072
3450	44.0721
3451	44.0722
3452	44.2214
3453	44.2215
3454	44.2267
3455	44.2268
3456	44.2315
3457	44.2325
3458	44.2326
3459	44.2327
3460	44.2328
3461	44.2329
3462	44.3818
3463	44.3819
3464	44.3871
3465	44.3872
3466	44.3918
3467	44.3932
3468	44.3933
3469	44.3934
3470	44.3935
3471	44.3936
3474	44.4958
3476	44.5009
3477	44.501
3479	44.5043
3481	44.5157
3482	44.5158
3485	44.6079
3486	44.608
3489	44.613
3491	44.6245
3492	44.6246
3494	44.6829
3496	44.72
3497	44.7201
3499	44.7316
3500	44.7317
3502	44.7367
3503	44.7368
3505	44.795
3507	44.8322
3508	44.8323
3511	44.8437
3513	44.8488
3514	44.8489
3518	44.9444
3519	44.9445
3523	44.9661
3524	44.9662
3525	44.9663
3526	44.9664
3530	45.0566
3534	45.0768
3535	45.0769
3539	45.1333
3540	45.1653
3543	45.1839
3546	45.189
3549	45.2402
3550	45.296
3551	45.2961
3552	45.2962
3553	45.2963
3554	45.2964
3555	45.2965
3560	45.4083
3561	45.4084
3562	45.4085
3565	45.4168
3566	45.4169
3567	45.417
3570	45.5204
3571	45.5205
3572	45.5206
3574	45.5257
3575	45.5258
3577	45.5775
3578	45.5776
3579	45.5777
3580	45.6359
3581	45.636
3582	45.6361
3583	45.6362
3584	45.6363
3586	45.6863
3587	45.7379
3588	45.738
3589	45.7381
3590	45.7446
3592	45.7966
3593	45.7967
3594	45.7968
3595	45.7969
3596	45.797
3597	45.8448
3598	45.8516
3599	45.8517
3601	45.855
3604	45.8601
3607	45.962
3608	45.9621
3609	45.9622
3610	45.9623
3612	46.0153
3613	46.0154
3614	46.0203
3615	46.0204
3616	46.0205
3617	46.1222
3618	46.1225
3619	46.1226
3620	46.1227
3621	46.1228
3622	46.124
3624	46.1275
3626	46.1809
3627	46.2309
3629	46.2343
3631	46.2377
3633	46.2836
3634	46.2878
3635	46.2879
3636	46.3379
3638	46.3413
3640	46.3447
3642	46.3917
3643	46.4439
3644	46.4482
3645	46.4483
3646	46.4485
3647	46.4486
3649	46.4517
3653	46.557
3654	46.5571
3658	46.5672
3659	46.5673
3660	46.5674
3662	46.6123
3663	46.6657
3665	46.6691
3667	46.6759
3668	46.676
3672	46.728
3673	46.7744
3675	46.7778
3677	46.835
3678	46.8351
3679	46.8352
3680	46.8353
3681	46.8354
3683	46.8401
3684	46.8402
3686	46.8887
3687	46.9735
3688	46.9736
3689	46.9737
3690	46.9738
3691	46.9739
3692	46.974
3693	46.9741
3696	47.049
3697	47.1344
3698	47.1345
3699	47.1346
3700	47.1347
3701	47.1348
3702	47.1349
3703	47.135
3704	47.1351
3705	47.1352
3706	47.2093
3707	47.2955
3708	47.2956
3709	47.2957
3710	47.2958
3711	47.2959
3712	47.296
3713	47.2961
3714	47.2962
3715	47.2963
3716	47.3696
3717	47.4566
3718	47.4567
3719	47.4568
3720	47.4569
3721	47.457
3722	47.4571
3723	47.4572
3724	47.4573
3725	47.4574
3726	47.5299
3727	47.6177
3728	47.6178
3729	47.6179
3730	47.618
3731	47.6181
3732	47.6182
3733	47.6183
3734	47.6184
3735	47.6185
3736	47.6902
3739	47.7361
3740	47.7362
3741	47.7363
3743	47.7562
3744	47.7563
3745	47.7564
3746	47.7565
3747	47.7566
3749	47.8482
3750	47.8483
3751	47.8484
3753	47.9168
3754	47.9169
3755	47.917
3756	47.9171
3757	47.9172
3758	47.9173
3760	47.9738
3761	47.9739
3762	47.974
3763	47.9741
3764	47.9742
3766	48.026
3767	48.0261
3769	48.0778
3770	48.0863
3771	48.0864
3772	48.0865
3774	48.1331
3775	48.1332
3777	48.1365
3779	48.195
3780	48.1951
3782	48.1984
3784	48.2452
3785	48.2453
3786	48.2454
3787	48.2455
3789	48.3554
3790	48.3555
3791	48.3556
3792	48.3587
3793	48.3588
3794	48.3589
3795	48.4058
3796	48.4059
3797	48.406
3798	48.4061
3800	48.471
3801	48.4711
3802	48.4712
3803	48.4713
3805	48.4744
3808	48.5148
3810	48.5779
3813	48.5885
3814	48.5886
3815	48.5887
3816	48.5888
3818	48.6349
3819	48.635
3820	48.6351
3821	48.6352
3825	48.7422
3826	48.7423
3827	48.7424
3829	48.7456
3833	48.796
3834	48.7961
3836	48.8544
3837	48.8545
3839	48.8578
3841	48.903
3842	48.9031
3845	48.9081
3847	48.9632
3852	49.0118
3854	49.0152
3858	49.0736
3860	49.077
3862	49.1256
3863	49.1257
3864	49.1258
3865	49.1259
3869	49.1806
3872	49.2329
3874	49.2363
3876	49.2865
3877	49.2866
3878	49.2867
3879	49.3399
3880	49.34
3881	49.3401
3883	49.3433
3886	49.3971
3887	49.3972
3890	49.4539
3891	49.454
3892	49.4541
3893	49.4542
3897	49.5576
3898	49.5577
3899	49.5578
3900	49.5608
3902	49.6146
3903	49.6147
3904	49.6148
3905	49.6149
3906	49.615
3907	49.6699
3908	49.67
3909	49.6701
3911	49.6733
3915	49.7754
3916	49.7755
3917	49.7822
3918	49.7823
3919	49.7824
3921	49.7856
3928	49.8911
3930	49.8979
3931	49.898
3932	49.8981
3934	49.9127
3935	49.9128
3936	49.9129
3938	50.0066
3939	50.0067
3940	50.0068
3942	50.0117
3943	50.0118
3945	50.0216
3947	50.0734
3948	50.1155
3950	50.1189
3954	50.1303
3955	50.1304
3957	50.2276
3958	50.2277
3959	50.2278
3960	50.2279
3962	50.2552
3963	50.2553
3965	50.2595
3967	50.388
3968	50.3882
3969	50.3883
3970	50.3884
3971	50.3885
3972	50.4156
3973	50.4157
3974	50.4158
3975	50.4198
3976	50.4199
3977	50.5483
3978	50.5488
3979	50.5489
3980	50.549
3981	50.5491
3982	50.5761
3983	50.5762
3984	50.5763
3985	50.5802
3986	50.5803
3987	50.7086
3988	50.7094
3989	50.7095
3990	50.7096
3991	50.7097
3992	50.7366
3993	50.7367
3994	50.7368
3995	50.7406
3996	50.7407
3997	50.8689
3998	50.87
3999	50.8701
4000	50.8702
4001	50.8703
4002	50.8971
4003	50.8972
4004	50.8973
4005	50.901
4006	50.9011
4007	51.0292
4008	51.0294
4009	51.0295
4010	51.0296
4011	51.0297
4014	51.0359
4015	51.036
4018	51.1413
4019	51.1414
4023	51.1481
4025	51.163
4026	51.1631
4029	51.2552
4030	51.2553
4031	51.2554
4035	51.2701
4037	51.3088
4038	51.3089
4042	51.3674
4044	51.3771
4046	51.4192
4047	51.4193
4048	51.4194
4050	51.4694
4051	51.4695
4052	51.4761
4054	51.5263
4055	51.5264
4057	51.5314
4058	51.5315
4063	51.6351
4064	51.6352
4068	51.6919
4069	51.692
4070	51.6921
4071	51.6923
4072	51.6924
4073	51.6925
4074	51.6926
4076	51.6955
4078	51.8006
4080	51.8057
4081	51.8058
4083	51.8531
4084	51.8532
4085	51.8533
4086	51.8534
4087	51.8535
4088	51.9075
4089	51.9076
4091	51.9605
4092	51.9606
4095	52.014
4096	52.0141
4097	52.0142
4098	52.0144
4102	52.071
4106	52.1212
4108	52.1246
4110	52.1748
4111	52.1749
4112	52.1797
4115	52.2316
4116	52.2815
4117	52.2816
4118	52.2849
4119	52.285
4120	52.2851
4121	52.2852
4122	52.3386
4123	52.3387
4124	52.3388
4127	52.3919
4131	52.4457
4132	52.4458
4133	52.4475
4136	52.4989
4141	52.5544
4143	52.5578
4146	52.6076
4148	52.611
4150	52.6596
4151	52.6665
4152	52.6666
4153	52.6667
4155	52.718
4156	52.7181
4157	52.7182
4159	52.7714
4160	52.7735
4162	52.7786
4163	52.7787
4165	52.8251
4167	52.8785
4168	52.8786
4169	52.8822
4170	52.8823
4172	52.889
4173	52.8891
4175	52.9392
4176	52.9393
4177	52.9854
4178	52.9995
4179	52.9996
4180	52.9997
4181	52.9998
4182	52.9999
4183	53
4186	53.0997
4187	53.1083
4188	53.1084
4189	53.1085
4191	53.1117
4193	53.1604
4194	53.1605
4195	53.1606
4196	53.2153
4199	53.2238
4200	53.2239
4201	53.224
4203	53.2272
4206	53.3274
4207	53.3275
4208	53.3276
4211	53.3325
4216	53.4343
4217	53.4414
4218	53.4415
4219	53.4416
4220	53.4417
4223	53.493
4224	53.4931
4225	53.4932
4226	53.5412
4227	53.602
4228	53.6021
4229	53.6022
4230	53.6023
4231	53.6024
4232	53.6025
4233	53.6535
4234	53.6536
4235	53.6537
4236	53.7015
4237	53.7628
4238	53.7629
4239	53.763
4240	53.7631
4241	53.7632
4242	53.7633
4243	53.7743
4244	53.8139
4245	53.814
4246	53.8618
4247	53.9236
4248	53.9237
4249	53.9238
4250	53.9239
4251	53.924
4252	53.9241
4253	53.9346
4254	53.9743
4255	53.9744
4256	54.0221
4257	54.0844
4258	54.0845
4259	54.0846
4260	54.0847
4261	54.0848
4262	54.0849
4263	54.0949
4264	54.1347
4265	54.1348
4266	54.1824
4267	54.2452
4268	54.2453
4269	54.2454
4270	54.2455
4271	54.2456
4272	54.2457
4273	54.2552
4274	54.2951
4275	54.2952
4276	54.3427
4277	54.3574
4278	54.3575
4279	54.3576
4280	54.3577
4282	54.4056
4283	54.4057
4284	54.4058
4285	54.4059
4287	54.4643
4288	54.466
4289	54.4664
4293	54.5195
4294	54.5196
4295	54.5197
4299	54.6264
4300	54.6265
4301	54.6266
4302	54.6267
4303	54.68
4304	54.6801
4305	54.6802
4306	54.6803
4307	54.6804
4308	54.6805
4309	54.7352
4311	54.787
4312	54.7871
4313	54.7888
4315	54.7922
4317	54.8409
4318	54.841
4319	54.8456
4320	54.8457
4322	54.8958
4324	54.8992
4328	54.9527
4330	54.9595
4331	54.9596
4332	54.9597
4334	55.0096
4335	55.0097
4338	55.0666
4339	55.0667
4344	55.17
4345	55.1701
4346	55.1702
4347	55.1703
4348	55.1754
4350	55.2272
4351	55.2273
4352	55.2274
4353	55.2275
4354	55.2769
4356	55.2807
4359	55.2892
4360	55.2893
4361	55.2894
4363	55.3878
4364	55.3911
4365	55.3912
4366	55.3913
4367	55.3914
4369	55.4413
4370	55.4414
4371	55.4415
4372	55.4416
4374	55.498
4375	55.4984
4376	55.4985
4379	55.5503
4381	55.6021
4382	55.6022
4383	55.6023
4384	55.6101
4385	55.6102
4386	55.6103
4390	55.6624
4391	55.6625
4393	55.7241
4394	55.7242
4395	55.7243
4396	55.7244
4397	55.7245
4399	55.7695
4402	55.823
4403	55.831
4404	55.8315
4405	55.8316
4407	55.8349
4410	55.8766
4411	55.8767
4413	55.9379
4414	55.942
4415	55.9421
4418	55.9837
4419	55.9838
4421	55.9871
4424	56.0006
4425	56.0007
4426	56.0008
4428	56.0974
4429	56.0975
4430	56.0976
4431	56.0977
4434	56.1095
4436	56.1613
4437	56.1614
4438	56.2182
4439	56.2183
4440	56.2184
4441	56.2185
4442	56.2186
4443	56.2187
4444	56.2188
4446	56.2701
4449	56.3287
4452	56.3771
4453	56.3772
4454	56.3773
4455	56.3774
4457	56.4305
4458	56.4306
4459	56.4374
4462	56.4861
4463	56.4862
4466	56.538
4467	56.5426
4468	56.5427
4469	56.5428
4472	56.5965
4473	56.5966
4475	56.645
4477	56.6498
4480	56.7033
4481	56.7034
4482	56.7104
4483	56.7105
4484	56.7106
4485	56.7107
4492	56.8192
4494	56.8226
4496	56.826
4498	56.8714
4499	56.8715
4500	56.8905
4501	56.8922
4502	56.9553
4503	56.9554
4504	56.9829
4505	56.983
4506	56.9863
4507	56.9864
4508	57.0318
4509	57.0319
4510	57.0508
4511	57.0525
4512	57.0826
4513	57.0843
4514	57.1433
4515	57.1434
4516	57.1467
4517	57.1468
4518	57.1922
4519	57.1923
4520	57.2111
4521	57.2128
4522	57.2429
4523	57.2446
4524	57.3037
4525	57.3038
4526	57.3071
4527	57.3072
4528	57.3526
4529	57.3527
4530	57.3714
4531	57.3731
4532	57.4032
4533	57.4049
4534	57.4641
4535	57.4642
4536	57.4675
4537	57.4676
4538	57.513
4539	57.5131
4540	57.5317
4541	57.5334
4542	57.5635
4543	57.5652
4544	57.6242
4545	57.6243
4547	57.628
4548	57.6326
4552	57.6922
4553	57.7255
4554	57.7311
4555	57.7328
4556	57.7329
4558	57.7413
4560	57.7931
4561	57.7932
4562	57.8009
4564	57.8914
4565	57.8932
4566	57.8933
4567	57.8934
4568	57.8935
4569	57.8936
4570	57.9079
4571	57.908
4574	57.9983
4575	58.0001
4578	58.0054
4580	58.0542
4581	58.0543
4582	58.0544
4583	58.0545
4585	58.1104
4586	58.1105
4590	58.1649
4591	58.165
4592	58.1651
4594	58.2151
4595	58.2242
4596	58.2243
4597	58.2244
4598	58.2245
4601	58.2755
4603	58.3221
4605	58.3847
4606	58.3848
4607	58.3849
4608	58.385
4609	58.3851
4610	58.3852
4611	58.3859
4612	58.386
4615	58.4916
4616	58.4972
4617	58.4973
4618	58.4974
4620	58.5023
4621	58.5024
4623	58.5464
4624	58.5465
4625	58.6095
4626	58.6096
4627	58.6097
4628	58.6098
4630	58.6535
4631	58.6536
4632	58.6537
4633	58.6538
4635	58.7164
4636	58.7639
4637	58.764
4638	58.7641
4639	58.7642
4640	58.7643
4641	58.7644
4643	58.8141
4644	58.8142
4645	58.8714
4646	58.8715
4649	58.8765
4651	58.8799
4653	58.9745
4654	58.9746
4655	59.0281
4656	59.0282
4657	59.0283
4658	59.0284
4659	59.0285
4660	59.0286
4661	59.0287
4662	59.0288
4664	59.0817
4666	59.1421
4667	59.1422
4668	59.1423
4669	59.1424
4671	59.1455
4673	59.1896
4674	59.1957
4675	59.1958
4678	59.2528
4680	59.2562
4683	59.306
4684	59.3061
4685	59.3062
4686	59.3063
4687	59.3064
4690	59.3666
4691	59.3667
4693	59.4233
4694	59.4234
4695	59.4235
4696	59.4236
4697	59.4237
4698	59.4238
4700	59.4771
4701	59.4772
4707	59.5408
4708	59.5409
4711	59.5893
4712	59.5894
4713	59.5895
4715	59.6379
4716	59.638
4717	59.653
4718	59.6531
4719	59.6532
4724	59.705
4725	59.7051
4727	59.7634
4728	59.7635
4730	59.7719
4731	59.772
4732	59.7721
4733	59.7722
4736	59.8142
4738	59.8204
4740	59.884
4741	59.8841
4742	59.8842
4744	59.9327
4745	59.9328
4746	59.9376
4747	59.9377
4748	59.9378
4749	59.9379
