0	1.02846
2	1.04031
3	1.04031
4	1.04031
5	1.04031
6	1.04031
7	1.04031
9	1.0809
0	1.1085
2	1.1204
3	1.1205
4	1.1206
5	1.1207
6	1.1208
10	1.14946
11	1.14946
12	1.14946
14	1.15454
15	1.15454
9	1.161
11	1.2296
14	1.2346
15	1.2347
20	1.2563
21	1.25995
22	1.25995
25	1.26675
26	1.26675
28	1.3153
29	1.3154
20	1.3364
21	1.34
22	1.3401
25	1.3468
26	1.3469
30	1.37387
31	1.37387
32	1.37387
33	1.37387
34	1.37387
28	1.3954
29	1.3955
36	1.42247
37	1.42247
30	1.4539
34	1.4543
39	1.4758
42	1.48764
43	1.48764
36	1.5025
37	1.5026
39	1.5559
42	1.5677
47	1.58289
48	1.58299
49	1.58456
54	1.59974
56	1.64829
47	1.66299
49	1.66459
56	1.72839
57	1.74319
58	1.74329
59	1.74479
60	1.74489
61	1.74499
62	1.74509
63	1.74519
64	1.74529
65	1.74539
66	1.80859
57	1.82329
59	1.82489
60	1.82499
62	1.82519
63	1.82529
64	1.82539
68	1.85703
69	1.85703
70	1.85703
72	1.87706
73	1.87706
74	1.87706
75	1.87706
76	1.87706
68	1.93709
69	1.93719
70	1.93729
72	1.95709
73	1.95719
74	1.95729
78	1.98934
79	1.98934
80	1.98934
81	1.98934
82	1.98934
83	1.98934
84	1.98934
86	2.03789
87	2.03799
78	2.06939
79	2.06949
80	2.06959
81	2.06969
83	2.06989
88	2.09835
90	2.10174
86	2.11799
87	2.11809
93	2.15049
94	2.15059
95	2.15069
88	2.17839
96	2.19829
97	2.19839
93	2.23059
99	2.25869
100	2.25879
101	2.25889
102	2.25899
103	2.25925
105	2.31099
106	2.31109
107	2.31119
108	2.31129
109	2.31406
103	2.33929
111	2.36795
112	2.36795
113	2.36795
107	2.39129
108	2.39139
109	2.39409
115	2.41969
116	2.41979
117	2.42174
118	2.42174
112	2.44809
121	2.47479
115	2.49979
116	2.49989
117	2.50179
122	2.52686
123	2.52686
124	2.52686
121	2.55489
126	2.58018
127	2.58198
128	2.58208
129	2.58218
130	2.58228
122	2.60688
123	2.60698
131	2.63508
132	2.63565
127	2.66208
128	2.66218
129	2.66228
130	2.66238
136	2.68758
137	2.69105
132	2.71568
139	2.74278
140	2.74288
141	2.74298
142	2.74773
143	2.74773
144	2.74773
136	2.76768
137	2.77108
146	2.79805
140	2.82298
141	2.82308
150	2.85175
146	2.87808
152	2.90348
153	2.90358
154	2.90368
155	2.90378
156	2.90675
158	2.91013
150	2.93178
152	2.98358
153	2.98368
154	2.98378
158	2.99018
160	3.01198
161	3.01208
162	3.01414
163	3.01414
165	3.0226
166	3.0226
167	3.0226
168	3.0226
160	3.09208
161	3.09218
162	3.09418
163	3.09428
165	3.10268
166	3.10278
167	3.10288
170	3.12084
173	3.12592
176	3.13324
178	3.18338
179	3.18348
170	3.20088
173	3.20598
176	3.21328
178	3.26348
179	3.26358
180	3.28108
181	3.28118
182	3.28128
183	3.28618
184	3.28628
185	3.28638
186	3.29348
187	3.29358
188	3.34378
189	3.34388
180	3.36118
181	3.36128
182	3.36138
183	3.36628
184	3.36638
185	3.36648
187	3.37368
190	3.39004
192	3.39345
196	3.40065
198	3.40403
190	3.47008
196	3.48068
198	3.48408
200	3.49874
202	3.51105
203	3.51105
204	3.51105
205	3.51105
206	3.51105
207	3.51105
200	3.57878
202	3.59107
204	3.59127
206	3.59147
207	3.59157
210	3.61805
211	3.61805
213	3.62482
214	3.62482
215	3.62482
217	3.67207
218	3.67217
219	3.67227
211	3.69817
213	3.70487
214	3.70497
220	3.72487
222	3.73194
225	3.73872
226	3.73872
218	3.75227
219	3.75237
228	3.78104
220	3.80497
222	3.81197
225	3.81877
226	3.81887
230	3.83364
232	3.84064
228	3.86107
235	3.88804
236	3.88804
237	3.88804
232	3.92067
240	3.94147
241	3.94157
237	3.96827
242	4.00087
243	4.00097
244	4.00107
245	4.00117
246	4.00127
240	4.02157
247	4.04847
248	4.04857
249	4.04867
242	4.08097
243	4.08107
244	4.08117
245	4.08127
246	4.08137
250	4.0833
247	4.12857
248	4.12867
249	4.12877
252	4.16157
253	4.16167
254	4.16177
255	4.16187
256	4.16197
250	4.16337
257	4.20897
258	4.20907
259	4.20917
252	4.24167
253	4.24177
254	4.24187
260	4.24357
261	4.24367
257	4.28907
258	4.28917
259	4.28927
262	4.32207
263	4.32217
264	4.32227
265	4.32237
266	4.32247
260	4.32367
261	4.32377
267	4.36947
268	4.36957
269	4.36967
262	4.40217
263	4.40227
264	4.40237
265	4.40247
266	4.40257
270	4.40397
271	4.40407
267	4.44957
268	4.44967
269	4.44977
272	4.48277
273	4.48287
274	4.48297
275	4.48307
276	4.48317
270	4.48407
271	4.48417
277	4.52997
278	4.53007
279	4.53017
272	4.56287
273	4.56297
274	4.56307
275	4.56317
276	4.56327
280	4.56437
281	4.56447
277	4.61006
278	4.61016
279	4.61026
282	4.64346
283	4.64356
284	4.64366
285	4.64376
286	4.64386
280	4.64446
281	4.64456
287	4.69046
288	4.69056
289	4.69066
282	4.72356
283	4.72366
284	4.72376
285	4.72386
286	4.72396
290	4.72476
291	4.72486
287	4.77056
288	4.77066
289	4.77076
292	4.80416
293	4.80426
294	4.80436
295	4.80446
296	4.80456
291	4.80496
298	4.84119
299	4.84119
300	4.84119
294	4.88446
295	4.88456
296	4.88466
302	4.89266
303	4.89436
304	4.91333
298	4.92126
299	4.92136
300	4.92146
307	4.94843
310	4.95351
302	4.97276
303	4.97446
307	5.02846
312	5.05296
313	5.05466
314	5.05476
315	5.05486
316	5.05496
317	5.06051
318	5.06051
319	5.06051
321	5.10906
312	5.13306
313	5.13476
314	5.13486
315	5.13496
316	5.13506
317	5.14056
318	5.14066
319	5.14076
326	5.17219
327	5.17219
328	5.17219
321	5.18916
330	5.21782
331	5.21782
326	5.25226
327	5.25236
328	5.25246
334	5.26966
335	5.26976
336	5.28451
337	5.28451
338	5.28451
330	5.29786
341	5.32991
342	5.32991
334	5.34976
335	5.34986
336	5.36456
337	5.36466
344	5.37852
341	5.40996
348	5.44031
349	5.44031
350	5.44031
351	5.44031
352	5.44031
344	5.45856
354	5.48722
356	5.49061
348	5.52036
350	5.52056
351	5.52066
352	5.52076
358	5.54902
361	5.5541
354	5.56726
356	5.57066
363	5.59763
364	5.59763
365	5.59763
367	5.60263
361	5.63415
370	5.65605
371	5.66282
363	5.67765
365	5.67785
367	5.68265
374	5.7114
375	5.7114
376	5.7114
378	5.71478
371	5.74285
380	5.76315
374	5.79145
376	5.79165
378	5.79485
384	5.82012
386	5.8235
388	5.82858
389	5.82858
392	5.83366
384	5.90015
389	5.90875
392	5.91375
394	5.98035
395	5.98045
396	5.98055
397	5.98065
398	5.98075
399	5.98895
400	5.98905
401	5.98915
402	5.99395
403	5.99405
395	6.06055
397	6.06075
398	6.06085
399	6.06905
403	6.07415
406	6.0926
407	6.0926
409	6.14925
410	6.14935
411	6.14945
412	6.14955
413	6.15435
414	6.15445
415	6.16755
406	6.17265
417	6.20639
418	6.20639
419	6.20639
411	6.22955
412	6.22965
413	6.23445
415	6.24765
421	6.25831
423	6.26311
425	6.27631
417	6.28645
418	6.28655
419	6.28665
428	6.317
423	6.34315
433	6.3752
434	6.3752
435	6.3752
437	6.38027
438	6.38027
440	6.42405
441	6.42415
442	6.42425
434	6.45535
435	6.45545
443	6.48205
444	6.4875
445	6.4875
446	6.4875
448	6.49088
440	6.50415
450	6.53619
451	6.53619
452	6.53619
448	6.57095
456	6.59774
457	6.59784
458	6.59961
452	6.61644
460	6.64342
461	6.64342
463	6.6468
456	6.67784
460	6.72344
463	6.72684
471	6.76565
472	6.76565
473	6.76565
474	6.76565
475	6.76565
476	6.76565
477	6.76565
478	6.76565
480	6.83044
472	6.84584
473	6.84594
477	6.84634
478	6.84644
481	6.87254
482	6.87461
484	6.87799
486	6.88138
488	6.88646
489	6.88646
481	6.95264
484	6.95804
486	6.96144
488	6.96654
489	6.96664
491	6.9813
493	6.9867
494	6.9867
496	6.99361
497	6.99361
499	7.04694
500	7.04704
491	7.06134
493	7.06674
494	7.06684
496	7.07364
497	7.07374
501	7.0972
502	7.0972
503	7.0972
504	7.0972
506	7.1041
507	7.1041
499	7.12704
500	7.12714
501	7.17724
502	7.17734
503	7.17744
506	7.18414
507	7.18424
509	7.20734
510	7.20744
511	7.2078
512	7.2078
515	7.25804
516	7.26444
517	7.26454
518	7.26464
509	7.28744
510	7.28754
511	7.28784
515	7.33814
517	7.34464
522	7.36814
523	7.36824
524	7.36834
525	7.41834
526	7.41844
527	7.42484
528	7.42494
529	7.42504
530	7.42514
531	7.42524
522	7.44824
523	7.44834
524	7.44844
525	7.49844
526	7.49854
527	7.50494
528	7.50504
529	7.50514
532	7.52864
533	7.52874
534	7.52884
535	7.57874
536	7.57884
537	7.57894
538	7.58533
539	7.58543
540	7.58553
541	7.58563
532	7.60873
533	7.60883
534	7.60893
535	7.65883
536	7.65893
537	7.65903
538	7.66543
539	7.66553
540	7.66563
541	7.66573
542	7.68913
543	7.68923
544	7.68933
545	7.73923
546	7.73933
547	7.73943
548	7.74593
549	7.74603
550	7.74613
551	7.74623
542	7.76923
543	7.76933
544	7.76943
545	7.81933
546	7.81943
547	7.81953
548	7.82603
549	7.82613
550	7.82623
551	7.82633
552	7.84963
553	7.84973
554	7.84983
555	7.89973
556	7.89983
557	7.89993
558	7.90653
559	7.90663
560	7.90673
561	7.90683
552	7.92973
553	7.92983
554	7.92993
555	7.97983
556	7.97993
557	7.98003
558	7.98663
559	7.98673
560	7.98683
561	7.98693
562	8.01013
563	8.01023
564	8.01033
565	8.06023
566	8.06033
567	8.06043
568	8.06713
569	8.06723
570	8.06733
571	8.06743
562	8.09023
563	8.09033
564	8.09043
565	8.14033
566	8.14043
568	8.14723
569	8.14733
570	8.14743
572	8.1674
573	8.1674
574	8.1674
577	8.1744
579	8.17779
581	8.22793
572	8.24743
574	8.24763
579	8.25783
582	8.28286
583	8.28286
584	8.28286
585	8.28286
586	8.28286
588	8.28625
581	8.30803
590	8.33813
582	8.36293
584	8.36313
586	8.36333
591	8.38823
593	8.39836
594	8.39836
595	8.39836
596	8.39836
598	8.40175
600	8.44503
591	8.46833
594	8.47853
595	8.47863
596	8.47873
598	8.48183
601	8.51416
602	8.51416
603	8.51416
604	8.51416
605	8.51416
606	8.51416
607	8.51416
608	8.51416
600	8.52513
604	8.59452
605	8.59462
607	8.59482
608	8.59492
613	8.62442
614	8.62667
615	8.62667
616	8.62667
618	8.63175
619	8.63175
622	8.67582
613	8.70452
614	8.70672
615	8.70682
619	8.71192
623	8.73549
624	8.73549
629	8.74564
630	8.74564
622	8.75592
624	8.81562
629	8.82572
633	8.84232
634	8.84598
635	8.84598
637	8.85439
638	8.85439
639	8.85439
641	8.90612
642	8.90622
633	8.92242
638	8.93452
639	8.93462
643	8.95278
644	8.95278
642	8.98632
646	9.00292
647	9.00302
648	9.01482
649	9.01492
650	9.01502
651	9.01512
643	9.03282
644	9.03292
652	9.06158
653	9.06158
647	9.08312
648	9.09492
649	9.09502
650	9.09512
656	9.11009
658	9.12548
659	9.12548
661	9.12886
653	9.14172
663	9.17038
661	9.20892
667	9.22232
668	9.23232
669	9.23402
670	9.23412
672	9.28922
673	9.28932
674	9.28942
675	9.28952
676	9.28962
667	9.30242
668	9.31242
669	9.31412
670	9.31422
678	9.34457
679	9.34457
680	9.34457
673	9.36942
675	9.36962
676	9.36972
685	9.40147
688	9.40824
689	9.40824
693	9.42489
696	9.45847
698	9.46359
693	9.50492
700	9.51692
701	9.51702
702	9.51712
703	9.53527
704	9.53527
698	9.54362
706	9.58541
707	9.58551
700	9.59701
701	9.59711
702	9.59721
703	9.61531
704	9.61541
708	9.62381
709	9.62391
706	9.66551
707	9.66561
710	9.67741
711	9.67751
712	9.67761
713	9.69561
714	9.69571
715	9.69581
708	9.70391
716	9.73258
717	9.73258
718	9.73258
710	9.75751
711	9.75761
721	9.79135
722	9.79135
723	9.79135
716	9.81261
717	9.81271
718	9.81281
726	9.84655
727	9.84655
728	9.84655
729	9.84655
721	9.87141
722	9.87151
731	9.90187
732	9.90187
726	9.92661
727	9.92671
729	9.92691
734	9.95201
735	9.95211
731	9.98191
732	9.98201
739	10.0073
740	10.0074
741	10.0107
734	10.0321
743	10.0624
744	10.0642
745	10.0642
746	10.0642
748	10.0675
741	10.0907
750	10.1159
751	10.1211
752	10.1211
745	10.1443
746	10.1444
748	10.1476
754	10.1712
755	10.1748
756	10.1748
758	10.1782
750	10.196
752	10.2012
761	10.2282
754	10.2513
755	10.2548
756	10.2549
763	10.2783
765	10.2886
766	10.2886
767	10.2886
768	10.2886
770	10.3319
771	10.3319
772	10.3319
765	10.3687
766	10.3688
774	10.3852
775	10.3992
776	10.3992
770	10.4119
771	10.412
778	10.4457
779	10.4457
780	10.4457
781	10.4457
782	10.4457
783	10.4457
775	10.4792
779	10.5259
782	10.5262
785	10.5563
786	10.5563
787	10.5563
788	10.5563
789	10.5563
790	10.5563
793	10.5613
785	10.6363
786	10.6364
787	10.6365
788	10.6366
790	10.6368
795	10.7074
798	10.7125
800	10.7174
801	10.7175
802	10.7176
803	10.7177
804	10.7178
795	10.7875
798	10.7926
800	10.7975
801	10.7976
803	10.7978
805	10.8677
806	10.8678
807	10.8679
808	10.8728
809	10.8729
810	10.8778
811	10.878
812	10.8781
813	10.8782
814	10.8783
805	10.9478
806	10.9479
807	10.948
808	10.9529
809	10.953
810	10.9579
811	10.9581
812	10.9582
813	10.9583
814	10.9584
815	11.0282
816	11.0283
817	11.0284
818	11.0332
819	11.0333
820	11.0381
821	11.0386
822	11.0387
823	11.0388
824	11.0389
815	11.1083
816	11.1084
817	11.1085
818	11.1133
819	11.1134
820	11.1182
821	11.1187
822	11.1188
823	11.1189
824	11.119
825	11.1887
826	11.1888
827	11.1889
828	11.1936
829	11.1937
830	11.1984
831	11.1992
832	11.1993
833	11.1994
834	11.1995
825	11.2688
826	11.2689
827	11.269
828	11.2737
829	11.2738
830	11.2785
831	11.2793
832	11.2794
833	11.2795
834	11.2796
835	11.3492
836	11.3493
837	11.3494
838	11.354
839	11.3541
840	11.3587
841	11.3598
842	11.3599
843	11.36
844	11.3601
835	11.4293
839	11.4342
840	11.4388
845	11.4675
846	11.4675
847	11.4675
848	11.4675
849	11.4675
850	11.4675
845	11.5475
846	11.5476
848	11.5478
850	11.548
855	11.5813
856	11.5813
857	11.5813
858	11.5813
860	11.5864
861	11.5864
864	11.6289
856	11.6615
857	11.6616
858	11.6617
860	11.6665
861	11.6666
865	11.6882
866	11.6904
869	11.6988
870	11.6988
871	11.6988
864	11.709
873	11.736
875	11.744
871	11.7791
880	11.8061
873	11.816
875	11.824
880	11.8861
883	11.8962
884	11.8963
885	11.9042
886	11.9043
887	11.9044
888	11.9045
889	11.9046
890	11.9663
891	11.9664
892	11.9665
884	11.9764
885	11.9843
886	11.9844
887	11.9845
888	11.9846
889	11.9847
893	12.0031
890	12.0464
891	12.0465
892	12.0466
894	12.0566
895	12.0649
896	12.065
897	12.0651
898	12.0652
899	12.0653
900	12.0753
893	12.0832
894	12.1367
896	12.1451
897	12.1452
898	12.1453
899	12.1454
903	12.1634
906	12.1825
907	12.1825
908	12.1825
909	12.1825
910	12.1825
911	12.1825
913	12.2212
906	12.2626
907	12.2627
908	12.2628
911	12.2631
915	12.2705
916	12.2915
918	12.2948
920	12.2999
921	12.2999
913	12.3013
915	12.3506
921	12.3801
923	12.3815
924	12.3816
925	12.3826
926	12.3826
927	12.3826
931	12.4603
932	12.4604
923	12.4616
924	12.4617
927	12.4629
933	12.5007
934	12.5007
935	12.5007
936	12.5007
937	12.5007
938	12.5007
931	12.5404
932	12.5405
940	12.5434
933	12.5808
934	12.5809
935	12.581
943	12.6113
944	12.6113
946	12.6164
947	12.6164
940	12.6235
950	12.6538
951	12.6538
943	12.6914
944	12.6915
946	12.6965
947	12.6966
953	12.7269
954	12.7269
955	12.7269
956	12.7269
957	12.7269
950	12.7339
951	12.734
959	12.7771
953	12.807
954	12.8071
957	12.8074
960	12.8142
961	12.8143
962	12.8144
963	12.8374
964	12.8374
966	12.8442
967	12.8442
968	12.8442
973	12.8928
966	12.9243
967	12.9244
968	12.9245
975	12.9461
976	12.9548
977	12.9548
973	12.9728
982	13.0014
983	13.0014
976	13.0349
986	13.072
987	13.072
988	13.072
989	13.072
990	13.072
991	13.072
993	13.0754
995	13.116
986	13.1521
988	13.1523
989	13.1524
990	13.1525
993	13.1555
996	13.1807
998	13.1926
999	13.1926
1000	13.1926
1001	13.1926
1002	13.1926
1003	13.1926
995	13.1961
996	13.2608
999	13.2728
1000	13.2729
1001	13.273
1002	13.2731
1003	13.2732
1006	13.2894
1008	13.3412
1009	13.3534
1010	13.3535
1011	13.3536
1012	13.3537
1013	13.3538
1014	13.3539
1015	13.354
1006	13.3695
1008	13.4213
1009	13.4335
1010	13.4336
1012	13.4338
1013	13.4339
1014	13.434
1016	13.4497
1017	13.4498
1018	13.4622
1019	13.4622
1021	13.4673
1022	13.4673
1017	13.5299
1018	13.5423
1019	13.5424
1022	13.5475
1029	13.5761
1030	13.5761
1031	13.5761
1033	13.5846
1034	13.5846
1035	13.5846
1036	13.5846
1038	13.6494
1029	13.6562
1030	13.6563
1031	13.6564
1034	13.6648
1035	13.6649
1039	13.685
1041	13.6884
1043	13.6935
1044	13.6935
1046	13.703
1047	13.703
1049	13.742
1050	13.742
1044	13.7737
1046	13.7831
1047	13.7832
1052	13.7954
1053	13.8004
1054	13.8023
1057	13.8135
1050	13.8222
1052	13.8755
1061	13.9025
1062	13.9075
1063	13.9075
1064	13.9075
1066	13.9561
1067	13.9562
1068	13.9563
1069	13.9564
1070	13.9565
1061	13.9826
1063	13.9877
1066	14.0362
1067	14.0363
1068	14.0364
1069	14.0365
1070	14.0366
1071	14.0628
1072	14.0629
1073	14.0679
1074	14.068
1075	14.0681
1076	14.1168
1077	14.1169
1078	14.117
1079	14.1171
1080	14.1172
1071	14.1429
1072	14.143
1073	14.148
1074	14.1481
1076	14.1969
1077	14.197
1078	14.1971
1079	14.1972
1080	14.1973
1081	14.2232
1082	14.2233
1083	14.2283
1084	14.2284
1085	14.2285
1086	14.2775
1087	14.2776
1088	14.2777
1089	14.2778
1090	14.2779
1081	14.3033
1082	14.3034
1083	14.3084
1084	14.3085
1085	14.3086
1086	14.3576
1087	14.3577
1088	14.3578
1089	14.3579
1090	14.358
1091	14.3836
1092	14.3837
1093	14.3888
1094	14.3889
1095	14.389
1096	14.4382
1097	14.4383
1098	14.4384
1099	14.4385
1100	14.4386
1091	14.4637
1092	14.4638
1093	14.4689
1094	14.469
1095	14.4691
1096	14.5183
1097	14.5184
1098	14.5185
1099	14.5186
1100	14.5187
1101	14.544
1102	14.5441
1103	14.5493
1104	14.5494
1105	14.5495
1106	14.5989
1107	14.599
1108	14.5991
1109	14.5992
1110	14.5993
1101	14.6241
1102	14.6242
1103	14.6294
1104	14.6295
1105	14.6296
1106	14.679
1107	14.6791
1108	14.6792
1109	14.6793
1110	14.6794
1111	14.7044
1112	14.7045
1113	14.7098
1114	14.7099
1115	14.71
1116	14.7227
1119	14.7278
1112	14.7846
1121	14.7926
1116	14.8028
1122	14.8348
1123	14.8348
1124	14.8348
1125	14.8348
1126	14.8348
1127	14.8348
1128	14.8348
1130	14.8462
1122	14.9149
1124	14.9151
1125	14.9152
1126	14.9153
1127	14.9154
1132	14.9469
1133	14.9469
1134	14.9469
1137	14.952
1140	14.9963
1141	14.9964
1132	15.027
1133	15.0271
1134	15.0272
1143	15.0575
1145	15.0677
1146	15.0677
1147	15.0677
1148	15.0677
1149	15.0677
1141	15.0765
1143	15.1376
1146	15.1479
1148	15.1481
1149	15.1482
1153	15.1765
1154	15.1765
1155	15.1765
1156	15.1765
1158	15.1799
1160	15.1833
1162	15.2289
1153	15.2566
1154	15.2567
1156	15.2569
1158	15.26
1164	15.287
1167	15.2955
1168	15.2955
1169	15.2955
1162	15.309
1171	15.3405
1172	15.3491
1173	15.3491
1174	15.3491
1175	15.3491
1176	15.3491
1168	15.3757
1169	15.3758
1171	15.4206
1172	15.4292
1173	15.4293
1174	15.4294
1175	15.4295
1178	15.456
1179	15.4561
1180	15.4562
1181	15.4598
1182	15.4598
1183	15.4598
1185	15.4632
1187	15.5102
1178	15.5361
1180	15.5363
1182	15.54
1183	15.5401
1185	15.5433
1189	15.5732
1190	15.5732
1191	15.5732
1192	15.5732
1193	15.5732
1187	15.5903
1195	15.6235
1196	15.6236
1190	15.6534
1192	15.6536
1193	15.6537
1197	15.6705
1198	15.6706
1199	15.6801
1200	15.6871
1201	15.6871
1202	15.6871
1203	15.6871
1195	15.7036
1196	15.7037
1205	15.7323
1197	15.7506
1198	15.7507
1199	15.7602
1200	15.7672
1202	15.7674
1207	15.7975
1208	15.7975
1209	15.7975
1210	15.7975
1211	15.7975
1213	15.8009
1215	15.848
1216	15.8481
1207	15.8776
1208	15.8777
1211	15.878
1217	15.9063
1220	15.9182
1221	15.9182
1222	15.9182
1223	15.9182
1224	15.9182
1216	15.9282
1217	15.9864
1220	15.9983
1223	15.9986
1226	16.0084
1228	16.0167
1233	16.0337
1234	16.0337
1226	16.0884
1228	16.0967
1236	16.1237
1237	16.1237
1239	16.1271
1241	16.1356
1242	16.1356
1243	16.1356
1244	16.1356
1236	16.2037
1239	16.2071
1241	16.2156
1242	16.2157
1243	16.2158
1246	16.2428
1247	16.2428
1248	16.2428
1249	16.2428
1250	16.2428
1253	16.2962
1254	16.2963
1255	16.2964
1246	16.3228
1248	16.323
1249	16.3231
1250	16.3232
1256	16.3515
1258	16.3566
1259	16.3566
1261	16.36
1254	16.3764
1255	16.3765
1256	16.4315
1258	16.4366
1261	16.44
1264	16.4567
1265	16.4568
1268	16.4721
1269	16.4721
1270	16.4721
1271	16.4721
1272	16.4721
1264	16.5368
1265	16.5369
1268	16.5521
1269	16.5522
1270	16.5523
1272	16.5525
1275	16.569
1276	16.569
1279	16.5827
1281	16.5861
1283	16.5907
1275	16.649
1281	16.6661
1283	16.6707
1286	16.6794
1288	16.6828
1290	16.6948
1291	16.6948
1293	16.7509
1294	16.751
1295	16.756
1286	16.7594
1290	16.7748
1293	16.831
1297	16.8397
1298	16.8398
1299	16.8399
1300	16.855
1301	16.8551
1302	16.8552
1303	16.8597
1305	16.9114
1306	16.9115
1297	16.9198
1298	16.9199
1299	16.92
1300	16.9351
1301	16.9352
1303	16.9397
1307	16.9504
1308	16.9504
1305	16.9915
1306	16.9916
1310	17.0154
1311	17.0155
1312	17.0156
1313	17.0186
1314	17.0186
1307	17.0304
1316	17.0591
1317	17.0591
1310	17.0955
1312	17.0957
1316	17.1391
1327	17.1712
1328	17.1712
1330	17.2197
1331	17.2198
1332	17.2199
1333	17.22
1334	17.2201
1335	17.2202
1336	17.2461
1327	17.2512
1328	17.2513
1330	17.2998
1331	17.2999
1332	17.3
1333	17.3001
1334	17.3002
1335	17.3003
1336	17.3262
1337	17.3315
1338	17.3316
1339	17.3317
1340	17.3805
1341	17.3806
1342	17.3807
1343	17.3808
1344	17.3809
1345	17.381
1346	17.4064
1338	17.4117
1347	17.428
1340	17.4606
1342	17.4608
1343	17.4609
1344	17.461
1345	17.4611
1346	17.4865
1348	17.4919
1349	17.492
1347	17.5081
1350	17.5408
1351	17.5413
1352	17.5414
1353	17.5415
1354	17.5416
1355	17.5417
1356	17.5667
1348	17.572
1349	17.5721
1357	17.5883
1350	17.6209
1351	17.6214
1352	17.6215
1353	17.6216
1354	17.6217
1355	17.6218
1356	17.6468
1358	17.6523
1359	17.6524
1357	17.6684
1360	17.7011
1361	17.702
1362	17.7021
1363	17.7022
1364	17.7023
1365	17.7024
1366	17.727
1358	17.7324
1359	17.7325
1367	17.7486
1360	17.7812
1361	17.7821
1362	17.7822
1363	17.7823
1364	17.7824
1365	17.7825
1366	17.8071
1368	17.8127
1369	17.8128
1367	17.8287
1370	17.8614
1371	17.8627
1372	17.8628
1373	17.8629
1374	17.863
1375	17.8631
1376	17.8873
1368	17.8928
1369	17.8929
1377	17.9089
1370	17.9415
1371	17.9428
1372	17.9429
1373	17.943
1374	17.9431
1375	17.9432
1376	17.9674
1378	17.9731
1379	17.9732
1377	17.989
1381	18.0234
1382	18.0235
1383	18.0236
1384	18.0237
1385	18.0238
1378	18.0532
1379	18.0533
1388	18.082
1381	18.1035
1383	18.1037
1384	18.1038
1390	18.1322
1391	18.1322
1393	18.1356
1388	18.162
1397	18.1845
1399	18.1958
1400	18.1958
1401	18.1958
1403	18.2008
1404	18.2008
1406	18.243
1397	18.2646
1399	18.2758
1400	18.2759
1401	18.276
1403	18.2809
1407	18.2933
1409	18.3047
1412	18.3098
1406	18.3231
1414	18.3501
1415	18.3501
1407	18.3733
1412	18.3898
1417	18.402
1419	18.4071
1420	18.4071
1422	18.4185
1414	18.4301
1415	18.4302
1417	18.482
1420	18.4872
1426	18.5106
1427	18.5124
1428	18.5124
1431	18.521
1432	18.521
1433	18.521
1435	18.5679
1426	18.5907
1427	18.5924
1428	18.5925
1431	18.601
1436	18.6314
1437	18.6314
1438	18.6314
1439	18.6314
1440	18.6314
1441	18.6314
1442	18.6314
1435	18.648
1436	18.7114
1437	18.7115
1439	18.7117
1446	18.7402
1451	18.752
1452	18.752
1453	18.752
1455	18.7927
1446	18.8202
1452	18.8322
1453	18.8323
1456	18.8489
1458	18.8523
1461	18.861
1462	18.861
1456	18.9289
1458	18.9323
1461	18.941
1466	18.9731
1467	18.9731
1468	18.9731
1469	18.9731
1470	18.9731
1471	18.9731
1472	18.9731
1473	18.9731
1475	19.0216
1466	19.0531
1467	19.0532
1468	19.0533
1469	19.0534
1470	19.0535
1473	19.0538
1479	19.0873
1481	19.094
1482	19.094
1483	19.094
1485	19.1073
1487	19.1622
1488	19.1639
1479	19.1673
1483	19.1743
1489	19.203
1490	19.203
1491	19.203
1492	19.203
1493	19.203
1487	19.2423
1496	19.2548
1489	19.283
1490	19.2831
1491	19.2832
1492	19.2833
1493	19.2834
1497	19.3104
1498	19.3104
1496	19.3349
1500	19.3637
1501	19.3638
1502	19.3639
1503	19.364
1504	19.3641
1505	19.3642
1497	19.3904
1498	19.3905
1506	19.4151
1507	19.4209
1508	19.4209
1501	19.4439
1502	19.444
1503	19.4441
1504	19.4442
1505	19.4443
1510	19.471
1511	19.4747
1512	19.4747
1506	19.4952
1507	19.5009
1515	19.5249
1510	19.5511
1512	19.5548
1516	19.5754
1517	19.5781
1518	19.5781
1519	19.5781
1521	19.5818
1515	19.605
1523	19.632
1524	19.632
1516	19.6555
1518	19.6582
1519	19.6583
1526	19.6842
1530	19.6909
1523	19.712
1524	19.7121
1533	19.7408
1526	19.7642
1530	19.771
1539	19.8014
1540	19.8014
1541	19.8014
1533	19.8208
1543	19.8512
1544	19.8512
1546	19.8579
1547	19.8579
1548	19.8579
1540	19.8815
1543	19.9312
1544	19.9313
1547	19.9381
1548	19.9382
1552	19.9583
1557	20.0184
1558	20.0185
1559	20.0186
1560	20.0187
1561	20.0188
1552	20.0383
1563	20.0704
1564	20.0704
1559	20.0987
1561	20.0989
1567	20.1253
1568	20.127
1569	20.1291
1570	20.1291
1563	20.1504
1564	20.1505
1572	20.1793
1573	20.1843
1574	20.1843
1575	20.1843
1576	20.1843
1568	20.2071
1569	20.2091
1570	20.2092
1578	20.2362
1572	20.2594
1574	20.2644
1575	20.2645
1576	20.2646
1580	20.2895
1581	20.2896
1582	20.295
1583	20.295
1584	20.295
1585	20.295
1587	20.2983
1580	20.3696
1582	20.375
1583	20.3751
1584	20.3752
1587	20.3784
1590	20.3983
1592	20.4056
1593	20.4056
1595	20.4123
1596	20.4123
1597	20.4123
1600	20.4536
1592	20.4856
1593	20.4857
1595	20.4924
1596	20.4925
1597	20.4926
1602	20.5161
1603	20.5161
1600	20.5336
1605	20.5728
1606	20.5729
1607	20.573
1608	20.5731
1609	20.5732
1610	20.6138
1611	20.6139
1612	20.6419
1613	20.6436
1614	20.6437
1605	20.6529
1606	20.653
1607	20.6531
1608	20.6532
1609	20.6533
1610	20.6939
1611	20.694
1613	20.7237
1614	20.7238
1615	20.7335
1616	20.7336
1617	20.7337
1618	20.7338
1619	20.7339
1620	20.7742
1621	20.7743
1622	20.7744
1623	20.804
1624	20.8041
1615	20.8136
1616	20.8137
1617	20.8138
1618	20.8139
1619	20.814
1620	20.8543
1621	20.8544
1622	20.8545
1623	20.8841
1624	20.8842
1625	20.8942
1626	20.8943
1627	20.8944
1628	20.8945
1629	20.8946
1630	20.9347
1631	20.9348
1632	20.9349
1633	20.9644
1634	20.9645
1625	20.9743
1626	20.9744
1627	20.9745
1628	20.9746
1629	20.9747
1630	21.0148
1631	21.0149
1632	21.015
1633	21.0445
1634	21.0446
1635	21.0549
1636	21.055
1637	21.0551
1638	21.0552
1639	21.0553
1640	21.0952
1641	21.0953
1642	21.0954
1643	21.1248
1644	21.1249
1635	21.135
1636	21.1351
1637	21.1352
1638	21.1353
1639	21.1354
1640	21.1753
1641	21.1754
1642	21.1755
1643	21.2049
1644	21.205
1645	21.2156
1646	21.2157
1647	21.2158
1648	21.2159
1649	21.216
1650	21.2557
1651	21.2558
1652	21.2559
1653	21.2852
1654	21.2853
1647	21.2959
1648	21.296
1649	21.2961
1650	21.3358
1652	21.336
1654	21.3654
1656	21.3678
1657	21.3678
1658	21.3678
1659	21.3678
1660	21.3678
1661	21.3678
1662	21.3678
1664	21.3941
1656	21.4479
1657	21.448
1658	21.4481
1662	21.4485
1664	21.4741
1670	21.4835
1673	21.5045
1674	21.5045
1675	21.5045
1677	21.5568
1678	21.5585
1679	21.5602
1670	21.5636
1673	21.5845
1674	21.5846
1675	21.5847
1680	21.594
1681	21.594
1683	21.6167
1684	21.6167
1685	21.6167
1677	21.6369
1678	21.6386
1679	21.6403
1687	21.6656
1680	21.674
1681	21.6741
1684	21.6969
1685	21.697
1689	21.7045
1690	21.7045
1691	21.7045
1693	21.7273
1694	21.7273
1695	21.7273
1687	21.7456
1697	21.7743
1689	21.7845
1693	21.8074
1695	21.8076
1699	21.8132
1701	21.8344
1702	21.8344
1704	21.8377
1697	21.8543
1699	21.8932
1702	21.9145
1708	21.9346
1709	21.9734
1710	21.9735
1711	21.9736
1712	21.9947
1713	21.9948
1714	21.9949
1715	21.995
1716	21.9951
1717	21.9952
1708	22.0147
1710	22.0536
1711	22.0537
1713	22.0749
1715	22.0751
1717	22.0753
1719	22.0824
1720	22.0824
1723	22.1052
1724	22.1052
1727	22.1103
1719	22.1624
1720	22.1625
1723	22.1853
1729	22.1912
1731	22.2207
1732	22.2207
1733	22.2207
1734	22.2207
1735	22.2207
1736	22.2207
1737	22.2207
1739	22.2611
1731	22.3008
1732	22.3009
1733	22.301
1734	22.3011
1736	22.3013
1741	22.3314
1742	22.3314
1744	22.3382
1745	22.3382
1746	22.3382
1739	22.3412
1741	22.4115
1742	22.4116
1744	22.4183
1746	22.4185
1750	22.4215
1753	22.492
1754	22.4985
1755	22.4987
1756	22.4988
1757	22.4989
1758	22.499
1759	22.4991
1750	22.5016
1753	22.5721
1754	22.5786
1755	22.5788
1756	22.5789
1757	22.579
1758	22.5791
1759	22.5792
1760	22.5818
1761	22.5819
1762	22.582
1763	22.6072
1764	22.6072
1766	22.6595
1767	22.6596
1768	22.6597
1769	22.6598
1760	22.6619
1761	22.662
1763	22.6873
1764	22.6874
1766	22.7396
1767	22.7397
1768	22.7398
1776	22.7684
1779	22.8203
1780	22.8204
1781	22.8205
1782	22.8206
1783	22.8207
1784	22.8208
1785	22.8209
1776	22.8485
1786	22.8771
1779	22.9004
1780	22.9005
1781	22.9006
1782	22.9007
1783	22.9008
1785	22.901
1789	22.9294
1791	22.9328
1793	22.9362
1786	22.9572
1795	22.9817
1789	23.0095
1791	23.0129
1797	23.0365
1798	23.0365
1795	23.0618
1800	23.0898
1801	23.0931
1802	23.0932
1803	23.0933
1804	23.0934
1797	23.1165
1798	23.1166
1805	23.142
1806	23.1421
1807	23.1452
1801	23.1732
1802	23.1733
1803	23.1734
1804	23.1735
1809	23.197
1810	23.1971
1811	23.2021
1805	23.2221
1806	23.2222
1813	23.2539
1814	23.254
1815	23.2542
1816	23.2542
1817	23.2542
1809	23.2771
1810	23.2772
1811	23.2822
1819	23.3058
1813	23.334
1815	23.3343
1816	23.3344
1817	23.3345
1823	23.3643
1824	23.3643
1826	23.3677
1819	23.3859
1828	23.415
1829	23.4162
1830	23.4162
1832	23.4196
1824	23.4445
1828	23.4951
1829	23.4963
1830	23.4964
1834	23.522
1835	23.522
1836	23.522
1837	23.522
1839	23.5288
1840	23.5288
1841	23.5288
1843	23.5756
1835	23.6022
1836	23.6023
1837	23.6024
1839	23.6089
1840	23.609
1841	23.6091
1845	23.6395
1846	23.6395
1847	23.6395
1848	23.6395
1849	23.6395
1850	23.6395
1843	23.6557
1852	23.6896
1845	23.7196
1846	23.7197
1847	23.7198
1848	23.7199
1849	23.72
1850	23.7201
1853	23.7359
1854	23.736
1852	23.7697
1855	23.7983
1856	23.7983
1857	23.7983
1858	23.7983
1859	23.7983
1860	23.7983
1861	23.7983
1862	23.7983
1855	23.8784
1856	23.8785
1857	23.8786
1859	23.8788
1860	23.8789
1861	23.879
1862	23.8791
1865	23.9588
1866	23.9593
1867	23.9594
1868	23.9595
1869	23.9596
1870	23.9597
1871	23.9598
1872	23.9599
1873	23.96
1874	23.9601
1865	24.0389
1866	24.0394
1867	24.0395
1868	24.0396
1870	24.0398
1872	24.04
1873	24.0401
1874	24.0402
1875	24.1191
1876	24.1198
1877	24.12
1878	24.1204
1879	24.1205
1880	24.1206
1881	24.1207
1882	24.1208
1883	24.1209
1884	24.121
1875	24.1992
1876	24.1999
1877	24.2001
1878	24.2005
1879	24.2006
1880	24.2007
1881	24.2008
1882	24.2009
1883	24.201
1884	24.2011
1885	24.2794
1886	24.2801
1887	24.2803
1888	24.2813
1889	24.2814
1890	24.2815
1891	24.2816
1892	24.2817
1893	24.2818
1894	24.2819
1885	24.3595
1886	24.3602
1887	24.3604
1888	24.3614
1889	24.3615
1890	24.3616
1891	24.3617
1892	24.3618
1893	24.3619
1894	24.362
1895	24.4397
1896	24.4404
1897	24.4406
1898	24.4422
1899	24.4423
1900	24.4424
1901	24.4425
1902	24.4426
1903	24.4427
1904	24.4428
1895	24.5198
1896	24.5205
1897	24.5207
1898	24.5223
1899	24.5224
1900	24.5225
1901	24.5226
1902	24.5227
1903	24.5228
1904	24.5229
1905	24.6
1906	24.6007
1907	24.6009
1908	24.6031
1909	24.6032
1910	24.6033
1911	24.6034
1912	24.6035
1913	24.6036
1914	24.6037
1905	24.6801
1906	24.6808
1907	24.681
1909	24.6833
1911	24.6835
1912	24.6836
1916	24.7121
1917	24.7121
1920	24.7172
1922	24.764
1923	24.7641
1924	24.7642
1925	24.7657
1927	24.7691
1920	24.7973
1929	24.8209
1930	24.8259
1922	24.8441
1923	24.8442
1925	24.8458
1927	24.8492
1932	24.8728
1929	24.901
1934	24.9246
1935	24.926
1936	24.9261
1937	24.9294
1938	24.9295
1932	24.9529
1939	24.9812
1940	24.9813
1941	24.9814
1942	24.9815
1944	24.9849
1936	25.0062
1937	25.0095
1938	25.0096
1946	25.0365
1948	25.0416
1949	25.0416
1942	25.0616
1952	25.0919
1953	25.0919
1946	25.1166
1948	25.1217
1949	25.1218
1955	25.1421
1952	25.172
1953	25.1721
1958	25.199
1959	25.199
1960	25.199
1961	25.199
1955	25.2222
1963	25.2491
1964	25.2491
1966	25.2525
1958	25.2791
1960	25.2793
1968	25.3094
1969	25.3094
1963	25.3292
1964	25.3293
1966	25.3326
1971	25.3562
1972	25.3562
1974	25.3647
1975	25.3647
1976	25.3647
1977	25.3647
1979	25.418
1980	25.4181
1972	25.4364
1974	25.4448
1977	25.4451
1981	25.4631
1983	25.4819
1984	25.4819
1985	25.4819
1986	25.4819
1987	25.4819
1988	25.4819
1989	25.4819
1983	25.562
1985	25.5622
1989	25.5626
1991	25.57
1992	25.5701
1993	25.594
1994	25.594
1995	25.594
1998	25.6429
1999	25.643
2000	25.6431
1991	25.6501
1992	25.6502
1994	25.6742
1995	25.6743
2001	25.7012
2002	25.7012
2003	25.7012
1998	25.723
1999	25.7231
2005	25.7517
2006	25.7517
2007	25.7517
2008	25.7517
2001	25.7813
2010	25.8035
2005	25.8318
2011	25.8587
2012	25.8587
2013	25.8587
2014	25.8587
2010	25.8836
2019	25.9105
2012	25.9389
2013	25.939
2021	25.9656
2022	25.9676
2024	25.9744
2025	25.9744
2026	25.9744
2019	25.9906
2021	26.0457
2024	26.0545
2025	26.0546
2026	26.0547
2030	26.0709
2031	26.0833
2032	26.0833
2033	26.0833
2034	26.0833
2036	26.0884
2037	26.0884
2039	26.1245
2032	26.1634
2033	26.1635
2034	26.1636
2037	26.1685
2041	26.1901
2042	26.194
2043	26.194
2039	26.2045
2045	26.2441
2046	26.2442
2047	26.2487
2048	26.2488
2041	26.2702
2043	26.2741
2049	26.2847
2050	26.2848
2052	26.3028
2053	26.3028
2046	26.3243
2055	26.353
2056	26.353
2049	26.3648
2050	26.3649
2053	26.3829
2058	26.3936
2059	26.3936
2055	26.433
2062	26.4454
2063	26.4617
2064	26.4617
2065	26.4617
2059	26.4737
2062	26.5255
2063	26.5417
2065	26.5419
2070	26.5525
2071	26.5525
2073	26.6074
2074	26.6074
2075	26.6074
2076	26.6074
2077	26.6074
2078	26.6074
2079	26.6074
2082	26.661
2074	26.6875
2075	26.6876
2077	26.6878
2078	26.6879
2084	26.7197
2085	26.7197
2086	26.7197
2088	26.7248
2089	26.7248
2082	26.741
2085	26.7998
2086	26.7999
2088	26.8048
2089	26.8049
2092	26.8212
2093	26.8213
2094	26.8265
2095	26.8286
2097	26.832
2099	26.8354
2101	26.8854
2092	26.9013
2093	26.9014
2094	26.9066
2099	26.9154
2102	26.9301
2104	26.9387
2105	26.9387
2106	26.9387
2108	26.9441
2109	26.9441
2101	26.9655
2102	27.0101
2105	27.0188
2106	27.0189
2108	27.0241
2111	27.0388
2112	27.0388
2114	27.0459
2116	27.0511
2117	27.0511
2119	27.1044
2120	27.1045
2111	27.1188
2112	27.1189
2117	27.1312
2122	27.1786
2123	27.1786
2124	27.1786
2119	27.1845
2120	27.1846
2126	27.1996
2127	27.2114
2128	27.2115
2122	27.2586
2123	27.2587
2124	27.2588
2129	27.2648
2130	27.2649
2131	27.265
2126	27.2797
2127	27.2915
2128	27.2916
2132	27.339
2133	27.3391
2134	27.3392
2135	27.3393
2130	27.345
2131	27.3451
2136	27.3599
2137	27.3718
2138	27.3719
2139	27.4092
2132	27.4191
2133	27.4192
2134	27.4193
2135	27.4194
2140	27.4253
2141	27.4254
2136	27.44
2137	27.4519
2138	27.452
2139	27.4893
2142	27.4996
2143	27.4997
2144	27.4998
2145	27.4999
2140	27.5054
2141	27.5055
2146	27.5202
2147	27.5322
2148	27.5323
2149	27.5695
2142	27.5797
2143	27.5798
2144	27.5799
2145	27.58
2150	27.5857
2151	27.5858
2146	27.6003
2147	27.6123
2148	27.6124
2149	27.6496
2152	27.6602
2153	27.6603
2154	27.6604
2155	27.6605
2150	27.6658
2151	27.6659
2156	27.6805
2157	27.6926
2158	27.6927
2159	27.7298
2152	27.7403
2153	27.7404
2154	27.7405
2155	27.7406
2160	27.7461
2161	27.7462
2156	27.7606
2157	27.7727
2158	27.7728
2159	27.8099
2162	27.8208
2163	27.8209
2164	27.821
2165	27.8211
2160	27.8262
2161	27.8263
2166	27.8408
2167	27.853
2168	27.8531
2169	27.8901
2162	27.9009
2164	27.9011
2165	27.9012
2170	27.9065
2171	27.9066
2173	27.9552
2174	27.9552
2175	27.9552
2176	27.9552
2177	27.9552
2181	28.0186
2182	28.0187
2173	28.0352
2174	28.0353
2175	28.0354
2176	28.0355
2177	28.0356
2185	28.0745
2186	28.0745
2187	28.0745
2188	28.0745
2189	28.0745
2181	28.0987
2182	28.0988
2192	28.1309
2193	28.1309
2195	28.136
2196	28.136
2188	28.1548
2192	28.2109
2193	28.211
2195	28.216
2196	28.2161
2198	28.235
2199	28.2351
2200	28.2352
2201	28.2353
2202	28.2397
2204	28.2431
2207	28.2965
2198	28.3151
2199	28.3152
2200	28.3153
2201	28.3154
2202	28.3197
2204	28.3231
2208	28.3492
2209	28.3492
2210	28.3492
2211	28.3492
2213	28.3542
2214	28.3542
2207	28.3766
2216	28.4035
2208	28.4292
2209	28.4293
2211	28.4295
2213	28.4343
2214	28.4344
2217	28.4563
2219	28.4665
2220	28.4665
2221	28.4665
2222	28.4665
2223	28.4665
2216	28.4836
2225	28.5148
2217	28.5363
2219	28.5465
2220	28.5466
2223	28.5469
2226	28.5638
2227	28.577
2228	28.577
2229	28.577
2230	28.577
2225	28.5949
2234	28.6219
2226	28.6439
2227	28.657
2228	28.6571
2229	28.6572
2237	28.6859
2240	28.6927
2241	28.6927
2234	28.7019
2237	28.7659
2240	28.7727
2241	28.7728
2245	28.7822
2246	28.7823
2250	28.8049
2251	28.8049
2252	28.8049
2245	28.8623
2246	28.8624
2250	28.8849
2251	28.885
2252	28.8851
2256	28.8928
2260	28.9172
2261	28.9172
2262	28.9172
2256	28.9728
2261	28.9973
2262	28.9974
2266	29.0015
2270	29.0244
2275	29.0648
2276	29.0648
2277	29.0648
2278	29.0648
2281	29.0848
2282	29.0848
2283	29.0848
2276	29.1449
2277	29.145
2278	29.1451
2281	29.1648
2283	29.165
2285	29.1716
2286	29.1935
2287	29.1935
2288	29.1935
2289	29.1935
2290	29.1935
2291	29.1935
2293	29.2453
2294	29.2454
2285	29.2517
2288	29.2737
2289	29.2738
2290	29.2739
2295	29.2804
2297	29.3043
2298	29.3043
2299	29.3043
2301	29.3077
2293	29.3254
2294	29.3255
2295	29.3604
2297	29.3843
2298	29.3844
2299	29.3845
2303	29.4057
2304	29.4058
2305	29.4115
2306	29.4115
2308	29.4648
2309	29.4649
2310	29.465
2311	29.4651
2312	29.4652
2303	29.4858
2305	29.4915
2306	29.4916
2313	29.5186
2314	29.5186
2308	29.5449
2309	29.545
2310	29.5451
2311	29.5452
2312	29.5453
2316	29.5719
2317	29.572
2318	29.574
2320	29.5774
2314	29.5987
2322	29.6259
2323	29.626
2316	29.652
2317	29.6521
2320	29.6574
2324	29.6789
2325	29.679
2325	29.6791
2322	29.706
2323	29.7061
2328	29.7325
2329	29.7326
2330	29.7331
2331	29.7331
2324	29.759
2325	29.7591
2333	29.7861
2328	29.8126
2329	29.8127
2337	29.8396
2338	29.8448
2339	29.8448
2340	29.8448
2333	29.8661
2342	29.8933
2343	29.8965
2344	29.8965
2337	29.9197
2338	29.9248
2339	29.9249
2340	29.925
2346	29.9466
2347	29.952
2349	29.9571
2350	29.9571
2342	29.9734
2343	29.9765
2344	29.9766
2346	30.0267
2347	30.032
2349	30.0371
2350	30.0372
2352	30.0536
2353	30.0568
2354	30.0569
2355	30.057
2356	30.0659
2357	30.0659
2358	30.0659
2359	30.0659
2361	30.1073
2353	30.1369
2354	30.137
2355	30.1371
2357	30.146
2359	30.1462
2363	30.173
2364	30.173
2365	30.173
2366	30.173
2368	30.1798
2369	30.1798
2370	30.1798
2372	30.2268
2363	30.253
2364	30.2531
2368	30.2598
2369	30.2599
2373	30.2852
2374	30.2852
2375	30.2852
2372	30.3069
2377	30.3337
2378	30.3401
2379	30.3402
2380	30.3403
2381	30.3404
2375	30.3654
2382	30.3871
2383	30.392
2384	30.3937
2377	30.4138
2379	30.4203
2380	30.4204
2381	30.4205
2385	30.4456
2386	30.4457
2382	30.4672
2383	30.4721
2384	30.4738
2387	30.4763
2388	30.4763
2389	30.4763
2391	30.5009
2385	30.5257
2386	30.5258
2392	30.5474
2393	30.5523
2394	30.554
2387	30.5564
2388	30.5565
2389	30.5566
2391	30.581
2395	30.606
2396	30.6061
2392	30.6275
2397	30.6368
2398	30.6369
2399	30.637
2400	30.6371
2401	30.6612
2395	30.6861
2396	30.6862
2402	30.7077
2403	30.7078
2404	30.7079
2397	30.7169
2398	30.717
2399	30.7171
2400	30.7172
2401	30.7413
2405	30.7664
2406	30.7665
2402	30.7878
2403	30.7879
2404	30.788
2407	30.7974
2408	30.7975
2409	30.7976
2410	30.7977
2411	30.8215
2405	30.8465
2406	30.8466
2412	30.8682
2413	30.8683
2414	30.8684
2407	30.8775
2408	30.8776
2409	30.8777
2410	30.8778
2411	30.9016
2415	30.9268
2416	30.9269
2412	30.9483
2413	30.9484
2414	30.9485
2417	30.958
2418	30.9581
2419	30.9582
2420	30.9583
2421	30.9818
2415	31.0069
2416	31.007
2422	31.0287
2423	31.0288
2424	31.0289
2417	31.0381
2418	31.0382
2419	31.0383
2420	31.0384
2421	31.0619
2425	31.0872
2426	31.0873
2422	31.1088
2423	31.1089
2424	31.109
2427	31.1186
2428	31.1187
2429	31.1188
2430	31.1189
2431	31.1421
2425	31.1673
2426	31.1674
2432	31.1892
2433	31.1893
2434	31.1894
2427	31.1987
2428	31.1988
2429	31.1989
2430	31.199
2431	31.2222
2435	31.2294
2436	31.2294
2438	31.2492
2439	31.2492
2440	31.2492
2433	31.2694
2434	31.2695
2442	31.3025
2435	31.3095
2436	31.3096
2439	31.3293
2440	31.3294
2443	31.3416
2444	31.3416
2445	31.3416
2446	31.3416
2447	31.3416
2442	31.3826
2444	31.4218
2445	31.4219
2446	31.422
2453	31.4507
2454	31.4507
2456	31.4557
2457	31.4557
2460	31.5028
2461	31.5029
2462	31.503
2453	31.5307
2457	31.5359
2463	31.5644
2464	31.5644
2465	31.5644
2466	31.5644
2468	31.5678
2460	31.5829
2461	31.583
2462	31.5831
2463	31.6445
2468	31.6479
2470	31.6633
2471	31.6634
2472	31.6635
2473	31.6816
2474	31.6816
2475	31.6816
2476	31.6816
2477	31.6816
2478	31.6816
2470	31.7434
2472	31.7436
2473	31.7617
2474	31.7618
2475	31.7619
2477	31.7621
2478	31.7622
2480	31.7889
2481	31.7889
2482	31.7889
2484	31.7973
2485	31.7973
2486	31.7973
2487	31.7973
2481	31.869
2482	31.8691
2484	31.8774
2487	31.8777
2490	31.8957
2492	31.9044
2493	31.9044
2497	31.9128
2498	31.9128
2490	31.9758
2492	31.9844
2500	32.0045
2502	32.0147
2503	32.0147
2505	32.0198
2506	32.0198
2508	32.0232
2500	32.0845
2502	32.0948
2505	32.0999
2506	32.1
2508	32.1033
2512	32.1251
2513	32.1251
2515	32.132
2516	32.132
2517	32.132
2519	32.1836
2520	32.1915
2521	32.1932
2512	32.2052
2513	32.2053
2515	32.2121
2522	32.2408
2523	32.2408
2524	32.2408
2525	32.2408
2519	32.2637
2520	32.2716
2521	32.2733
2527	32.2925
2528	32.2926
2529	32.2986
2522	32.3208
2523	32.3209
2524	32.321
2531	32.348
2534	32.3564
2535	32.3564
2536	32.3564
2528	32.3727
2529	32.3786
2538	32.4073
2539	32.4073
2531	32.428
2534	32.4365
2535	32.4366
2541	32.4583
2542	32.4583
2544	32.4669
2545	32.4669
2538	32.4873
2547	32.5159
2548	32.5159
2541	32.5384
2544	32.547
2551	32.5756
2552	32.5756
2553	32.5756
2554	32.5756
2547	32.596
2548	32.5961
2558	32.6281
2559	32.6281
2551	32.6557
2552	32.6558
2554	32.656
2561	32.6844
2563	32.6963
2564	32.6963
2565	32.6963
2566	32.6963
2567	32.6963
2568	32.6963
2570	32.737
2561	32.7645
2563	32.7764
2566	32.7767
2567	32.7768
2571	32.8135
2572	32.8135
2573	32.8135
2574	32.8135
2575	32.8135
2576	32.8135
2577	32.8135
2578	32.8135
2580	32.8575
2571	32.8936
2572	32.8937
2573	32.8938
2575	32.894
2577	32.8942
2578	32.8943
2582	32.9275
2583	32.9275
2584	32.9275
2586	32.9326
2587	32.9326
2580	32.9376
2589	32.9662
2590	32.9662
2582	33.0076
2583	33.0077
2584	33.0078
2593	33.0432
2594	33.0432
2595	33.0432
2596	33.0432
2589	33.0463
2590	33.0464
2598	33.0802
2599	33.0802
2600	33.0802
2593	33.1233
2595	33.1235
2596	33.1236
2599	33.1604
2603	33.2035
2604	33.2038
2605	33.2039
2606	33.204
2607	33.2041
2608	33.2042
2609	33.2406
2610	33.2407
2611	33.2408
2612	33.2409
2603	33.2836
2604	33.2839
2605	33.284
2613	33.3122
2615	33.319
2616	33.319
2617	33.319
2611	33.3209
2620	33.3509
2613	33.3923
2615	33.3991
2623	33.4294
2624	33.4294
2625	33.4294
2626	33.4294
2620	33.431
2629	33.4797
2624	33.5096
2626	33.5098
2630	33.5112
2631	33.5113
2632	33.5114
2633	33.5363
2634	33.5399
2635	33.5399
2637	33.5769
2638	33.5769
2639	33.5769
2640	33.5769
2641	33.5769
2633	33.6164
2635	33.6201
2643	33.645
2638	33.6571
2639	33.6572
2640	33.6573
2646	33.7004
2647	33.7005
2643	33.7251
2648	33.7375
2649	33.7376
2650	33.7377
2651	33.7378
2652	33.7379
2646	33.7805
2647	33.7806
2653	33.7883
2654	33.7883
2648	33.8176
2649	33.8177
2650	33.8178
2651	33.8179
2652	33.818
2656	33.8608
2657	33.8609
2653	33.8683
2654	33.8684
2658	33.8982
2659	33.8983
2660	33.8984
2661	33.8985
2662	33.8986
2656	33.9409
2657	33.941
2663	33.9486
2664	33.9487
2665	33.9488
2658	33.9783
2659	33.9784
2660	33.9785
2661	33.9786
2662	33.9787
2666	34.0212
2667	34.0213
2663	34.0287
2664	34.0288
2665	34.0289
2668	34.0589
2669	34.059
2670	34.0591
2671	34.0592
2672	34.0593
2666	34.1013
2667	34.1014
2673	34.1091
2674	34.1092
2675	34.1093
2668	34.139
2669	34.1391
2670	34.1392
2671	34.1393
2672	34.1394
2676	34.1816
2677	34.1817
2673	34.1892
2674	34.1893
2675	34.1894
2678	34.2196
2679	34.2197
2680	34.2198
2681	34.2199
2682	34.22
2676	34.2617
2677	34.2618
2683	34.2696
2684	34.2697
2685	34.2698
2678	34.2997
2679	34.2998
2680	34.2999
2681	34.3
2682	34.3001
2686	34.342
2687	34.3421
2683	34.3497
2684	34.3498
2685	34.3499
2688	34.3803
2689	34.3804
2690	34.3805
2691	34.3806
2692	34.3807
2686	34.4221
2687	34.4222
2693	34.4301
2694	34.4302
2695	34.4303
2688	34.4604
2689	34.4605
2690	34.4606
2691	34.4607
2692	34.4608
2696	34.5024
2697	34.5025
2693	34.5102
2694	34.5103
2698	34.5267
2699	34.5267
2700	34.5267
2702	34.5372
2696	34.5825
2697	34.5826
2705	34.5907
2699	34.6069
2700	34.607
2706	34.6129
2707	34.6129
2702	34.6173
2710	34.6373
2705	34.6708
2707	34.6931
2712	34.6975
2713	34.6976
2714	34.6977
2715	34.6994
2710	34.7174
2717	34.7217
2719	34.7735
2713	34.7777
2714	34.7778
2715	34.7795
2720	34.7976
2721	34.7977
2722	34.8052
2723	34.8098
2724	34.8098
2725	34.8098
2719	34.8536
2728	34.86
2721	34.8778
2722	34.8853
2730	34.9207
2731	34.9207
2732	34.9207
2733	34.9207
2734	34.9207
2735	34.9207
2736	34.9207
2728	34.9401
2730	35.0008
2732	35.001
2733	35.0011
2734	35.0012
2738	35.0203
2739	35.0204
2741	35.0311
2743	35.0362
2744	35.0362
2746	35.0396
2738	35.1004
2739	35.1005
2743	35.1163
2748	35.1308
2749	35.1308
2751	35.1342
2754	35.1966
2755	35.1967
2756	35.1968
2757	35.1969
2748	35.2109
2751	35.2143
2758	35.2429
2759	35.2429
2760	35.2429
2755	35.2768
2757	35.277
2764	35.3035
2758	35.323
2759	35.3231
2767	35.35
2764	35.3836
2769	35.4034
2770	35.4035
2771	35.4036
2772	35.4037
2773	35.4038
2775	35.4139
2767	35.4301
2769	35.4835
2770	35.4836
2771	35.4837
2772	35.4838
2773	35.4839
2775	35.494
2777	35.5103
2778	35.5104
2779	35.5159
2780	35.5159
2781	35.5159
2783	35.5645
2784	35.5646
2785	35.5742
2786	35.5743
2777	35.5904
2778	35.5905
2779	35.596
2780	35.5961
2781	35.5962
2783	35.6446
2784	35.6447
2785	35.6543
2788	35.6708
2789	35.6733
2790	35.6733
2791	35.6733
2792	35.6733
2793	35.6733
2796	35.7346
2797	35.7347
2789	35.7534
2790	35.7535
2791	35.7536
2793	35.7538
2798	35.7777
2796	35.8147
2797	35.8148
2802	35.8342
2803	35.8343
2804	35.8344
2805	35.8345
2798	35.8578
2807	35.8951
2802	35.9143
2803	35.9144
2804	35.9145
2805	35.9146
2808	35.938
2809	35.9381
2810	35.9382
2811	35.9383
2807	35.9752
2814	35.995
2815	35.9951
2816	35.9952
2809	36.0182
2811	36.0184
2817	36.0451
2818	36.0451
2820	36.0502
2821	36.0502
2814	36.0751
2815	36.0752
2816	36.0753
2823	36.0988
2824	36.1056
2825	36.1056
2818	36.1252
2821	36.1303
2827	36.1556
2828	36.1556
2829	36.1556
2823	36.1789
2824	36.1856
2835	36.2177
2836	36.2177
2828	36.2357
2838	36.2644
2843	36.2729
2845	36.278
2846	36.278
2838	36.3444
2845	36.358
2846	36.3581
2849	36.3982
2850	36.3982
2851	36.3982
2852	36.3982
2853	36.3982
2854	36.3982
2855	36.3982
2856	36.3982
2857	36.3982
2850	36.4783
2851	36.4784
2853	36.4786
2854	36.4787
2855	36.4788
2856	36.4789
2857	36.479
2860	36.5586
2861	36.5592
2862	36.5593
2863	36.5594
2864	36.5595
2865	36.5596
2866	36.5597
2867	36.5598
2868	36.5599
2869	36.56
2860	36.6387
2861	36.6393
2862	36.6394
2865	36.6397
2866	36.6398
2869	36.6401
2870	36.6691
2871	36.6691
2874	36.6776
2875	36.6776
2876	36.6776
2870	36.7491
2874	36.7576
2876	36.7578
2880	36.7795
2881	36.7795
2885	36.838
2886	36.8381
2887	36.8382
2888	36.8383
2889	36.8384
2880	36.8595
2881	36.8596
2890	36.8883
2892	36.8917
2894	36.8985
2895	36.8985
2896	36.8985
2888	36.9184
2892	36.9717
2895	36.9786
2900	36.9987
2901	36.9987
2903	37.052
2904	37.0521
2905	37.0588
2906	37.0589
2907	37.059
2908	37.0591
2909	37.0592
2901	37.0788
2903	37.1321
2904	37.1322
2905	37.1389
2906	37.139
2907	37.1391
2908	37.1392
2909	37.1393
2911	37.159
2912	37.1591
2913	37.2124
2914	37.2125
2915	37.2195
2916	37.2196
2917	37.2197
2918	37.2198
2919	37.2199
2920	37.22
2911	37.2391
2912	37.2392
2913	37.2925
2914	37.2926
2915	37.2996
2916	37.2997
2917	37.2998
2918	37.2999
2919	37.3
2920	37.3001
2921	37.3194
2922	37.3195
2923	37.3728
2924	37.3729
2925	37.3803
2926	37.3804
2927	37.3805
2928	37.3806
2929	37.3807
2930	37.3808
2921	37.3995
2922	37.3996
2923	37.4529
2924	37.453
2925	37.4604
2926	37.4605
2927	37.4606
2928	37.4607
2929	37.4608
2930	37.4609
2931	37.4798
2932	37.4799
2933	37.5332
2934	37.5333
2935	37.5411
2936	37.5412
2937	37.5413
2938	37.5414
2939	37.5415
2940	37.5416
2931	37.5599
2932	37.56
2933	37.6133
2934	37.6134
2935	37.6212
2936	37.6213
2937	37.6214
2938	37.6215
2939	37.6216
2940	37.6217
2941	37.6402
2942	37.6403
2943	37.6936
2944	37.6937
2945	37.7019
2946	37.702
2947	37.7021
2948	37.7022
2949	37.7023
2950	37.7024
2941	37.7203
2942	37.7204
2943	37.7737
2944	37.7738
2945	37.782
2946	37.7821
2947	37.7822
2948	37.7823
2949	37.7824
2950	37.7825
2951	37.8006
2952	37.8007
2953	37.8177
2955	37.8627
2956	37.8628
2957	37.8629
2958	37.863
2959	37.8631
2960	37.8632
2951	37.8807
2952	37.8808
2953	37.8978
2962	37.9248
2964	37.9282
2956	37.9429
2957	37.943
2962	38.0048
2964	38.0082
2967	38.0233
2968	38.0234
2969	38.0235
2970	38.0236
2971	38.0237
2973	38.0352
2976	38.0886
2967	38.1034
2968	38.1035
2969	38.1036
2970	38.1037
2973	38.1152
2977	38.1341
2978	38.1341
2981	38.1456
2982	38.1456
2983	38.1456
2984	38.1456
2976	38.1687
2977	38.2141
2978	38.2142
2983	38.2258
2984	38.2259
2986	38.2446
2987	38.2446
2988	38.2446
2990	38.2546
2991	38.2546
2992	38.2546
2993	38.2546
2986	38.3246
2988	38.3248
2990	38.3346
2991	38.3347
2993	38.3349
2996	38.3533
2999	38.3617
3001	38.3651
3004	38.3702
3006	38.4103
3007	38.4103
2999	38.4417
3004	38.4502
3009	38.4755
3010	38.4755
3011	38.4755
3012	38.4755
3006	38.4903
3007	38.4904
3010	38.5556
3011	38.5557
3012	38.5558
3018	38.5708
3019	38.5823
3020	38.5845
3023	38.5896
3020	38.6645
3029	38.6892
3031	38.6966
3032	38.6966
3034	38.7451
3035	38.7452
3036	38.7453
3037	38.7454
3038	38.7455
3029	38.7693
3031	38.7766
3039	38.798
3034	38.8252
3035	38.8253
3037	38.8255
3038	38.8256
3041	38.8568
3042	38.8569
3043	38.857
3044	38.8591
3045	38.8591
3046	38.8591
3047	38.8591
3049	38.9062
3050	38.9063
3041	38.9369
3042	38.937
3045	38.9392
3047	38.9394
3051	38.9674
3052	38.9674
3054	38.9725
3055	38.9725
3049	38.9863
3050	38.9864
3057	39.0197
3058	39.0198
3051	39.0474
3052	39.0475
3055	39.0526
3059	39.0666
3060	39.0667
3065	39.0846
3066	39.0846
3058	39.0999
3059	39.1467
3065	39.1647
3069	39.1754
3071	39.1822
3072	39.1822
3073	39.1822
3075	39.1951
3076	39.1951
3078	39.2452
3069	39.2554
3071	39.2622
3072	39.2623
3080	39.2978
3081	39.2978
3082	39.2978
3083	39.2978
3084	39.2978
3085	39.2978
3087	39.3431
3088	39.3521
3089	39.3624
3081	39.3779
3083	39.3781
3084	39.3782
3085	39.3783
3090	39.4046
3091	39.4083
3092	39.4083
3087	39.4232
3088	39.4322
3089	39.4425
3094	39.4502
3095	39.4502
3096	39.4502
3098	39.4695
3090	39.4847
3091	39.4883
3092	39.4884
3094	39.5302
3096	39.5304
3101	39.5572
3102	39.5572
3103	39.5572
3106	39.5623
3108	39.5673
3109	39.5673
3101	39.6372
3108	39.6474
3109	39.6475
3111	39.6659
3115	39.6726
3117	39.676
3119	39.7278
3120	39.7279
3111	39.7459
3115	39.7527
3117	39.7561
3119	39.8079
3120	39.808
3122	39.8262
3123	39.8263
3124	39.8264
3125	39.8329
3126	39.833
3127	39.835
3128	39.835
3130	39.8883
3131	39.8884
3122	39.9063
3123	39.9064
3125	39.913
3126	39.9131
3127	39.915
3133	39.9401
3134	39.9401
3131	39.9685
3138	39.9953
3139	39.9954
3139	39.9955
3140	39.9955
3133	40.0201
3134	40.0202
3143	40.054
3144	40.054
3145	40.054
3146	40.054
3149	40.059
3143	40.134
3144	40.1341
3145	40.1342
3146	40.1343
3149	40.1391
3153	40.1664
3154	40.1664
3155	40.1664
3159	40.1731
3162	40.2196
3154	40.2465
3164	40.2819
3165	40.2819
3166	40.2819
3167	40.2819
3168	40.2819
3162	40.2997
3171	40.3267
3164	40.362
3165	40.3621
3166	40.3622
3167	40.3623
3168	40.3624
3173	40.38
3174	40.4426
3175	40.4427
3176	40.4428
3177	40.4429
3178	40.443
3179	40.4431
3180	40.4432
3173	40.4601
3181	40.4665
3182	40.4666
3174	40.5227
3175	40.5228
3176	40.5229
3177	40.523
3179	40.5232
3183	40.5403
3182	40.5467
3184	40.6032
3185	40.6034
3186	40.6035
3187	40.6036
3188	40.6037
3189	40.6038
3190	40.6039
3191	40.6083
3183	40.6204
3192	40.6269
3184	40.6833
3185	40.6835
3186	40.6836
3187	40.6837
3188	40.6838
3189	40.6839
3190	40.684
3191	40.6884
3193	40.7006
3192	40.707
3194	40.7635
3195	40.7642
3196	40.7643
3197	40.7644
3198	40.7645
3199	40.7646
3200	40.7647
3201	40.7686
3193	40.7807
3202	40.7872
3194	40.8436
3195	40.8443
3196	40.8444
3197	40.8445
3198	40.8446
3199	40.8447
3200	40.8448
3201	40.8487
3203	40.8609
3202	40.8673
3204	40.9238
3205	40.925
3206	40.9251
3207	40.9252
3208	40.9253
3209	40.9254
3210	40.9255
3211	40.9289
3203	40.941
3212	40.9475
3204	41.0039
3205	41.0051
3206	41.0052
3207	41.0053
3208	41.0054
3209	41.0055
3210	41.0056
3211	41.009
3213	41.0212
3212	41.0276
3214	41.0841
3215	41.0858
3216	41.0859
3217	41.086
3218	41.0861
3219	41.0862
3220	41.0863
3221	41.0892
3213	41.1013
3222	41.1078
3214	41.1642
3220	41.1664
3221	41.1693
3223	41.1815
3222	41.1879
3224	41.1962
3225	41.1962
3226	41.1962
3228	41.203
3229	41.203
3230	41.203
3223	41.2616
3225	41.2764
3228	41.2831
3229	41.2832
3230	41.2833
3233	41.3051
3234	41.3051
3235	41.3051
3238	41.3635
3239	41.3636
3240	41.3637
3241	41.3638
3242	41.3639
3233	41.3851
3234	41.3852
3243	41.4156
3244	41.4156
3238	41.4436
3239	41.4437
3241	41.4439
3242	41.444
3246	41.4657
3247	41.4658
3243	41.4956
3244	41.4957
3248	41.5239
3249	41.5242
3250	41.5243
3250	41.5244
3251	41.5244
3252	41.5244
3253	41.5244
3246	41.5458
3247	41.5459
3248	41.604
3250	41.6044
3251	41.6046
3258	41.6327
3260	41.6394
3261	41.6394
3262	41.6394
3265	41.6852
3266	41.6853
3267	41.6854
3258	41.7127
3261	41.7196
3262	41.7197
3265	41.7653
3267	41.7655
3272	41.7923
3273	41.7923
3274	41.7923
3276	41.8457
3277	41.8458
3278	41.8459
3279	41.846
3280	41.8461
3281	41.8462
3272	41.8723
3273	41.8724
3274	41.8725
3276	41.9258
3277	41.9259
3278	41.926
3279	41.9261
3280	41.9262
3281	41.9263
3282	41.9527
3283	41.9528
3284	41.9529
3285	41.953
3286	41.9566
3287	41.9566
3290	42.0069
3291	42.007
3282	42.0328
3283	42.0329
3287	42.0368
3293	42.0666
3294	42.0666
3295	42.0666
3290	42.087
3297	42.117
3298	42.1171
3299	42.1172
3293	42.1467
3294	42.1468
3295	42.1469
3300	42.1672
3301	42.1673
3302	42.1674
3303	42.1772
3304	42.1772
3297	42.1971
3299	42.1973
3306	42.2258
3307	42.2258
3313	42.2359
3315	42.2859
3306	42.3058
3313	42.316
3316	42.3345
3319	42.3429
3320	42.3429
3321	42.3429
3315	42.366
3323	42.393
3324	42.393
3319	42.423
3327	42.4464
3328	42.4465
3330	42.4533
3324	42.4731
3327	42.5265
3330	42.5334
3335	42.5534
3335	42.5535
3336	42.5535
3338	42.562
3339	42.562
3340	42.562
3342	42.5654
3344	42.614
3335	42.6335
3336	42.6337
3339	42.6422
3342	42.6455
3345	42.6692
3346	42.6692
3347	42.6692
3348	42.6692
3351	42.7226
3352	42.7228
3353	42.7228
3354	42.7228
3346	42.7493
3347	42.7494
3356	42.7797
3357	42.7797
3351	42.8027
3353	42.8029
3359	42.8297
3360	42.8297
3356	42.8598
3357	42.8599
3362	42.8831
3363	42.8832
3364	42.8833
3365	42.8834
3359	42.9097
3367	42.9402
3368	42.9403
3362	42.9632
3365	42.9635
3369	42.9899
3370	42.99
3371	42.9901
3371	42.9902
3367	43.0203
3368	43.0204
3373	43.0435
3374	43.0437
3375	43.0438
3376	43.0439
3369	43.07
3378	43.097
3373	43.1236
3374	43.1238
3380	43.1503
3381	43.1504
3382	43.1505
3378	43.177
3383	43.2038
3384	43.204
3385	43.2041
3386	43.2042
3387	43.2043
3380	43.2304
3382	43.2306
3388	43.2572
3389	43.2573
3390	43.259
3383	43.2839
3384	43.2841
3385	43.2842
3386	43.2843
3388	43.3373
3389	43.3374
3390	43.3391
3393	43.3641
3394	43.3645
3395	43.3646
3396	43.3647
3397	43.3648
3398	43.3677
3399	43.3677
3402	43.4195
3393	43.4442
3394	43.4446
3395	43.4447
3396	43.4448
3399	43.4479
3403	43.4745
3404	43.4745
3406	43.4813
3407	43.4813
3408	43.4813
3402	43.4996
3411	43.5283
3403	43.5546
3404	43.5547
3407	43.5615
3408	43.5616
3412	43.5798
3413	43.585
3414	43.585
3416	43.5902
3417	43.5902
3419	43.5936
3411	43.6084
3412	43.6599
3414	43.6652
3416	43.6703
3419	43.6737
3422	43.7401
3423	43.7402
3424	43.7454
3425	43.7455
3426	43.7505
3427	43.7506
3428	43.7507
3429	43.7539
3430	43.754
3431	43.7541
3422	43.8202
3423	43.8203
3424	43.8255
3425	43.8256
3426	43.8306
3428	43.8308
3432	43.9005
3433	43.9006
3434	43.9058
3435	43.9059
3436	43.9108
3437	43.911
3438	43.9111
3439	43.9112
3440	43.9113
3441	43.9114
3432	43.9806
3433	43.9807
3434	43.9859
3435	43.986
3436	43.9909
3437	43.9911
3438	43.9912
3439	43.9913
3440	43.9914
3441	43.9915
3442	44.0609
3443	44.061
3444	44.0662
3445	44.0663
3446	44.0711
3447	44.0717
3448	44.0718
3449	44.0719
3450	44.072
3451	44.0721
3442	44.141
3443	44.1411
3444	44.1463
3445	44.1464
3446	44.1512
3447	44.1518
3448	44.1519
3449	44.152
3450	44.1521
3451	44.1522
3452	44.2213
3453	44.2214
3454	44.2266
3455	44.2267
3456	44.2314
3457	44.2324
3458	44.2325
3459	44.2326
3460	44.2327
3461	44.2328
3452	44.3014
3453	44.3015
3454	44.3067
3455	44.3068
3456	44.3115
3457	44.3125
3458	44.3126
3459	44.3127
3460	44.3128
3461	44.3129
3462	44.3817
3463	44.3818
3464	44.387
3465	44.3871
3466	44.3917
3467	44.3931
3468	44.3932
3469	44.3933
3470	44.3934
3471	44.3935
3463	44.4619
3464	44.4671
3469	44.4734
3474	44.4957
3476	44.5008
3477	44.5008
3479	44.5042
3481	44.5156
3482	44.5156
3474	44.5758
3482	44.5958
3485	44.6078
3486	44.6078
3489	44.6129
3491	44.6244
3492	44.6244
3494	44.6828
3485	44.6879
3489	44.693
3491	44.7045
3492	44.7046
3496	44.7199
3497	44.7199
3499	44.7315
3500	44.7315
3502	44.7366
3503	44.7366
3505	44.7949
3496	44.8
3497	44.8001
3500	44.8117
3502	44.8167
3507	44.8321
3508	44.8321
3511	44.8436
3513	44.8487
3514	44.8487
3507	44.9122
3508	44.9123
3511	44.9237
3513	44.9288
3518	44.9443
3519	44.9443
3523	44.966
3524	44.966
3525	44.966
3526	44.966
3518	45.0244
3519	45.0245
3524	45.0462
3525	45.0463
3526	45.0464
3530	45.0565
3534	45.0767
3535	45.0767
3539	45.1332
3530	45.1366
3534	45.1568
3535	45.1569
3540	45.1652
3543	45.1838
3546	45.1889
3549	45.2401
3540	45.2453
3546	45.269
3550	45.2959
3551	45.2959
3552	45.2959
3553	45.2959
3554	45.2959
3555	45.2959
3549	45.3202
3550	45.376
3551	45.3761
3552	45.3762
3554	45.3764
3560	45.4082
3561	45.4082
3562	45.4082
3565	45.4167
3566	45.4167
3567	45.4167
3560	45.4883
3562	45.4885
3565	45.4968
3566	45.4969
3567	45.497
3570	45.5203
3571	45.5203
3572	45.5203
3574	45.5256
3575	45.5256
3577	45.5774
3578	45.5775
3579	45.5776
3570	45.6004
3572	45.6006
3574	45.6057
3575	45.6058
3580	45.6358
3581	45.6358
3582	45.6358
3583	45.6358
3584	45.6358
3577	45.6575
3578	45.6576
3586	45.6862
3580	45.7159
3582	45.7161
3584	45.7163
3587	45.7378
3588	45.7379
3589	45.738
3590	45.7445
3592	45.7965
3593	45.7966
3594	45.7967
3595	45.7968
3596	45.7969
3588	45.818
3589	45.8181
3590	45.8246
3597	45.8447
3598	45.8515
3599	45.8515
3601	45.8549
3604	45.86
3596	45.877
3597	45.9248
3601	45.935
3604	45.9401
3607	45.9619
3608	45.9619
3609	45.9619
3610	45.9619
3612	46.0153
3613	46.0154
3614	46.0203
3615	46.0204
3616	46.0205
3607	46.042
3609	46.0422
3610	46.0423
3612	46.0953
3615	46.1004
3616	46.1005
3617	46.1221
3618	46.1224
3619	46.1225
3620	46.1226
3621	46.1227
3622	46.124
3624	46.1275
3626	46.1808
3617	46.2022
3618	46.2025
3619	46.2026
3620	46.2027
3621	46.2028
3624	46.2075
3627	46.2309
3629	46.2343
3631	46.2377
3626	46.2609
3633	46.2835
3634	46.2877
3635	46.2878
3627	46.3109
3636	46.3379
3638	46.3413
3640	46.3447
3633	46.3636
3634	46.3678
3635	46.3679
3642	46.3916
3638	46.4213
3640	46.4247
3643	46.4438
3644	46.4481
3645	46.4482
3645	46.4483
3646	46.4483
3647	46.4483
3649	46.4517
3643	46.5239
3644	46.5282
3645	46.5283
3647	46.5286
3649	46.5317
3653	46.557
3654	46.557
3658	46.5672
3659	46.5672
3660	46.5672
3662	46.6122
3653	46.637
3658	46.6472
3660	46.6474
3663	46.6657
3665	46.6691
3667	46.6759
3668	46.6759
3672	46.7279
3663	46.7457
3665	46.7491
3667	46.7559
3673	46.7744
3675	46.7778
3672	46.808
3677	46.835
3678	46.835
3679	46.835
3680	46.835
3681	46.835
3683	46.8401
3684	46.8401
3686	46.8886
3677	46.915
3678	46.9151
3680	46.9153
3681	46.9154
3686	46.9687
3687	46.9735
3688	46.9735
3689	46.9735
3690	46.9735
3691	46.9735
3692	46.9735
3693	46.9735
3696	47.0489
3687	47.0535
3688	47.0536
3689	47.0537
3690	47.0538
3691	47.0539
3692	47.054
3693	47.0541
3696	47.129
3697	47.1343
3698	47.1344
3699	47.1345
3700	47.1346
3701	47.1347
3702	47.1348
3703	47.1349
3704	47.135
3705	47.1351
3706	47.2092
3697	47.2144
3698	47.2145
3699	47.2146
3700	47.2147
3701	47.2148
3702	47.2149
3703	47.215
3704	47.2151
3705	47.2152
3706	47.2893
3707	47.2954
3708	47.2955
3709	47.2956
3710	47.2957
3711	47.2958
3712	47.2959
3713	47.296
3714	47.2961
3715	47.2962
3716	47.3695
3707	47.3755
3708	47.3756
3709	47.3757
3710	47.3758
3711	47.3759
3712	47.376
3713	47.3761
3714	47.3762
3715	47.3763
3716	47.4496
3717	47.4565
3718	47.4566
3719	47.4567
3720	47.4568
3721	47.4569
3722	47.457
3723	47.4571
3724	47.4572
3725	47.4573
3726	47.5298
3717	47.5366
3718	47.5367
3719	47.5368
3720	47.5369
3721	47.537
3722	47.5371
3723	47.5372
3724	47.5373
3725	47.5374
3726	47.6099
3727	47.6176
3728	47.6177
3729	47.6178
3730	47.6179
3731	47.618
3732	47.6181
3733	47.6182
3734	47.6183
3735	47.6184
3736	47.6901
3727	47.6977
3729	47.6979
3730	47.698
3731	47.6981
3732	47.6982
3733	47.6983
3734	47.6984
3735	47.6985
3739	47.7361
3740	47.7361
3741	47.7361
3743	47.7562
3744	47.7562
3745	47.7562
3746	47.7562
3747	47.7562
3739	47.8161
3741	47.8163
3743	47.8362
3744	47.8363
3745	47.8364
3746	47.8365
3749	47.8482
3750	47.8482
3751	47.8482
3753	47.9167
3754	47.9168
3755	47.9169
3756	47.917
3757	47.9171
3758	47.9172
3749	47.9282
3751	47.9284
3760	47.9738
3761	47.9738
3762	47.9738
3763	47.9738
3764	47.9738
3757	47.9972
3758	47.9973
3766	48.026
3767	48.026
3760	48.0538
3761	48.0539
3762	48.054
3763	48.0541
3764	48.0542
3769	48.0777
3770	48.0863
3771	48.0863
3772	48.0863
3766	48.106
3767	48.1061
3774	48.1331
3775	48.1331
3777	48.1365
3769	48.1578
3770	48.1663
3772	48.1665
3779	48.195
3780	48.195
3782	48.1984
3777	48.2165
3784	48.2452
3785	48.2452
3786	48.2452
3787	48.2452
3779	48.275
3780	48.2751
3782	48.2784
3785	48.3253
3786	48.3254
3787	48.3255
3789	48.3553
3790	48.3554
3791	48.3555
3792	48.3586
3793	48.3587
3794	48.3588
3795	48.4057
3796	48.4058
3797	48.4059
3798	48.406
3789	48.4354
3790	48.4355
3793	48.4388
3794	48.4389
3800	48.471
3801	48.471
3802	48.471
3803	48.471
3805	48.4743
3798	48.4861
3808	48.5148
3801	48.5511
3802	48.5512
3803	48.5513
3805	48.5544
3810	48.5778
3813	48.5885
3814	48.5885
3815	48.5885
3816	48.5885
3808	48.5948
3818	48.6349
3819	48.6349
3820	48.6349
3821	48.6349
3815	48.6687
3816	48.6688
3818	48.7149
3819	48.715
3820	48.7151
3821	48.7152
3825	48.7422
3826	48.7422
3827	48.7422
3829	48.7456
3833	48.7959
3834	48.796
3825	48.8222
3826	48.8223
3829	48.8256
3836	48.8544
3837	48.8544
3839	48.8578
3833	48.876
3841	48.903
3842	48.903
3845	48.9081
3837	48.9345
3839	48.9378
3847	48.9632
3842	48.9831
3845	48.9881
3852	49.0118
3854	49.0152
3847	49.0432
3858	49.0736
3860	49.077
3852	49.0918
3854	49.0952
3862	49.1256
3863	49.1256
3864	49.1256
3865	49.1256
3860	49.157
3869	49.1805
3863	49.2057
3864	49.2058
3865	49.2059
3872	49.2329
3874	49.2363
3869	49.2606
3876	49.2864
3877	49.2865
3878	49.2866
3872	49.3129
3879	49.3399
3880	49.3399
3881	49.3399
3883	49.3433
3876	49.3665
3877	49.3666
3878	49.3667
3886	49.3971
3887	49.3971
3880	49.42
3881	49.4201
3883	49.4233
3890	49.4539
3891	49.4539
3892	49.4539
3893	49.4539
3886	49.4771
3887	49.4772
3891	49.534
3892	49.5341
3893	49.5342
3897	49.5575
3898	49.5576
3899	49.5577
3900	49.5607
3902	49.6145
3903	49.6146
3904	49.6147
3905	49.6148
3906	49.6149
3897	49.6376
3898	49.6377
3899	49.6378
3900	49.6408
3907	49.6699
3908	49.6699
3909	49.6699
3911	49.6732
3903	49.6947
3905	49.6949
3906	49.695
3907	49.7499
3908	49.75
3909	49.7501
3911	49.7533
3915	49.7753
3916	49.7754
3917	49.7822
3918	49.7822
3919	49.7822
3921	49.7855
3915	49.8554
3916	49.8555
3918	49.8623
3919	49.8624
3921	49.8656
3928	49.8911
3930	49.8978
3931	49.8978
3932	49.8978
3934	49.9127
3935	49.9127
3936	49.9127
3928	49.9711
3930	49.9779
3935	49.9928
3936	49.9929
3938	50.0066
3939	50.0066
3940	50.0066
3942	50.0117
3943	50.0117
3945	50.0216
3947	50.0733
3938	50.0866
3939	50.0867
3940	50.0868
3942	50.0917
3945	50.1016
3948	50.1155
3950	50.1189
3954	50.1303
3955	50.1303
3947	50.1534
3950	50.1989
3954	50.2103
3957	50.2276
3958	50.2276
3959	50.2276
3960	50.2276
3962	50.2552
3963	50.2552
3965	50.2595
3957	50.3076
3958	50.3077
3960	50.3079
3962	50.3352
3963	50.3353
3965	50.3395
3967	50.3879
3968	50.3881
3969	50.3882
3970	50.3883
3971	50.3884
3972	50.4155
3973	50.4156
3974	50.4157
3975	50.4197
3976	50.4198
3967	50.468
3968	50.4682
3969	50.4683
3970	50.4684
3971	50.4685
3972	50.4956
3973	50.4957
3974	50.4958
3975	50.4998
3976	50.4999
3977	50.5482
3978	50.5487
3979	50.5488
3980	50.5489
3981	50.549
3982	50.576
3983	50.5761
3984	50.5762
3985	50.5801
3986	50.5802
3977	50.6283
3978	50.6288
3979	50.6289
3980	50.629
3981	50.6291
3982	50.6561
3983	50.6562
3984	50.6563
3985	50.6602
3986	50.6603
3987	50.7085
3988	50.7093
3989	50.7094
3990	50.7095
3991	50.7096
3992	50.7365
3993	50.7366
3994	50.7367
3995	50.7405
3996	50.7406
3987	50.7886
3988	50.7894
3989	50.7895
3990	50.7896
3991	50.7897
3992	50.8166
3993	50.8167
3994	50.8168
3995	50.8206
3996	50.8207
3997	50.8688
3998	50.8699
3999	50.87
4000	50.8701
4001	50.8702
4002	50.897
4003	50.8971
4004	50.8972
4005	50.9009
4006	50.901
3997	50.9489
3998	50.95
3999	50.9501
4000	50.9502
4001	50.9503
4002	50.9771
4003	50.9772
4004	50.9773
4005	50.981
4006	50.9811
4007	51.0291
4007	51.0291
4008	51.0291
4009	51.0291
4010	51.0291
4011	51.0291
4014	51.0359
4015	51.0359
4007	51.1092
4008	51.1094
4009	51.1095
4015	51.116
4018	51.1412
4019	51.1412
4023	51.148
4025	51.163
4026	51.163
4018	51.2213
4019	51.2214
4023	51.2281
4026	51.2431
4029	51.2551
4030	51.2551
4031	51.2551
4035	51.2701
4037	51.3088
4038	51.3088
4030	51.3353
4035	51.3501
4042	51.3673
4044	51.3771
4037	51.3888
4046	51.4192
4047	51.4192
4048	51.4192
4042	51.4474
4044	51.4571
4050	51.4693
4051	51.4694
4052	51.4761
4046	51.4992
4047	51.4993
4054	51.5263
4055	51.5263
4057	51.5313
4058	51.5313
4050	51.5494
4051	51.5495
4052	51.5561
4054	51.6063
4055	51.6064
4057	51.6114
4058	51.6115
4063	51.6351
4064	51.6351
4068	51.6918
4069	51.6919
4070	51.692
4070	51.6921
4071	51.6921
4072	51.6921
4073	51.6921
4074	51.6921
4076	51.6954
4068	51.7719
4070	51.7721
4071	51.7723
4072	51.7724
4073	51.7725
4078	51.8006
4080	51.8056
4081	51.8056
4083	51.853
4084	51.8531
4085	51.8532
4086	51.8533
4087	51.8534
4080	51.8857
4081	51.8858
4088	51.9074
4089	51.9075
4083	51.9331
4084	51.9332
4085	51.9333
4086	51.9334
4087	51.9335
4091	51.9605
4092	51.9605
4089	51.9876
4095	52.0139
4096	52.014
4097	52.0141
4098	52.0143
4091	52.0405
4092	52.0406
4102	52.0709
4097	52.0942
4106	52.1212
4108	52.1245
4102	52.151
4110	52.1747
4111	52.1748
4112	52.1797
4106	52.2012
4108	52.2046
4115	52.2315
4112	52.2597
4116	52.2814
4117	52.2815
4118	52.2848
4119	52.2849
4120	52.285
4121	52.2851
4115	52.3116
4122	52.3386
4123	52.3386
4124	52.3386
4118	52.3649
4120	52.3651
4121	52.3652
4127	52.3919
4123	52.4187
4124	52.4188
4131	52.4456
4132	52.4457
4133	52.4474
4127	52.4719
4136	52.4989
4131	52.5257
4133	52.5275
4141	52.5543
4143	52.5577
4136	52.5789
4146	52.6075
4148	52.6109
4141	52.6344
4143	52.6378
4150	52.6595
4151	52.6664
4152	52.6664
4153	52.6664
4148	52.691
4155	52.718
4156	52.718
4157	52.718
4150	52.7396
4151	52.7465
4153	52.7467
4159	52.7713
4160	52.7735
4162	52.7785
4163	52.7785
4156	52.7981
4165	52.8251
4159	52.8514
4160	52.8535
4162	52.8586
4167	52.8784
4168	52.8785
4169	52.8821
4170	52.8821
4172	52.8889
4173	52.8889
4175	52.9391
4176	52.9392
4168	52.9586
4172	52.969
4173	52.9691
4177	52.9853
4178	52.9994
4179	52.9994
4180	52.9994
4181	52.9994
4182	52.9994
4183	52.9994
4175	53.0192
4176	53.0193
4177	53.0654
4179	53.0796
4183	53.08
4186	53.0996
4187	53.1082
4188	53.1082
4189	53.1082
4191	53.1116
4193	53.1603
4194	53.1604
4195	53.1605
4186	53.1797
4187	53.1883
4196	53.2152
4199	53.2237
4200	53.2237
4201	53.2237
4203	53.2271
4195	53.2406
4196	53.2953
4206	53.3273
4207	53.3273
4208	53.3273
4211	53.3324
4207	53.4075
4208	53.4076
4211	53.4125
4216	53.4342
4217	53.4413
4218	53.4413
4219	53.4413
4220	53.4413
4223	53.4929
4224	53.493
4225	53.4931
4217	53.5214
4218	53.5215
4219	53.5216
4220	53.5217
4226	53.5411
4223	53.573
4224	53.5731
4225	53.5732
4227	53.6019
4228	53.602
4229	53.6021
4230	53.6022
4231	53.6023
4232	53.6024
4226	53.6212
4233	53.6534
4234	53.6535
4235	53.6536
4227	53.682
4228	53.6821
4229	53.6822
4230	53.6823
4231	53.6824
4232	53.6825
4236	53.7014
4234	53.7336
4237	53.7627
4238	53.7628
4239	53.7629
4240	53.763
4241	53.7631
4242	53.7632
4243	53.7742
4236	53.7815
4244	53.8138
4245	53.8139
4237	53.8428
4238	53.8429
4239	53.843
4240	53.8431
4241	53.8432
4242	53.8433
4243	53.8543
4246	53.8617
4244	53.8939
4245	53.894
4247	53.9235
4248	53.9236
4249	53.9237
4250	53.9238
4251	53.9239
4252	53.924
4253	53.9345
4246	53.9418
4254	53.9742
4255	53.9743
4247	54.0036
4248	54.0037
4249	54.0038
4250	54.0039
4251	54.004
4252	54.0041
4253	54.0146
4256	54.022
4254	54.0543
4255	54.0544
4257	54.0843
4258	54.0844
4259	54.0845
4260	54.0846
4261	54.0847
4262	54.0848
4263	54.0948
4256	54.1021
4264	54.1346
4265	54.1347
4257	54.1644
4258	54.1645
4259	54.1646
4260	54.1647
4261	54.1648
4262	54.1649
4263	54.1749
4266	54.1823
4264	54.2147
4265	54.2148
4267	54.2451
4268	54.2452
4269	54.2453
4270	54.2454
4271	54.2455
4272	54.2456
4273	54.2551
4266	54.2624
4274	54.295
4275	54.2951
4268	54.3253
4273	54.3352
4276	54.3426
4277	54.3573
4278	54.3573
4279	54.3573
4280	54.3573
4274	54.3751
4275	54.3752
4282	54.4055
4283	54.4055
4284	54.4055
4285	54.4055
4279	54.4376
4280	54.4377
4287	54.4642
4288	54.4659
4289	54.4663
4282	54.4856
4283	54.4857
4285	54.4859
4293	54.5194
4294	54.5194
4295	54.5194
4287	54.5443
4288	54.546
4293	54.5995
4294	54.5996
4295	54.5997
4299	54.6263
4300	54.6264
4301	54.6265
4302	54.6266
4303	54.6799
4304	54.68
4305	54.6801
4306	54.6802
4307	54.6803
4308	54.6804
4299	54.7064
4300	54.7065
4309	54.7351
4303	54.76
4304	54.7601
4307	54.7604
4311	54.7869
4312	54.787
4313	54.7887
4315	54.7921
4309	54.8152
4317	54.8408
4318	54.8409
4319	54.8455
4320	54.8455
4312	54.8671
4313	54.8688
4322	54.8957
4324	54.8991
4317	54.9209
4318	54.921
4319	54.9256
4320	54.9257
4328	54.9526
4330	54.9594
4331	54.9594
4332	54.9594
4324	54.9792
4334	55.0095
4335	55.0095
4328	55.0327
4330	55.0395
4331	55.0396
4338	55.0665
4339	55.0665
4334	55.0896
4335	55.0897
4338	55.1466
4339	55.1467
4344	55.1699
4345	55.17
4346	55.1701
4347	55.1702
4348	55.1753
4350	55.2271
4351	55.2272
4352	55.2273
4353	55.2274
4345	55.2501
4346	55.2502
4347	55.2503
4348	55.2554
4354	55.2768
4356	55.2806
4359	55.2891
4360	55.2891
4361	55.2891
4353	55.3075
4354	55.3569
4356	55.3607
4360	55.3693
4361	55.3694
4363	55.3877
4364	55.391
4365	55.391
4366	55.391
4367	55.391
4369	55.4412
4370	55.4413
4371	55.4413
4372	55.4413
4367	55.4714
4374	55.4979
4375	55.4983
4376	55.4983
4369	55.5213
4370	55.5214
4371	55.5215
4372	55.5216
4379	55.5502
4374	55.578
4375	55.5784
4381	55.602
4382	55.6021
4383	55.6022
4384	55.61
4385	55.61
4386	55.61
4379	55.6303
4390	55.6623
4391	55.6623
4383	55.6823
4384	55.6901
4385	55.6902
4386	55.6903
4393	55.724
4394	55.724
4395	55.724
4396	55.724
4397	55.724
4390	55.7424
4391	55.7425
4399	55.7694
4396	55.8044
4397	55.8045
4402	55.8229
4403	55.8309
4404	55.8314
4405	55.8314
4407	55.8348
4410	55.8765
4411	55.8765
4404	55.9115
4405	55.9116
4413	55.9378
4414	55.9419
4415	55.9419
4410	55.9566
4411	55.9567
4418	55.9836
4419	55.9836
4421	55.987
4424	56.0006
4425	56.0006
4426	56.0006
4418	56.0637
4421	56.0671
4424	56.0806
4425	56.0807
4426	56.0808
4428	56.0974
4429	56.0974
4430	56.0974
4431	56.0974
4434	56.1095
4436	56.1612
4437	56.1613
4428	56.1774
4429	56.1775
4430	56.1776
4434	56.1895
4438	56.2182
4439	56.2182
4440	56.2182
4441	56.2182
4442	56.2182
4443	56.2182
4444	56.2182
4436	56.2413
4437	56.2414
4446	56.2701
4438	56.2982
4439	56.2983
4443	56.2987
4449	56.3287
4446	56.3501
4452	56.3771
4453	56.3771
4454	56.3771
4455	56.3771
4449	56.4087
4457	56.4304
4458	56.4305
4459	56.4374
4453	56.4572
4454	56.4573
4455	56.4574
4462	56.4861
4463	56.4861
4457	56.5105
4466	56.5379
4467	56.5426
4468	56.5426
4469	56.5426
4462	56.5661
4472	56.5965
4473	56.5965
4466	56.618
4468	56.6227
4469	56.6228
4475	56.645
4477	56.6498
4472	56.6765
4473	56.6766
4480	56.7032
4481	56.7033
4482	56.7104
4483	56.7104
4484	56.7104
4485	56.7104
4477	56.7298
4480	56.7833
4481	56.7834
4482	56.7904
4483	56.7905
4492	56.8192
4494	56.8226
4496	56.826
4498	56.8713
4499	56.8714
4500	56.8904
4501	56.8921
4494	56.9026
4496	56.906
4498	56.9514
4499	56.9515
4502	56.9552
4503	56.9553
4500	56.9705
4501	56.9722
4504	56.9828
4505	56.9829
4506	56.9862
4507	56.9863
4508	57.0317
4509	57.0318
4510	57.0507
4511	57.0524
4504	57.0629
4505	57.063
4506	57.0663
4507	57.0664
4512	57.0825
4513	57.0842
4508	57.1118
4509	57.1119
4510	57.1308
4511	57.1325
4514	57.1432
4515	57.1433
4516	57.1466
4517	57.1467
4512	57.1626
4513	57.1643
4518	57.1921
4519	57.1922
4520	57.211
4521	57.2127
4514	57.2233
4515	57.2234
4516	57.2267
4517	57.2268
4522	57.2428
4523	57.2445
4518	57.2722
4519	57.2723
4520	57.2911
4521	57.2928
4524	57.3036
4525	57.3037
4526	57.307
4527	57.3071
4522	57.3229
4523	57.3246
4528	57.3525
4529	57.3526
4530	57.3713
4531	57.373
4524	57.3837
4525	57.3838
4526	57.3871
4527	57.3872
4532	57.4031
4533	57.4048
4528	57.4326
4529	57.4327
4530	57.4514
4531	57.4531
4534	57.464
4535	57.4641
4536	57.4674
4537	57.4675
4532	57.4832
4533	57.4849
4538	57.5129
4539	57.513
4540	57.5316
4541	57.5333
4534	57.5441
4535	57.5442
4536	57.5475
4537	57.5476
4542	57.5634
4543	57.5651
4538	57.593
4539	57.5931
4540	57.6117
4544	57.6241
4545	57.6241
4547	57.6279
4548	57.6326
4543	57.6452
4552	57.6921
4547	57.708
4548	57.7126
4553	57.7254
4554	57.731
4555	57.7327
4556	57.7328
4558	57.7413
4552	57.7722
4560	57.793
4561	57.7931
4562	57.8009
4554	57.8111
4555	57.8128
4556	57.8129
4560	57.8731
4561	57.8732
4562	57.8809
4564	57.8913
4565	57.8931
4566	57.8932
4567	57.8933
4568	57.8934
4569	57.8935
4570	57.9079
4571	57.9079
4566	57.9733
4568	57.9735
4569	57.9736
4574	57.9982
4575	58
4578	58.0054
4580	58.0541
4581	58.0542
4582	58.0543
4583	58.0544
4574	58.0783
4578	58.0854
4585	58.1104
4586	58.1104
4581	58.1343
4582	58.1344
4583	58.1345
4590	58.1649
4591	58.1649
4592	58.1649
4585	58.1904
4594	58.215
4595	58.2242
4596	58.2242
4597	58.2242
4598	58.2242
4590	58.2449
4591	58.245
4592	58.2451
4601	58.2755
4594	58.2951
4595	58.3042
4596	58.3043
4597	58.3044
4603	58.3221
4601	58.3555
4605	58.3846
4606	58.3847
4607	58.3848
4608	58.3849
4609	58.385
4610	58.3851
4611	58.3859
4612	58.3859
4606	58.4648
4607	58.4649
4608	58.465
4609	58.4651
4611	58.4659
4615	58.4915
4616	58.4972
4617	58.4972
4618	58.4972
4620	58.5023
4621	58.5023
4623	58.5463
4624	58.5464
4615	58.5716
4616	58.5772
4617	58.5773
4618	58.5774
4625	58.6095
4626	58.6095
4627	58.6095
4628	58.6095
4624	58.6265
4630	58.6535
4631	58.6535
4632	58.6535
4633	58.6535
4626	58.6896
4627	58.6897
4628	58.6898
4635	58.7163
4630	58.7335
4636	58.7639
4637	58.7639
4638	58.7639
4639	58.7639
4640	58.7639
4641	58.7639
4635	58.7964
4643	58.814
4644	58.8141
4637	58.844
4638	58.8441
4639	58.8442
4640	58.8443
4641	58.8444
4645	58.8714
4646	58.8714
4649	58.8765
4651	58.8799
4643	58.8941
4644	58.8942
4645	58.9514
4646	58.9515
4649	58.9565
4651	58.9599
4653	58.9744
4654	58.9745
4655	59.0281
4656	59.0281
4657	59.0281
4658	59.0281
4659	59.0281
4660	59.0281
4661	59.0281
4662	59.0281
4664	59.0817
4656	59.1082
4657	59.1083
4659	59.1085
4661	59.1087
4662	59.1088
4666	59.1421
4667	59.1421
4668	59.1421
4669	59.1421
4671	59.1454
4664	59.1617
4673	59.1895
4674	59.1957
4675	59.1957
4667	59.2222
4668	59.2223
4669	59.2224
4671	59.2255
4678	59.2528
4680	59.2562
4683	59.3059
4684	59.306
4685	59.3061
4686	59.3062
4687	59.3064
4680	59.3362
4690	59.3666
4691	59.3666
4683	59.386
4684	59.3861
4686	59.3863
4687	59.3864
4693	59.4232
4694	59.4232
4695	59.4232
4696	59.4232
4697	59.4232
4698	59.4232
4690	59.4466
4691	59.4467
4700	59.4771
4701	59.4771
4693	59.5033
4694	59.5034
4695	59.5035
4696	59.5036
4698	59.5038
4707	59.5407
4708	59.5407
4701	59.5572
4711	59.5893
4712	59.5893
4713	59.5893
4707	59.6208
4708	59.6209
4715	59.6378
4716	59.6379
4717	59.653
4718	59.653
4719	59.653
4711	59.6693
4712	59.6694
4713	59.6695
4724	59.7049
4725	59.7049
4717	59.733
4727	59.7634
4728	59.7634
4730	59.7718
4731	59.7718
4732	59.7718
4733	59.7718
4736	59.8141
4738	59.8204
4730	59.8519
4732	59.8521
4740	59.884
4741	59.884
4742	59.884
4736	59.8942
4738	59.9004
4744	59.9326
4745	59.9327
4746	59.9376
4747	59.9376
4748	59.9376
4749	59.9376
4742	59.9642
4744	60.0127
4746	60.0176
4747	60.0177
4748	60.0178
4749	60.0179
